Archive member included because of file (symbol)

/storage_b/Dropbox/NXPWorkspace/lpc_chip_82x/Debug/liblpc_chip_82x.a(adc_8xx.o)
                              ./src/bicorder.o (Chip_ADC_Init)
/storage_b/Dropbox/NXPWorkspace/lpc_chip_82x/Debug/liblpc_chip_82x.a(chip_8xx.o)
                              ./src/bicorder.o (SystemCoreClockUpdate)
/storage_b/Dropbox/NXPWorkspace/lpc_chip_82x/Debug/liblpc_chip_82x.a(clock_8xx.o)
                              ./src/bicorder.o (Chip_Clock_GetSystemClockRate)
/storage_b/Dropbox/NXPWorkspace/lpc_chip_82x/Debug/liblpc_chip_82x.a(gpio_8xx.o)
                              ./src/sysinit.o (Chip_GPIO_Init)
/storage_b/Dropbox/NXPWorkspace/lpc_chip_82x/Debug/liblpc_chip_82x.a(i2c_common_8xx.o)
                              ./src/MoonLander-i2c.o (Chip_I2C_Init)
/storage_b/Dropbox/NXPWorkspace/lpc_chip_82x/Debug/liblpc_chip_82x.a(i2cm_8xx.o)
                              ./src/MoonLander-i2c.o (Chip_I2CM_SetBusSpeed)
/storage_b/Dropbox/NXPWorkspace/lpc_chip_82x/Debug/liblpc_chip_82x.a(iocon_8xx.o)
                              ./src/sysinit.o (Chip_IOCON_PinSetMode)
/storage_b/Dropbox/NXPWorkspace/lpc_chip_82x/Debug/liblpc_chip_82x.a(pmu_8xx.o)
                              ./src/bicorder.o (Chip_PMU_SleepState)
/storage_b/Dropbox/NXPWorkspace/lpc_chip_82x/Debug/liblpc_chip_82x.a(spi_8xx.o)
                              ./src/eGFX_Driver_C12832A_LPC824.o (Chip_SPI_DelayConfig)
/storage_b/Dropbox/NXPWorkspace/lpc_chip_82x/Debug/liblpc_chip_82x.a(spim_8xx.o)
                              ./src/eGFX_Driver_C12832A_LPC824.o (Chip_SPIM_SetClockRate)
/storage_b/Dropbox/NXPWorkspace/lpc_chip_82x/Debug/liblpc_chip_82x.a(swm_8xx.o)
                              ./src/sysinit.o (Chip_SWM_MovablePinAssign)
/storage_b/Dropbox/NXPWorkspace/lpc_chip_82x/Debug/liblpc_chip_82x.a(syscon_8xx.o)
                              /storage_b/Dropbox/NXPWorkspace/lpc_chip_82x/Debug/liblpc_chip_82x.a(adc_8xx.o) (Chip_SYSCTL_PowerDown)
/storage_b/Dropbox/NXPWorkspace/lpc_chip_82x/Debug/liblpc_chip_82x.a(sysinit_8xx.o)
                              ./src/sysinit.o (Chip_SetupXtalClocking)
/storage_b/Dropbox/NXPWorkspace/lpc_chip_82x/Debug/liblpc_chip_82x.a(irc_8xx.o)
                              /storage_b/Dropbox/NXPWorkspace/lpc_chip_82x/Debug/liblpc_chip_82x.a(sysinit_8xx.o) (Chip_IRC_SetFreq)
/usr/local/lpcxpresso_8.0.0_526/lpcxpresso/tools/bin/../lib/gcc/arm-none-eabi/4.9.3/../../../../arm-none-eabi/lib/armv6-m/libcr_nohost.a(_cr__main.o)
                              ./src/cr_startup_lpc82x.o (__main)
/usr/local/lpcxpresso_8.0.0_526/lpcxpresso/tools/bin/../lib/gcc/arm-none-eabi/4.9.3/../../../../arm-none-eabi/lib/armv6-m/libcr_c.a(memcpy.o)
                              ./eGFX/SRC/eGFX.o (memcpy)
/usr/local/lpcxpresso_8.0.0_526/lpcxpresso/tools/bin/../lib/gcc/arm-none-eabi/4.9.3/../../../../arm-none-eabi/lib/armv6-m/libcr_c.a(atan.o)
                              ./src/bicorder-compass.o (atan)
/usr/local/lpcxpresso_8.0.0_526/lpcxpresso/tools/bin/../lib/gcc/arm-none-eabi/4.9.3/../../../../arm-none-eabi/lib/armv6-m/libcr_c.a(fabs.o)
                              ./eGFX/SRC/eGFX.o (fabs)
/usr/local/lpcxpresso_8.0.0_526/lpcxpresso/tools/bin/../lib/gcc/arm-none-eabi/4.9.3/../../../../arm-none-eabi/lib/armv6-m/libcr_c.a(fpprintf.o)
                              ./src/bicorder-plotter.o (sprintf)
/usr/local/lpcxpresso_8.0.0_526/lpcxpresso/tools/bin/../lib/gcc/arm-none-eabi/4.9.3/../../../../arm-none-eabi/lib/armv6-m/libcr_c.a(initio.o)
                              /usr/local/lpcxpresso_8.0.0_526/lpcxpresso/tools/bin/../lib/gcc/arm-none-eabi/4.9.3/../../../../arm-none-eabi/lib/armv6-m/libcr_nohost.a(_cr__main.o) (_initio)
/usr/local/lpcxpresso_8.0.0_526/lpcxpresso/tools/bin/../lib/gcc/arm-none-eabi/4.9.3/../../../../arm-none-eabi/lib/armv6-m/libcr_c.a(pow.o)
                              ./src/bicorder.o (pow)
/usr/local/lpcxpresso_8.0.0_526/lpcxpresso/tools/bin/../lib/gcc/arm-none-eabi/4.9.3/../../../../arm-none-eabi/lib/armv6-m/libcr_c.a(printf.o)
                              /usr/local/lpcxpresso_8.0.0_526/lpcxpresso/tools/bin/../lib/gcc/arm-none-eabi/4.9.3/../../../../arm-none-eabi/lib/armv6-m/libcr_c.a(fpprintf.o) (__vfprintf)
/usr/local/lpcxpresso_8.0.0_526/lpcxpresso/tools/bin/../lib/gcc/arm-none-eabi/4.9.3/../../../../arm-none-eabi/lib/armv6-m/libcr_c.a(setvbuf.o)
                              /usr/local/lpcxpresso_8.0.0_526/lpcxpresso/tools/bin/../lib/gcc/arm-none-eabi/4.9.3/../../../../arm-none-eabi/lib/armv6-m/libcr_c.a(initio.o) (setvbuf)
/usr/local/lpcxpresso_8.0.0_526/lpcxpresso/tools/bin/../lib/gcc/arm-none-eabi/4.9.3/../../../../arm-none-eabi/lib/armv6-m/libcr_c.a(stdio.o)
                              /usr/local/lpcxpresso_8.0.0_526/lpcxpresso/tools/bin/../lib/gcc/arm-none-eabi/4.9.3/../../../../arm-none-eabi/lib/armv6-m/libcr_c.a(fpprintf.o) (__Ciob)
[...]
Memory Configuration

Name             Origin             Length             Attributes
MFlash32         0x00000000         0x00008000         xr
RamLoc8          0x10000000         0x00002000         xrw
*default*        0x00000000         0xffffffff

Linker script and memory map

LOAD ./src/MoonLander-i2c.o
LOAD ./src/aeabi_romdiv_patch.o
LOAD ./src/bicorder-compass.o
LOAD ./src/bicorder-plotter.o
LOAD ./src/bicorder.o
LOAD ./src/cr_startup_lpc82x.o
LOAD ./src/crp.o
LOAD ./src/eGFX_Driver_C12832A_LPC824.o
LOAD ./src/hmc5883l.o
LOAD ./src/htu21d.o
LOAD ./src/mtb.o
LOAD ./src/sysinit.o
LOAD ./eGFX/SRC/Fonts/FONT_3_5_1BPP.o
LOAD ./eGFX/SRC/Fonts/FONT_3_5_4BPP.o
LOAD ./eGFX/SRC/Fonts/FONT_3_5_8BPP.o
LOAD ./eGFX/SRC/Fonts/FONT_5_7_1BPP.o
LOAD ./eGFX/SRC/Fonts/FONT_5_7_4BPP.o
LOAD ./eGFX/SRC/Fonts/FONT_5_7_8BPP.o
LOAD ./eGFX/SRC/eGFX.o
LOAD ./eGFX/SRC/eGFX_BMP.o
LOAD /storage_b/Dropbox/NXPWorkspace/lpc_chip_82x/Debug/liblpc_chip_82x.a
START GROUP
LOAD /usr/local/lpcxpresso_8.0.0_526/lpcxpresso/tools/bin/../lib/gcc/arm-none-eabi/4.9.3/../../../../arm-none-eabi/lib/armv6-m/libcr_nohost.a
LOAD /usr/local/lpcxpresso_8.0.0_526/lpcxpresso/tools/bin/../lib/gcc/arm-none-eabi/4.9.3/../../../../arm-none-eabi/lib/armv6-m/libcr_c.a
LOAD /usr/local/lpcxpresso_8.0.0_526/lpcxpresso/tools/bin/../lib/gcc/arm-none-eabi/4.9.3/armv6-m/libcr_eabihelpers.a
END GROUP
                0x00000000                __base_MFlash32 = 0x0
                0x00000000                __base_Flash = 0x0
                0x00008000                __top_MFlash32 = 0x8000
                0x00008000                __top_Flash = 0x8000
                0x10000000                __base_RamLoc8 = 0x10000000
                0x10000000                __base_RAM = 0x10000000
                0x10002000                __top_RamLoc8 = 0x10002000
                0x10002000                __top_RAM = 0x10002000

.text           0x00000000     0x6418
 FILL mask 0xff
                0x00000000                __vectors_start__ = ABSOLUTE (.)
 *(.isr_vector)
 .isr_vector    0x00000000       0xc0 ./src/cr_startup_lpc82x.o
                0x00000000                g_pfnVectors
                0x000000c0                . = ALIGN (0x4)
                0x000000c0                __section_table_start = .
                0x000000c0                __data_section_table = .
                0x000000c0        0x4 LONG 0x6418 LOADADDR (.data)
                0x000000c4        0x4 LONG 0x10000100 ADDR (.data)
                0x000000c8        0x4 LONG 0x890 SIZEOF (.data)
                0x000000cc                __data_section_table_end = .
                0x000000cc                __bss_section_table = .
                0x000000cc        0x4 LONG 0x10000990 ADDR (.bss)
                0x000000d0        0x4 LONG 0x63c SIZEOF (.bss)
                0x000000d4                __bss_section_table_end = .
                0x000000d4                __section_table_end = .
 *(.after_vectors*)
 .after_vectors
                0x000000d4       0x8c ./src/cr_startup_lpc82x.o
                0x000000d4                NMI_Handler
                0x000000d6                HardFault_Handler
                0x000000d8                SVC_Handler
                0x000000da                PendSV_Handler
                0x000000de                CMP_IRQHandler
                0x000000de                I2C0_IRQHandler
                0x000000de                WKT_IRQHandler
                0x000000de                MRT_IRQHandler
                0x000000de                I2C1_IRQHandler
                0x000000de                UART1_IRQHandler
                0x000000de                ADC_SEQB_IRQHandler
                0x000000de                UART0_IRQHandler
                0x000000de                SPI1_IRQHandler
                0x000000de                PIN_INT6_IRQHandler
                0x000000de                IntDefaultHandler
                0x000000de                PIN_INT4_IRQHandler
                0x000000de                ADC_OVR_IRQHandler
                0x000000de                I2C2_IRQHandler
                0x000000de                UART2_IRQHandler
                0x000000de                PIN_INT5_IRQHandler
                0x000000de                PIN_INT2_IRQHandler
                0x000000de                PIN_INT7_IRQHandler
                0x000000de                ADC_THCMP_IRQHandler
                0x000000de                BOD_IRQHandler
                0x000000de                I2C3_IRQHandler
                0x000000de                SCT_IRQHandler
                0x000000de                WDT_IRQHandler
                0x000000de                SPI0_IRQHandler
                0x000000de                DMA_IRQHandler
                0x000000de                PIN_INT3_IRQHandler
                0x000000de                FLASH_IRQHandler
                0x000000e0                data_init
                0x000000f2                bss_init
                0x00000102                ResetISR
                0x000002fc                . = 0x2fc
 *fill*         0x00000160      0x19c ff
                0x000002fc                PROVIDE (__CRP_WORD_START__, .)
 *(.crp)
 .crp           0x000002fc        0x4 ./src/crp.o
                0x000002fc                CRP_WORD
                0x00000300                PROVIDE (__CRP_WORD_END__, .)
                0x00000001                ASSERT (! ((__CRP_WORD_START__ == __CRP_WORD_END__)), Linker CRP Enabled, but no CRP_WORD provided within application)
 *(.text*)
 .text.MoonLander_I2C_Write
                0x00000300       0x1c ./src/MoonLander-i2c.o
                0x00000300                MoonLander_I2C_Write
 .text.MoonLander_I2C_Transaction
                0x0000031c       0x24 ./src/MoonLander-i2c.o
                0x0000031c                MoonLander_I2C_Transaction
 .text.MoonLander_I2C_Init
                0x00000340       0x3c ./src/MoonLander-i2c.o
                0x00000340                MoonLander_I2C_Init
 .text.__aeabi_idiv
                0x0000037c       0x10 ./src/aeabi_romdiv_patch.o
                0x0000037c                __aeabi_idiv
                0x0000037c                __aeabi_idivmod
 .text.__aeabi_uidiv
                0x0000038c       0x10 ./src/aeabi_romdiv_patch.o
                0x0000038c                __aeabi_uidiv
                0x0000038c                __aeabi_uidivmod
 .text.Compass_Init
                0x0000039c        0x8 ./src/bicorder-compass.o
                0x0000039c                Compass_Init
 .text.Compass_UpdateXY
                0x000003a4        0x4 ./src/bicorder-compass.o
                0x000003a4                Compass_UpdateXY
 .text.Compass_CalculateHeading
                0x000003a8       0xec ./src/bicorder-compass.o
                0x000003a8                Compass_CalculateHeading
 .text.Compass_HeadingToDirection
                0x00000494       0x7a ./src/bicorder-compass.o
                0x00000494                Compass_HeadingToDirection
 *fill*         0x0000050e        0x2 
 .text.Compass_Draw
                0x00000510       0xfc ./src/bicorder-compass.o
                0x00000510                Compass_Draw
 .text.Plot_Init
                0x0000060c       0x3a ./src/bicorder-plotter.o
                0x0000060c                Plot_Init
 .text.Plot_SetSpecialValue
                0x00000646       0x1e ./src/bicorder-plotter.o
                0x00000646                Plot_SetSpecialValue
 .text.Plot_AddSample
                0x00000664       0x1a ./src/bicorder-plotter.o
                0x00000664                Plot_AddSample
 .text.Plot_Clear
                0x0000067e       0x10 ./src/bicorder-plotter.o
                0x0000067e                Plot_Clear
 .text.Plot_ValueToCoord
                0x0000068e       0x3a ./src/bicorder-plotter.o
                0x0000068e                Plot_ValueToCoord
 .text.Plot_Draw
                0x000006c8      0x200 ./src/bicorder-plotter.o
                0x000006c8                Plot_Draw
 .text.gpioInit
                0x000008c8       0x34 ./src/bicorder.o
                0x000008c8                gpioInit
 .text.interruptInit
                0x000008fc       0x40 ./src/bicorder.o
                0x000008fc                interruptInit
 .text.adcInit  0x0000093c       0xa0 ./src/bicorder.o
                0x0000093c                adcInit
 .text.delayms  0x000009dc       0x14 ./src/bicorder.o
                0x000009dc                delayms
 .text.fillScreen
                0x000009f0       0x28 ./src/bicorder.o
                0x000009f0                fillScreen
 .text.SysTick_Handler
                0x00000a18      0x1e4 ./src/bicorder.o
                0x00000a18                SysTick_Handler
 .text.PIN_INT0_IRQHandler
                0x00000bfc       0x5c ./src/bicorder.o
                0x00000bfc                PIN_INT0_IRQHandler
 .text.PIN_INT1_IRQHandler
                0x00000c58       0x5c ./src/bicorder.o
                0x00000c58                PIN_INT1_IRQHandler
 .text.ADC_SEQA_IRQHandler
                0x00000cb4       0x1c ./src/bicorder.o
                0x00000cb4                ADC_SEQA_IRQHandler
 .text.getRangeCentimeters
                0x00000cd0       0x54 ./src/bicorder.o
                0x00000cd0                getRangeCentimeters
 .text.goToSleep
                0x00000d24       0x74 ./src/bicorder.o
                0x00000d24                goToSleep
 .text.wakeup   0x00000d98       0xc0 ./src/bicorder.o
                0x00000d98                wakeup
 .text.startup.main
                0x00000e58      0x2b0 ./src/bicorder.o
                0x00000e58                main
 .text.C12832A_ConfigureSPI
                0x00001108       0x6c ./src/eGFX_Driver_C12832A_LPC824.o
                0x00001108                C12832A_ConfigureSPI
 .text.C12832A_writeCommand
                0x00001174       0x3e ./src/eGFX_Driver_C12832A_LPC824.o
                0x00001174                C12832A_writeCommand
 .text.C12832A_SetContrast
                0x000011b2       0x18 ./src/eGFX_Driver_C12832A_LPC824.o
                0x000011b2                C12832A_SetContrast
 .text.C12832A_Init
                0x000011ca       0xe8 ./src/eGFX_Driver_C12832A_LPC824.o
                0x000011ca                C12832A_Init
 *fill*         0x000012b2        0x2 
 .text.eGFX_InitDriver
                0x000012b4       0x1c ./src/eGFX_Driver_C12832A_LPC824.o
                0x000012b4                eGFX_InitDriver
 .text.eGFX_Dump
                0x000012d0       0xb4 ./src/eGFX_Driver_C12832A_LPC824.o
                0x000012d0                eGFX_Dump
 .text.HMC5883L_GetXYZ
                0x00001384      0x114 ./src/hmc5883l.o
                0x00001384                HMC5883L_GetXYZ
 .text.HMC5883L_SetRange
                0x00001498       0x80 ./src/hmc5883l.o
                0x00001498                HMC5883L_SetRange
 .text.HMC5883L_Init
                0x00001518       0x68 ./src/hmc5883l.o
                0x00001518                HMC5883L_Init
 .text.HTU21D_GetRH
                0x00001580       0x60 ./src/htu21d.o
                0x00001580                HTU21D_GetRH
 .text.HTU21D_GetTemp
                0x000015e0       0x68 ./src/htu21d.o
                0x000015e0                HTU21D_GetTemp
 .text.HTU21D_Init
                0x00001648        0xa ./src/htu21d.o
                0x00001648                HTU21D_Init
 *fill*         0x00001652        0x2 
 .text.pinMux   0x00001654      0x100 ./src/sysinit.o
                0x00001654                pinMux
 .text.SystemInit
                0x00001754        0xc ./src/sysinit.o
                0x00001754                SystemInit
 .text.eGFX_PutPixel
                0x00001760       0xda ./eGFX/SRC/eGFX.o
                0x00001760                eGFX_PutPixel
 .text.eGFX_GetPixel
                0x0000183a       0xa6 ./eGFX/SRC/eGFX.o
                0x0000183a                eGFX_GetPixel
 .text.eGFX_DrawHline
                0x000018e0       0x56 ./eGFX/SRC/eGFX.o
                0x000018e0                eGFX_DrawHline
 .text.eGFX_DrawFilledBox
                0x00001936       0x2c ./eGFX/SRC/eGFX.o
                0x00001936                eGFX_DrawFilledBox
 .text.eGFX_DrawVline
                0x00001962       0x44 ./eGFX/SRC/eGFX.o
                0x00001962                eGFX_DrawVline
 .text.eGFX_DrawLine
                0x000019a6      0x124 ./eGFX/SRC/eGFX.o
                0x000019a6                eGFX_DrawLine
 .text.eGFX_GetStringWidth
                0x00001aca       0x42 ./eGFX/SRC/eGFX.o
                0x00001aca                eGFX_GetStringWidth
 .text.eGFX_Blit
                0x00001b0c       0x50 ./eGFX/SRC/eGFX.o
                0x00001b0c                eGFX_Blit
 .text.eGFX_DrawCharacter
                0x00001b5c       0x2c ./eGFX/SRC/eGFX.o
                0x00001b5c                eGFX_DrawCharacter
 .text.eGFX_DrawString
                0x00001b88       0x3c ./eGFX/SRC/eGFX.o
                0x00001b88                eGFX_DrawString
 .text.eGFX_ImagePlaneInit
                0x00001bc4       0x10 ./eGFX/SRC/eGFX.o
                0x00001bc4                eGFX_ImagePlaneInit
 .text.Chip_Clock_EnablePeriphClock
                0x00001bd4       0x38 /storage_b/Dropbox/NXPWorkspace/lpc_chip_82x/Debug/liblpc_chip_82x.a(adc_8xx.o)
 .text.Chip_ADC_SetDivider
                0x00001c0c       0x2c /storage_b/Dropbox/NXPWorkspace/lpc_chip_82x/Debug/liblpc_chip_82x.a(adc_8xx.o)
 .text.Chip_ADC_SetClockRate
                0x00001c38       0x30 /storage_b/Dropbox/NXPWorkspace/lpc_chip_82x/Debug/liblpc_chip_82x.a(adc_8xx.o)
 .text.Chip_ADC_Init
                0x00001c68       0x28 /storage_b/Dropbox/NXPWorkspace/lpc_chip_82x/Debug/liblpc_chip_82x.a(adc_8xx.o)
                0x00001c68                Chip_ADC_Init
 .text.Chip_ADC_StartCalibration
                0x00001c90       0x4c /storage_b/Dropbox/NXPWorkspace/lpc_chip_82x/Debug/liblpc_chip_82x.a(adc_8xx.o)
                0x00001c90                Chip_ADC_StartCalibration
 .text.SystemCoreClockUpdate
                0x00001cdc       0x18 /storage_b/Dropbox/NXPWorkspace/lpc_chip_82x/Debug/liblpc_chip_82x.a(chip_8xx.o)
                0x00001cdc                SystemCoreClockUpdate
 .text.Chip_Clock_GetMainOscRate
                0x00001cf4       0x14 /storage_b/Dropbox/NXPWorkspace/lpc_chip_82x/Debug/liblpc_chip_82x.a(clock_8xx.o)
 .text.Chip_Clock_GetIntOscRate
                0x00001d08       0x10 /storage_b/Dropbox/NXPWorkspace/lpc_chip_82x/Debug/liblpc_chip_82x.a(clock_8xx.o)
 .text.Chip_Clock_GetExtClockInRate
                0x00001d18       0x14 /storage_b/Dropbox/NXPWorkspace/lpc_chip_82x/Debug/liblpc_chip_82x.a(clock_8xx.o)
 .text.Chip_Clock_GetWDTLFORate
                0x00001d2c       0x48 /storage_b/Dropbox/NXPWorkspace/lpc_chip_82x/Debug/liblpc_chip_82x.a(clock_8xx.o)
 .text.Chip_Clock_GetPLLFreq
                0x00001d74       0x24 /storage_b/Dropbox/NXPWorkspace/lpc_chip_82x/Debug/liblpc_chip_82x.a(clock_8xx.o)
 .text.Chip_Clock_SetSystemPLLSource
                0x00001d98       0x2c /storage_b/Dropbox/NXPWorkspace/lpc_chip_82x/Debug/liblpc_chip_82x.a(clock_8xx.o)
                0x00001d98                Chip_Clock_SetSystemPLLSource
 .text.Chip_Clock_SetPLLBypass
                0x00001dc4       0x48 /storage_b/Dropbox/NXPWorkspace/lpc_chip_82x/Debug/liblpc_chip_82x.a(clock_8xx.o)
                0x00001dc4                Chip_Clock_SetPLLBypass
 .text.Chip_Clock_SetMainClockSource
                0x00001e0c       0x2c /storage_b/Dropbox/NXPWorkspace/lpc_chip_82x/Debug/liblpc_chip_82x.a(clock_8xx.o)
                0x00001e0c                Chip_Clock_SetMainClockSource
 .text.Chip_Clock_GetWDTOSCRate
                0x00001e38       0x20 /storage_b/Dropbox/NXPWorkspace/lpc_chip_82x/Debug/liblpc_chip_82x.a(clock_8xx.o)
                0x00001e38                Chip_Clock_GetWDTOSCRate
 .text.Chip_Clock_GetSystemPLLInClockRate
                0x00001e58       0x50 /storage_b/Dropbox/NXPWorkspace/lpc_chip_82x/Debug/liblpc_chip_82x.a(clock_8xx.o)
                0x00001e58                Chip_Clock_GetSystemPLLInClockRate
 .text.Chip_Clock_GetSystemPLLOutClockRate
                0x00001ea8       0x28 /storage_b/Dropbox/NXPWorkspace/lpc_chip_82x/Debug/liblpc_chip_82x.a(clock_8xx.o)
                0x00001ea8                Chip_Clock_GetSystemPLLOutClockRate
 .text.Chip_Clock_GetMainClockRate
                0x00001ed0       0x64 /storage_b/Dropbox/NXPWorkspace/lpc_chip_82x/Debug/liblpc_chip_82x.a(clock_8xx.o)
                0x00001ed0                Chip_Clock_GetMainClockRate
 .text.Chip_Clock_GetSystemClockRate
                0x00001f34       0x28 /storage_b/Dropbox/NXPWorkspace/lpc_chip_82x/Debug/liblpc_chip_82x.a(clock_8xx.o)
                0x00001f34                Chip_Clock_GetSystemClockRate
 .text.Chip_Clock_EnablePeriphClock
                0x00001f5c       0x38 /storage_b/Dropbox/NXPWorkspace/lpc_chip_82x/Debug/liblpc_chip_82x.a(gpio_8xx.o)
 .text.Chip_GPIO_Init
                0x00001f94       0x14 /storage_b/Dropbox/NXPWorkspace/lpc_chip_82x/Debug/liblpc_chip_82x.a(gpio_8xx.o)
                0x00001f94                Chip_GPIO_Init
 .text.Chip_SYSCTL_AssertPeriphReset
                0x00001fa8       0x38 /storage_b/Dropbox/NXPWorkspace/lpc_chip_82x/Debug/liblpc_chip_82x.a(i2c_common_8xx.o)
 .text.Chip_SYSCTL_DeassertPeriphReset
                0x00001fe0       0x34 /storage_b/Dropbox/NXPWorkspace/lpc_chip_82x/Debug/liblpc_chip_82x.a(i2c_common_8xx.o)
 .text.Chip_SYSCTL_PeriphReset
                0x00002014       0x28 /storage_b/Dropbox/NXPWorkspace/lpc_chip_82x/Debug/liblpc_chip_82x.a(i2c_common_8xx.o)
 .text.Chip_Clock_EnablePeriphClock
                0x0000203c       0x38 /storage_b/Dropbox/NXPWorkspace/lpc_chip_82x/Debug/liblpc_chip_82x.a(i2c_common_8xx.o)
 .text.I2C_GetResetID
                0x00002074       0x44 /storage_b/Dropbox/NXPWorkspace/lpc_chip_82x/Debug/liblpc_chip_82x.a(i2c_common_8xx.o)
 .text.I2C_GetClockID
                0x000020b8       0x44 /storage_b/Dropbox/NXPWorkspace/lpc_chip_82x/Debug/liblpc_chip_82x.a(i2c_common_8xx.o)
 .text.Chip_I2C_Init
                0x000020fc       0x30 /storage_b/Dropbox/NXPWorkspace/lpc_chip_82x/Debug/liblpc_chip_82x.a(i2c_common_8xx.o)
                0x000020fc                Chip_I2C_Init
 .text.Chip_I2C_GetClockDiv
                0x0000212c       0x1c /storage_b/Dropbox/NXPWorkspace/lpc_chip_82x/Debug/liblpc_chip_82x.a(i2cm_8xx.o)
 .text.Chip_I2CM_GetStatus
                0x00002148       0x1c /storage_b/Dropbox/NXPWorkspace/lpc_chip_82x/Debug/liblpc_chip_82x.a(i2cm_8xx.o)
 .text.Chip_I2CM_ClearStatus
                0x00002164       0x1c /storage_b/Dropbox/NXPWorkspace/lpc_chip_82x/Debug/liblpc_chip_82x.a(i2cm_8xx.o)
 .text.Chip_I2CM_IsMasterPending
                0x00002180       0x20 /storage_b/Dropbox/NXPWorkspace/lpc_chip_82x/Debug/liblpc_chip_82x.a(i2cm_8xx.o)
 .text.Chip_I2CM_GetMasterState
                0x000021a0       0x1c /storage_b/Dropbox/NXPWorkspace/lpc_chip_82x/Debug/liblpc_chip_82x.a(i2cm_8xx.o)
 .text.Chip_I2CM_SendStart
                0x000021bc       0x14 /storage_b/Dropbox/NXPWorkspace/lpc_chip_82x/Debug/liblpc_chip_82x.a(i2cm_8xx.o)
 .text.Chip_I2CM_SendStop
                0x000021d0       0x14 /storage_b/Dropbox/NXPWorkspace/lpc_chip_82x/Debug/liblpc_chip_82x.a(i2cm_8xx.o)
 .text.Chip_I2CM_MasterContinue
                0x000021e4       0x14 /storage_b/Dropbox/NXPWorkspace/lpc_chip_82x/Debug/liblpc_chip_82x.a(i2cm_8xx.o)
 .text.Chip_I2CM_WriteByte
                0x000021f8       0x1c /storage_b/Dropbox/NXPWorkspace/lpc_chip_82x/Debug/liblpc_chip_82x.a(i2cm_8xx.o)
 .text.Chip_I2CM_SetDutyCycle
                0x00002214       0x78 /storage_b/Dropbox/NXPWorkspace/lpc_chip_82x/Debug/liblpc_chip_82x.a(i2cm_8xx.o)
 .text.Chip_I2CM_SetBusSpeed
                0x0000228c       0x50 /storage_b/Dropbox/NXPWorkspace/lpc_chip_82x/Debug/liblpc_chip_82x.a(i2cm_8xx.o)
                0x0000228c                Chip_I2CM_SetBusSpeed
 .text.Chip_I2CM_XferHandler
                0x000022dc      0x168 /storage_b/Dropbox/NXPWorkspace/lpc_chip_82x/Debug/liblpc_chip_82x.a(i2cm_8xx.o)
                0x000022dc                Chip_I2CM_XferHandler
 .text.Chip_I2CM_Xfer
                0x00002444       0x4c /storage_b/Dropbox/NXPWorkspace/lpc_chip_82x/Debug/liblpc_chip_82x.a(i2cm_8xx.o)
                0x00002444                Chip_I2CM_Xfer
 .text.Chip_I2CM_XferBlocking
                0x00002490       0x54 /storage_b/Dropbox/NXPWorkspace/lpc_chip_82x/Debug/liblpc_chip_82x.a(i2cm_8xx.o)
                0x00002490                Chip_I2CM_XferBlocking
 .text.Chip_IOCON_PinSetMode
                0x000024e4       0x44 /storage_b/Dropbox/NXPWorkspace/lpc_chip_82x/Debug/liblpc_chip_82x.a(iocon_8xx.o)
                0x000024e4                Chip_IOCON_PinSetMode
 .text.Chip_IOCON_PinSetI2CMode
                0x00002528       0x48 /storage_b/Dropbox/NXPWorkspace/lpc_chip_82x/Debug/liblpc_chip_82x.a(iocon_8xx.o)
                0x00002528                Chip_IOCON_PinSetI2CMode
 .text.Chip_PMU_SleepState
                0x00002570       0x28 /storage_b/Dropbox/NXPWorkspace/lpc_chip_82x/Debug/liblpc_chip_82x.a(pmu_8xx.o)
                0x00002570                Chip_PMU_SleepState
 .text.Chip_SPI_GetStatus
                0x00002598       0x18 /storage_b/Dropbox/NXPWorkspace/lpc_chip_82x/Debug/liblpc_chip_82x.a(spi_8xx.o)
 .text.Chip_SPI_ClearStatus
                0x000025b0       0x18 /storage_b/Dropbox/NXPWorkspace/lpc_chip_82x/Debug/liblpc_chip_82x.a(spi_8xx.o)
 .text.Chip_SPI_SetControlInfo
                0x000025c8       0x30 /storage_b/Dropbox/NXPWorkspace/lpc_chip_82x/Debug/liblpc_chip_82x.a(spi_8xx.o)
 .text.Chip_SPI_SendMidFrame
                0x000025f8       0x1c /storage_b/Dropbox/NXPWorkspace/lpc_chip_82x/Debug/liblpc_chip_82x.a(spi_8xx.o)
 .text.Chip_SPI_SendLastFrame_RxIgnore
                0x00002614       0x3c /storage_b/Dropbox/NXPWorkspace/lpc_chip_82x/Debug/liblpc_chip_82x.a(spi_8xx.o)
 .text.SPI_Send_Data_RxIgnore
                0x00002650       0x64 /storage_b/Dropbox/NXPWorkspace/lpc_chip_82x/Debug/liblpc_chip_82x.a(spi_8xx.o)
 .text.Chip_SPI_DelayConfig
                0x000026b4       0x58 /storage_b/Dropbox/NXPWorkspace/lpc_chip_82x/Debug/liblpc_chip_82x.a(spi_8xx.o)
                0x000026b4                Chip_SPI_DelayConfig
 .text.Chip_SPI_WriteFrames_Blocking
                0x0000270c       0xa0 /storage_b/Dropbox/NXPWorkspace/lpc_chip_82x/Debug/liblpc_chip_82x.a(spi_8xx.o)
                0x0000270c                Chip_SPI_WriteFrames_Blocking
 .text.Chip_SPIM_GetClockRate
                0x000027ac       0x2c /storage_b/Dropbox/NXPWorkspace/lpc_chip_82x/Debug/liblpc_chip_82x.a(spim_8xx.o)
                0x000027ac                Chip_SPIM_GetClockRate
 .text.Chip_SPIM_SetClockRate
                0x000027d8       0x54 /storage_b/Dropbox/NXPWorkspace/lpc_chip_82x/Debug/liblpc_chip_82x.a(spim_8xx.o)
                0x000027d8                Chip_SPIM_SetClockRate
 .text.Chip_SPIM_AssertSSEL
                0x0000282c       0x40 /storage_b/Dropbox/NXPWorkspace/lpc_chip_82x/Debug/liblpc_chip_82x.a(spim_8xx.o)
                0x0000282c                Chip_SPIM_AssertSSEL
 .text.Chip_SPIM_DeAssertSSEL
                0x0000286c       0x38 /storage_b/Dropbox/NXPWorkspace/lpc_chip_82x/Debug/liblpc_chip_82x.a(spim_8xx.o)
                0x0000286c                Chip_SPIM_DeAssertSSEL
 .text.Chip_SWM_EnableFixedPin
                0x000028a4       0x3c /storage_b/Dropbox/NXPWorkspace/lpc_chip_82x/Debug/liblpc_chip_82x.a(swm_8xx.o)
 .text.Chip_SWM_DisableFixedPin
                0x000028e0       0x3c /storage_b/Dropbox/NXPWorkspace/lpc_chip_82x/Debug/liblpc_chip_82x.a(swm_8xx.o)
 .text.Chip_SWM_MovablePinAssign
                0x0000291c       0x60 /storage_b/Dropbox/NXPWorkspace/lpc_chip_82x/Debug/liblpc_chip_82x.a(swm_8xx.o)
                0x0000291c                Chip_SWM_MovablePinAssign
 .text.Chip_SWM_FixedPinEnable
                0x0000297c       0x38 /storage_b/Dropbox/NXPWorkspace/lpc_chip_82x/Debug/liblpc_chip_82x.a(swm_8xx.o)
                0x0000297c                Chip_SWM_FixedPinEnable
 .text.Chip_SYSCTL_PowerDown
                0x000029b4       0x40 /storage_b/Dropbox/NXPWorkspace/lpc_chip_82x/Debug/liblpc_chip_82x.a(syscon_8xx.o)
                0x000029b4                Chip_SYSCTL_PowerDown
 .text.Chip_SYSCTL_PowerUp
                0x000029f4       0x44 /storage_b/Dropbox/NXPWorkspace/lpc_chip_82x/Debug/liblpc_chip_82x.a(syscon_8xx.o)
                0x000029f4                Chip_SYSCTL_PowerUp
 .text.Chip_Clock_SetupSystemPLL
                0x00002a38       0x34 /storage_b/Dropbox/NXPWorkspace/lpc_chip_82x/Debug/liblpc_chip_82x.a(sysinit_8xx.o)
 .text.Chip_Clock_IsSystemPLLLocked
                0x00002a6c       0x1c /storage_b/Dropbox/NXPWorkspace/lpc_chip_82x/Debug/liblpc_chip_82x.a(sysinit_8xx.o)
 .text.Chip_Clock_SetSysClockDiv
                0x00002a88       0x18 /storage_b/Dropbox/NXPWorkspace/lpc_chip_82x/Debug/liblpc_chip_82x.a(sysinit_8xx.o)
 .text.Chip_FMC_SetFLASHAccess
                0x00002aa0       0x2c /storage_b/Dropbox/NXPWorkspace/lpc_chip_82x/Debug/liblpc_chip_82x.a(sysinit_8xx.o)
 .text.Chip_SetupXtalClocking
                0x00002acc       0x58 /storage_b/Dropbox/NXPWorkspace/lpc_chip_82x/Debug/liblpc_chip_82x.a(sysinit_8xx.o)
                0x00002acc                Chip_SetupXtalClocking
 .text.__main   0x00002b24       0x12 /usr/local/lpcxpresso_8.0.0_526/lpcxpresso/tools/bin/../lib/gcc/arm-none-eabi/4.9.3/../../../../arm-none-eabi/lib/armv6-m/libcr_nohost.a(_cr__main.o)
                0x00002b24                __main
 .text.memcpy   0x00002b36        0x8 /usr/local/lpcxpresso_8.0.0_526/lpcxpresso/tools/bin/../lib/gcc/arm-none-eabi/4.9.3/../../../../arm-none-eabi/lib/armv6-m/libcr_c.a(memcpy.o)
                0x00002b36                memcpy
 *fill*         0x00002b3e        0x2 
 .text.atan     0x00002b40      0x208 /usr/local/lpcxpresso_8.0.0_526/lpcxpresso/tools/bin/../lib/gcc/arm-none-eabi/4.9.3/../../../../arm-none-eabi/lib/armv6-m/libcr_c.a(atan.o)
                0x00002b40                atan
 .text.fabs     0x00002d48       0x24 /usr/local/lpcxpresso_8.0.0_526/lpcxpresso/tools/bin/../lib/gcc/arm-none-eabi/4.9.3/../../../../arm-none-eabi/lib/armv6-m/libcr_c.a(fabs.o)
                0x00002d48                fabs
 .text.fp_round
                0x00002d6c       0x48 /usr/local/lpcxpresso_8.0.0_526/lpcxpresso/tools/bin/../lib/gcc/arm-none-eabi/4.9.3/../../../../arm-none-eabi/lib/armv6-m/libcr_c.a(fpprintf.o)
 .text.pr_dec.constprop.1
                0x00002db4       0x28 /usr/local/lpcxpresso_8.0.0_526/lpcxpresso/tools/bin/../lib/gcc/arm-none-eabi/4.9.3/../../../../arm-none-eabi/lib/armv6-m/libcr_c.a(fpprintf.o)
 .text.sprintf  0x00002ddc       0x6c /usr/local/lpcxpresso_8.0.0_526/lpcxpresso/tools/bin/../lib/gcc/arm-none-eabi/4.9.3/../../../../arm-none-eabi/lib/armv6-m/libcr_c.a(fpprintf.o)
                0x00002ddc                sprintf
 .text.fp_display
                0x00002e48      0x958 /usr/local/lpcxpresso_8.0.0_526/lpcxpresso/tools/bin/../lib/gcc/arm-none-eabi/4.9.3/../../../../arm-none-eabi/lib/armv6-m/libcr_c.a(fpprintf.o)
 .text._initio  0x000037a0       0xa8 /usr/local/lpcxpresso_8.0.0_526/lpcxpresso/tools/bin/../lib/gcc/arm-none-eabi/4.9.3/../../../../arm-none-eabi/lib/armv6-m/libcr_c.a(initio.o)
                0x000037a0                _initio
 .text.pow      0x00003848      0x560 /usr/local/lpcxpresso_8.0.0_526/lpcxpresso/tools/bin/../lib/gcc/arm-none-eabi/4.9.3/../../../../arm-none-eabi/lib/armv6-m/libcr_c.a(pow.o)
                0x00003848                pow
 .text.__vfprintf
                0x00003da8      0xd6c /usr/local/lpcxpresso_8.0.0_526/lpcxpresso/tools/bin/../lib/gcc/arm-none-eabi/4.9.3/../../../../arm-none-eabi/lib/armv6-m/libcr_c.a(printf.o)
                0x00003da8                __vfprintf
 .text.setvbuf  0x00004b14       0x48 /usr/local/lpcxpresso_8.0.0_526/lpcxpresso/tools/bin/../lib/gcc/arm-none-eabi/4.9.3/../../../../arm-none-eabi/lib/armv6-m/libcr_c.a(setvbuf.o)
                0x00004b14                setvbuf
 .text.strlen   0x00004b5c       0x54 /usr/local/lpcxpresso_8.0.0_526/lpcxpresso/tools/bin/../lib/gcc/arm-none-eabi/4.9.3/../../../../arm-none-eabi/lib/armv6-m/libcr_c.a(strlen.o)
                0x00004b5c                strlen
 .text.strncpy  0x00004bb0       0x58 /usr/local/lpcxpresso_8.0.0_526/lpcxpresso/tools/bin/../lib/gcc/arm-none-eabi/4.9.3/../../../../arm-none-eabi/lib/armv6-m/libcr_c.a(strncpy.o)
                0x00004bb0                strncpy
 .text.memset   0x00004c08        0x8 /usr/local/lpcxpresso_8.0.0_526/lpcxpresso/tools/bin/../lib/gcc/arm-none-eabi/4.9.3/../../../../arm-none-eabi/lib/armv6-m/libcr_c.a(memset.o)
                0x00004c08                memset
 .text._deferredlazyseek
                0x00004c10       0x44 /usr/local/lpcxpresso_8.0.0_526/lpcxpresso/tools/bin/../lib/gcc/arm-none-eabi/4.9.3/../../../../arm-none-eabi/lib/armv6-m/libcr_c.a(_deferredlazyseek.o)
                0x00004c10                _deferredlazyseek
 .text.__flsbuf
                0x00004c54      0x150 /usr/local/lpcxpresso_8.0.0_526/lpcxpresso/tools/bin/../lib/gcc/arm-none-eabi/4.9.3/../../../../arm-none-eabi/lib/armv6-m/libcr_c.a(_deferredlazyseek.o)
                0x00004c54                __flsbuf
 .text._fdopen  0x00004da4       0x68 /usr/local/lpcxpresso_8.0.0_526/lpcxpresso/tools/bin/../lib/gcc/arm-none-eabi/4.9.3/../../../../arm-none-eabi/lib/armv6-m/libcr_c.a(_fdopen.o)
                0x00004da4                _fdopen
 .text._fflush  0x00004e0c       0x64 /usr/local/lpcxpresso_8.0.0_526/lpcxpresso/tools/bin/../lib/gcc/arm-none-eabi/4.9.3/../../../../arm-none-eabi/lib/armv6-m/libcr_c.a(_fflush.o)
                0x00004e0c                _fflush
 .text._frexpl  0x00004e70       0x84 /usr/local/lpcxpresso_8.0.0_526/lpcxpresso/tools/bin/../lib/gcc/arm-none-eabi/4.9.3/../../../../arm-none-eabi/lib/armv6-m/libcr_c.a(_frexpl.o)
                0x00004e70                _frexpl
 .text._ldexpl  0x00004ef4       0x58 /usr/local/lpcxpresso_8.0.0_526/lpcxpresso/tools/bin/../lib/gcc/arm-none-eabi/4.9.3/../../../../arm-none-eabi/lib/armv6-m/libcr_c.a(_ldexpl.o)
                0x00004ef4                _ldexpl
 .text._Cwritebuf
                0x00004f4c       0x6c /usr/local/lpcxpresso_8.0.0_526/lpcxpresso/tools/bin/../lib/gcc/arm-none-eabi/4.9.3/../../../../arm-none-eabi/lib/armv6-m/libcr_c.a(_writebuf.o)
                0x00004f4c                _Cwritebuf
 .text.malloc   0x00004fb8       0xcc /usr/local/lpcxpresso_8.0.0_526/lpcxpresso/tools/bin/../lib/gcc/arm-none-eabi/4.9.3/../../../../arm-none-eabi/lib/armv6-m/libcr_c.a(alloc.o)
                0x00004fb8                malloc
 .text.free     0x00005084       0x2e /usr/local/lpcxpresso_8.0.0_526/lpcxpresso/tools/bin/../lib/gcc/arm-none-eabi/4.9.3/../../../../arm-none-eabi/lib/armv6-m/libcr_c.a(alloc.o)
                0x00005084                free
 *fill*         0x000050b2        0x2 
 .text._Csys_alloc
                0x000050b4       0x20 /usr/local/lpcxpresso_8.0.0_526/lpcxpresso/tools/bin/../lib/gcc/arm-none-eabi/4.9.3/../../../../arm-none-eabi/lib/armv6-m/libcr_c.a(alloc.o)
                0x000050b4                _Csys_alloc
 .text.fclose   0x000050d4       0x70 /usr/local/lpcxpresso_8.0.0_526/lpcxpresso/tools/bin/../lib/gcc/arm-none-eabi/4.9.3/../../../../arm-none-eabi/lib/armv6-m/libcr_c.a(fclose.o)
                0x000050d4                fclose
 .text.fflush   0x00005144       0x34 /usr/local/lpcxpresso_8.0.0_526/lpcxpresso/tools/bin/../lib/gcc/arm-none-eabi/4.9.3/../../../../arm-none-eabi/lib/armv6-m/libcr_c.a(fflush.o)
                0x00005144                fflush
 .text.frexp    0x00005178       0x84 /usr/local/lpcxpresso_8.0.0_526/lpcxpresso/tools/bin/../lib/gcc/arm-none-eabi/4.9.3/../../../../arm-none-eabi/lib/armv6-m/libcr_c.a(frexp.o)
                0x00005178                frexp
 .text.fseek    0x000051fc      0x100 /usr/local/lpcxpresso_8.0.0_526/lpcxpresso/tools/bin/../lib/gcc/arm-none-eabi/4.9.3/../../../../arm-none-eabi/lib/armv6-m/libcr_c.a(fseek.o)
                0x000051fc                fseek
 .text.ftell    0x000052fc       0x4c /usr/local/lpcxpresso_8.0.0_526/lpcxpresso/tools/bin/../lib/gcc/arm-none-eabi/4.9.3/../../../../arm-none-eabi/lib/armv6-m/libcr_c.a(ftell.o)
                0x000052fc                ftell
 .text.ldexp    0x00005348       0x58 /usr/local/lpcxpresso_8.0.0_526/lpcxpresso/tools/bin/../lib/gcc/arm-none-eabi/4.9.3/../../../../arm-none-eabi/lib/armv6-m/libcr_c.a(ldexp.o)
                0x00005348                ldexp
 .text.remove   0x000053a0       0x12 /usr/local/lpcxpresso_8.0.0_526/lpcxpresso/tools/bin/../lib/gcc/arm-none-eabi/4.9.3/../../../../arm-none-eabi/lib/armv6-m/libcr_c.a(remove.o)
                0x000053a0                remove
 *fill*         0x000053b2        0x2 
 .text._sbrk    0x000053b4       0x40 /usr/local/lpcxpresso_8.0.0_526/lpcxpresso/tools/bin/../lib/gcc/arm-none-eabi/4.9.3/../../../../arm-none-eabi/lib/armv6-m/libcr_c.a(_cr_sbrk.o)
                0x000053b4                _sbrk
 .text._do_fflush
                0x000053f4       0x4c /usr/local/lpcxpresso_8.0.0_526/lpcxpresso/tools/bin/../lib/gcc/arm-none-eabi/4.9.3/../../../../arm-none-eabi/lib/armv6-m/libcr_c.a(_do_fflush.o)
                0x000053f4                _do_fflush
 .text.__check_heap_overflow
                0x00005440       0x14 /usr/local/lpcxpresso_8.0.0_526/lpcxpresso/tools/bin/../lib/gcc/arm-none-eabi/4.9.3/../../../../arm-none-eabi/lib/armv6-m/libcr_c.a(_cr_check_heap.o)
                0x00005440                __check_heap_overflow
 .text.__aeabi_division_uldivmod
                0x00005454       0x5a /usr/local/lpcxpresso_8.0.0_526/lpcxpresso/tools/bin/../lib/gcc/arm-none-eabi/4.9.3/armv6-m/libcr_eabihelpers.a(division_64.o)
                0x00005454                __aeabi_uldivmod
 .text.__aeabi_division_ldivmod
                0x000054ae       0x32 /usr/local/lpcxpresso_8.0.0_526/lpcxpresso/tools/bin/../lib/gcc/arm-none-eabi/4.9.3/armv6-m/libcr_eabihelpers.a(division_64.o)
                0x000054ae                __aeabi_ldivmod
 .text.__aeabi_division_idiv0
                0x000054e0        0x2 /usr/local/lpcxpresso_8.0.0_526/lpcxpresso/tools/bin/../lib/gcc/arm-none-eabi/4.9.3/armv6-m/libcr_eabihelpers.a(division_idiv0.o)
                0x000054e0                __aeabi_idiv0
 *fill*         0x000054e2        0x2 
 .text.__aeabi_dmul
                0x000054e4      0x178 /usr/local/lpcxpresso_8.0.0_526/lpcxpresso/tools/bin/../lib/gcc/arm-none-eabi/4.9.3/armv6-m/libcr_eabihelpers.a(double.o)
                0x000054e4                __aeabi_dmul
 .text.__aeabi_ddiv
                0x0000565c      0x150 /usr/local/lpcxpresso_8.0.0_526/lpcxpresso/tools/bin/../lib/gcc/arm-none-eabi/4.9.3/armv6-m/libcr_eabihelpers.a(double.o)
                0x0000565c                __aeabi_ddiv
 .text.__aeabi_dsub
                0x000057ac      0x1d8 /usr/local/lpcxpresso_8.0.0_526/lpcxpresso/tools/bin/../lib/gcc/arm-none-eabi/4.9.3/armv6-m/libcr_eabihelpers.a(double.o)
                0x000057ac                __aeabi_dsub
 .text.__aeabi_dadd
                0x00005984      0x140 /usr/local/lpcxpresso_8.0.0_526/lpcxpresso/tools/bin/../lib/gcc/arm-none-eabi/4.9.3/armv6-m/libcr_eabihelpers.a(double.o)
                0x00005984                __aeabi_dadd
 .text.__aeabi_d2f
                0x00005ac4       0x60 /usr/local/lpcxpresso_8.0.0_526/lpcxpresso/tools/bin/../lib/gcc/arm-none-eabi/4.9.3/armv6-m/libcr_eabihelpers.a(double.o)
                0x00005ac4                __aeabi_d2f
 .text.__aeabi_d2iz
                0x00005b24       0x48 /usr/local/lpcxpresso_8.0.0_526/lpcxpresso/tools/bin/../lib/gcc/arm-none-eabi/4.9.3/armv6-m/libcr_eabihelpers.a(double.o)
                0x00005b24                __aeabi_d2iz
 .text.__aeabi_d2uiz
                0x00005b6c       0x34 /usr/local/lpcxpresso_8.0.0_526/lpcxpresso/tools/bin/../lib/gcc/arm-none-eabi/4.9.3/armv6-m/libcr_eabihelpers.a(double.o)
                0x00005b6c                __aeabi_d2uiz
 .text.__bhs_ui2d
                0x00005ba0       0x5e /usr/local/lpcxpresso_8.0.0_526/lpcxpresso/tools/bin/../lib/gcc/arm-none-eabi/4.9.3/armv6-m/libcr_eabihelpers.a(double.o)
                0x00005ba0                __bhs_ui2d
 .text.__aeabi_i2d
                0x00005bfe       0x16 /usr/local/lpcxpresso_8.0.0_526/lpcxpresso/tools/bin/../lib/gcc/arm-none-eabi/4.9.3/armv6-m/libcr_eabihelpers.a(double.o)
                0x00005bfe                __aeabi_i2d
 .text.__aeabi_ui2d
                0x00005c14        0xc /usr/local/lpcxpresso_8.0.0_526/lpcxpresso/tools/bin/../lib/gcc/arm-none-eabi/4.9.3/armv6-m/libcr_eabihelpers.a(double.o)
                0x00005c14                __aeabi_ui2d
 .text.__aeabi_dcmpeq
                0x00005c20       0x30 /usr/local/lpcxpresso_8.0.0_526/lpcxpresso/tools/bin/../lib/gcc/arm-none-eabi/4.9.3/armv6-m/libcr_eabihelpers.a(double.o)
                0x00005c20                __aeabi_dcmpeq
 .text.__aeabi_dcmplt
                0x00005c50       0x5c /usr/local/lpcxpresso_8.0.0_526/lpcxpresso/tools/bin/../lib/gcc/arm-none-eabi/4.9.3/armv6-m/libcr_eabihelpers.a(double.o)
                0x00005c50                __aeabi_dcmplt
 .text.__aeabi_dcmpgt
                0x00005cac       0x5c /usr/local/lpcxpresso_8.0.0_526/lpcxpresso/tools/bin/../lib/gcc/arm-none-eabi/4.9.3/armv6-m/libcr_eabihelpers.a(double.o)
                0x00005cac                __aeabi_dcmpgt
 .text.__aeabi_dcmple
                0x00005d08       0x60 /usr/local/lpcxpresso_8.0.0_526/lpcxpresso/tools/bin/../lib/gcc/arm-none-eabi/4.9.3/armv6-m/libcr_eabihelpers.a(double.o)
                0x00005d08                __aeabi_dcmple
 .text.__aeabi_dcmpge
                0x00005d68       0x64 /usr/local/lpcxpresso_8.0.0_526/lpcxpresso/tools/bin/../lib/gcc/arm-none-eabi/4.9.3/armv6-m/libcr_eabihelpers.a(double.o)
                0x00005d68                __aeabi_dcmpge
 .text.__aeabi_fmul
                0x00005dcc       0xc0 /usr/local/lpcxpresso_8.0.0_526/lpcxpresso/tools/bin/../lib/gcc/arm-none-eabi/4.9.3/armv6-m/libcr_eabihelpers.a(float.o)
                0x00005dcc                __aeabi_fmul
 .text.__aeabi_fsub
                0x00005e8c      0x128 /usr/local/lpcxpresso_8.0.0_526/lpcxpresso/tools/bin/../lib/gcc/arm-none-eabi/4.9.3/armv6-m/libcr_eabihelpers.a(float.o)
                0x00005e8c                __aeabi_fsub
 .text.__aeabi_fadd
                0x00005fb4       0xbc /usr/local/lpcxpresso_8.0.0_526/lpcxpresso/tools/bin/../lib/gcc/arm-none-eabi/4.9.3/armv6-m/libcr_eabihelpers.a(float.o)
                0x00005fb4                __aeabi_fadd
 .text.__aeabi_f2uiz
                0x00006070       0x28 /usr/local/lpcxpresso_8.0.0_526/lpcxpresso/tools/bin/../lib/gcc/arm-none-eabi/4.9.3/armv6-m/libcr_eabihelpers.a(float.o)
                0x00006070                __aeabi_f2uiz
 .text.__bhs_ui2f
                0x00006098       0x60 /usr/local/lpcxpresso_8.0.0_526/lpcxpresso/tools/bin/../lib/gcc/arm-none-eabi/4.9.3/armv6-m/libcr_eabihelpers.a(float.o)
                0x00006098                __bhs_ui2f
 .text.__aeabi_i2f
                0x000060f8       0x16 /usr/local/lpcxpresso_8.0.0_526/lpcxpresso/tools/bin/../lib/gcc/arm-none-eabi/4.9.3/armv6-m/libcr_eabihelpers.a(float.o)
                0x000060f8                __aeabi_i2f
 *fill*         0x0000610e        0x2 
 .text.__aeabi_f2d
                0x00006110       0x40 /usr/local/lpcxpresso_8.0.0_526/lpcxpresso/tools/bin/../lib/gcc/arm-none-eabi/4.9.3/armv6-m/libcr_eabihelpers.a(float.o)
                0x00006110                __aeabi_f2d
 .text.__aeabi_llong_lmul
                0x00006150       0x2e /usr/local/lpcxpresso_8.0.0_526/lpcxpresso/tools/bin/../lib/gcc/arm-none-eabi/4.9.3/armv6-m/libcr_eabihelpers.a(llong.o)
                0x00006150                __aeabi_lmul
 .text.__aeabi_memcpy
                0x0000617e       0x2c /usr/local/lpcxpresso_8.0.0_526/lpcxpresso/tools/bin/../lib/gcc/arm-none-eabi/4.9.3/armv6-m/libcr_eabihelpers.a(memcpy.o)
                0x0000617e                __aeabi_memcpy
                0x0000617e                __aeabi_memcpy4
                0x0000617e                __aeabi_memcpy8
 .text.__aeabi_memset_lowlevel
                0x000061aa       0x2a /usr/local/lpcxpresso_8.0.0_526/lpcxpresso/tools/bin/../lib/gcc/arm-none-eabi/4.9.3/armv6-m/libcr_eabihelpers.a(memcpy.o)
                0x000061aa                __aeabi_lowlevel_memset
 .text.__gnu_thumb1_case_uqi
                0x000061d4       0x10 /usr/local/lpcxpresso_8.0.0_526/lpcxpresso/tools/bin/../lib/gcc/arm-none-eabi/4.9.3/armv6-m/libcr_eabihelpers.a(thumb1_switch_helpers.o)
                0x000061d4                __gnu_thumb1_case_uqi
 .text.__sys_appexit
                0x000061e4        0x2 /usr/local/lpcxpresso_8.0.0_526/lpcxpresso/tools/bin/../lib/gcc/arm-none-eabi/4.9.3/../../../../arm-none-eabi/lib/armv6-m/libcr_nohost.a(__sys_appexit.o)
                0x000061e4                __exit
                0x000061e4                __sys_appexit
 .text.__sys_close
                0x000061e6        0x6 /usr/local/lpcxpresso_8.0.0_526/lpcxpresso/tools/bin/../lib/gcc/arm-none-eabi/4.9.3/../../../../arm-none-eabi/lib/armv6-m/libcr_nohost.a(__sys_close.o)
                0x000061e6                __sys_close
 .text.__sys_flen
                0x000061ec        0x6 /usr/local/lpcxpresso_8.0.0_526/lpcxpresso/tools/bin/../lib/gcc/arm-none-eabi/4.9.3/../../../../arm-none-eabi/lib/armv6-m/libcr_nohost.a(__sys_flen.o)
                0x000061ec                __sys_flen
 .text.__sys_istty
                0x000061f2        0x6 /usr/local/lpcxpresso_8.0.0_526/lpcxpresso/tools/bin/../lib/gcc/arm-none-eabi/4.9.3/../../../../arm-none-eabi/lib/armv6-m/libcr_nohost.a(__sys_istty.o)
                0x000061f2                __sys_istty
 .text.__sys_remove
                0x000061f8        0x6 /usr/local/lpcxpresso_8.0.0_526/lpcxpresso/tools/bin/../lib/gcc/arm-none-eabi/4.9.3/../../../../arm-none-eabi/lib/armv6-m/libcr_nohost.a(__sys_remove.o)
                0x000061f8                __sys_remove
 .text.__sys_seek
                0x000061fe        0x6 /usr/local/lpcxpresso_8.0.0_526/lpcxpresso/tools/bin/../lib/gcc/arm-none-eabi/4.9.3/../../../../arm-none-eabi/lib/armv6-m/libcr_nohost.a(__sys_seek.o)
                0x000061fe                __sys_seek
 .text.__sys_tmpnam
                0x00006204        0x6 /usr/local/lpcxpresso_8.0.0_526/lpcxpresso/tools/bin/../lib/gcc/arm-none-eabi/4.9.3/../../../../arm-none-eabi/lib/armv6-m/libcr_nohost.a(__sys_tmpnam.o)
                0x00006204                __sys_tmpnam
 .text.__sys_write
                0x0000620a        0x4 /usr/local/lpcxpresso_8.0.0_526/lpcxpresso/tools/bin/../lib/gcc/arm-none-eabi/4.9.3/../../../../arm-none-eabi/lib/armv6-m/libcr_nohost.a(__sys_write.o)
                0x0000620a                __write
                0x0000620a                __sys_write
 *(.rodata .rodata.* .constdata .constdata.*)
 .rodata.str1.1
                0x0000620e        0x8 ./src/bicorder-compass.o
 .rodata.str1.1
                0x00000000        0x8 ./src/bicorder-plotter.o
                                  0x3 (size before relaxing)
 .rodata.str1.1
                0x00006216       0x25 ./src/bicorder.o
 *fill*         0x0000623b        0x1 
 .rodata.OscRateIn
                0x0000623c        0x4 ./src/sysinit.o
                0x0000623c                OscRateIn
 .rodata.ExtRateIn
                0x00006240        0x4 ./src/sysinit.o
                0x00006240                ExtRateIn
 .rodata.wdtOSCRate
                0x00006244       0x40 /storage_b/Dropbox/NXPWorkspace/lpc_chip_82x/Debug/liblpc_chip_82x.a(clock_8xx.o)
 .rodata.Chip_I2CM_XferHandler
                0x00006284       0x14 /storage_b/Dropbox/NXPWorkspace/lpc_chip_82x/Debug/liblpc_chip_82x.a(i2cm_8xx.o)
 .rodata.a.3927
                0x00006298       0x20 /usr/local/lpcxpresso_8.0.0_526/lpcxpresso/tools/bin/../lib/gcc/arm-none-eabi/4.9.3/../../../../arm-none-eabi/lib/armv6-m/libcr_c.a(atan.o)
 .rodata.str1.1
                0x000062b8       0x34 /usr/local/lpcxpresso_8.0.0_526/lpcxpresso/tools/bin/../lib/gcc/arm-none-eabi/4.9.3/../../../../arm-none-eabi/lib/armv6-m/libcr_c.a(fpprintf.o)
                                 0x35 (size before relaxing)
 .rodata.str1.1
                0x000062ec        0x4 /usr/local/lpcxpresso_8.0.0_526/lpcxpresso/tools/bin/../lib/gcc/arm-none-eabi/4.9.3/../../../../arm-none-eabi/lib/armv6-m/libcr_c.a(initio.o)
 .rodata.a2.3938
                0x000062f0       0x40 /usr/local/lpcxpresso_8.0.0_526/lpcxpresso/tools/bin/../lib/gcc/arm-none-eabi/4.9.3/../../../../arm-none-eabi/lib/armv6-m/libcr_c.a(pow.o)
 .rodata.a1.3937
                0x00006330       0x88 /usr/local/lpcxpresso_8.0.0_526/lpcxpresso/tools/bin/../lib/gcc/arm-none-eabi/4.9.3/../../../../arm-none-eabi/lib/armv6-m/libcr_c.a(pow.o)
 .rodata.str1.1
                0x000063b8       0x31 /usr/local/lpcxpresso_8.0.0_526/lpcxpresso/tools/bin/../lib/gcc/arm-none-eabi/4.9.3/../../../../arm-none-eabi/lib/armv6-m/libcr_c.a(printf.o)
                                 0x38 (size before relaxing)
 *fill*         0x000063e9        0x7 
 .rodata.__huge_val
                0x000063f0        0x8 /usr/local/lpcxpresso_8.0.0_526/lpcxpresso/tools/bin/../lib/gcc/arm-none-eabi/4.9.3/../../../../arm-none-eabi/lib/armv6-m/libcr_c.a(_hugeval.o)
                0x000063f0                __huge_val
 .rodata.__huge_vall
                0x000063f8        0x8 /usr/local/lpcxpresso_8.0.0_526/lpcxpresso/tools/bin/../lib/gcc/arm-none-eabi/4.9.3/../../../../arm-none-eabi/lib/armv6-m/libcr_c.a(_hugeval.o)
                0x000063f8                __huge_vall
 .rodata.str1.1
                0x00006400       0x18 /usr/local/lpcxpresso_8.0.0_526/lpcxpresso/tools/bin/../lib/gcc/arm-none-eabi/4.9.3/../../../../arm-none-eabi/lib/armv6-m/libcr_c.a(alloc.o)
                0x00006418                . = ALIGN (0x4)

.glue_7         0x00006418        0x0
 .glue_7        0x00000000        0x0 linker stubs

.glue_7t        0x00006418        0x0
 .glue_7t       0x00000000        0x0 linker stubs

.vfp11_veneer   0x00006418        0x0
 .vfp11_veneer  0x00000000        0x0 linker stubs

.v4_bx          0x00006418        0x0
 .v4_bx         0x00000000        0x0 linker stubs

.iplt           0x00006418        0x0
 .iplt          0x00000000        0x0 ./src/MoonLander-i2c.o

.rel.dyn        0x00006418        0x0
 .rel.iplt      0x00000000        0x0 ./src/MoonLander-i2c.o

.ARM.extab
 *(.ARM.extab* .gnu.linkonce.armextab.*)
                0x00006418                __exidx_start = .

.ARM.exidx
 *(.ARM.exidx* .gnu.linkonce.armexidx.*)
                0x00006418                __exidx_end = .
                0x00006418                _etext = .

.mtb_buffer_default
                0x10000000      0x100
 *(.mtb*)
 .mtb.$RAM1     0x10000000      0x100 ./src/mtb.o
                0x10000000                __mtb_buffer__

.uninit_RESERVED
                0x10000100        0x0
 *(.bss.$RESERVED*)
                0x10000100                . = ALIGN (0x4)
                0x10000100                _end_uninit_RESERVED = .

.data           0x10000100      0x890 load address 0x00006418
 FILL mask 0xff
                0x10000100                _data = .
 *(vtable)
 *(.ramfunc*)
 *(.data*)
 .data.south_offset_y
                0x10000100       0x10 ./src/bicorder-compass.o
                0x10000100                south_offset_y
 .data.north_offset_x
                0x10000110       0x10 ./src/bicorder-compass.o
                0x10000110                north_offset_x
 .data.north_offset_y
                0x10000120       0x10 ./src/bicorder-compass.o
                0x10000120                north_offset_y
 .data.base_offset_x
                0x10000130       0x10 ./src/bicorder-compass.o
                0x10000130                base_offset_x
 .data.south_offset_x
                0x10000140       0x10 ./src/bicorder-compass.o
                0x10000140                south_offset_x
 .data.base_offset_y
                0x10000150       0x10 ./src/bicorder-compass.o
                0x10000150                base_offset_y
 .data.g_right_display
                0x10000160        0x1 ./src/bicorder.o
 *fill*         0x10000161        0x3 
 .data.sample_counter_rh.7895
                0x10000164        0x4 ./src/bicorder.o
 .data.sample_counter_mag.7896
                0x10000168        0x4 ./src/bicorder.o
 .data.sample_counter_range.7900
                0x1000016c        0x4 ./src/bicorder.o
 .data.FONT_3_5_1BPP_FontElement_uc_Y_Data
                0x10000170        0x5 ./eGFX/SRC/Fonts/FONT_3_5_1BPP.o
                0x10000170                FONT_3_5_1BPP_FontElement_uc_Y_Data
 *fill*         0x10000175        0x3 
 .data.FONT_3_5_1BPP_FontElement_delete
                0x10000178        0xc ./eGFX/SRC/Fonts/FONT_3_5_1BPP.o
                0x10000178                FONT_3_5_1BPP_FontElement_delete
 .data.FONT_3_5_1BPP_FontElement_lc_v_Data
                0x10000184        0x5 ./eGFX/SRC/Fonts/FONT_3_5_1BPP.o
                0x10000184                FONT_3_5_1BPP_FontElement_lc_v_Data
 *fill*         0x10000189        0x3 
 .data.FONT_3_5_1BPP_FontElement_exclamation_point
                0x1000018c        0xc ./eGFX/SRC/Fonts/FONT_3_5_1BPP.o
                0x1000018c                FONT_3_5_1BPP_FontElement_exclamation_point
 .data.FONT_3_5_1BPP
                0x10000198      0x190 ./eGFX/SRC/Fonts/FONT_3_5_1BPP.o
                0x10000198                FONT_3_5_1BPP
 .data.FONT_3_5_1BPP_FontElement_right_bracket_Data
                0x10000328        0x5 ./eGFX/SRC/Fonts/FONT_3_5_1BPP.o
                0x10000328                FONT_3_5_1BPP_FontElement_right_bracket_Data
 .data.FONT_3_5_1BPP_FontElement_8_Data
                0x1000032d        0x5 ./eGFX/SRC/Fonts/FONT_3_5_1BPP.o
                0x1000032d                FONT_3_5_1BPP_FontElement_8_Data
 .data.FONT_3_5_1BPP_FontElement_uc_A_Data
                0x10000332        0x5 ./eGFX/SRC/Fonts/FONT_3_5_1BPP.o
                0x10000332                FONT_3_5_1BPP_FontElement_uc_A_Data
 .data.FONT_3_5_1BPP_FontElement_uc_J_Data
                0x10000337        0x5 ./eGFX/SRC/Fonts/FONT_3_5_1BPP.o
                0x10000337                FONT_3_5_1BPP_FontElement_uc_J_Data
 .data.FONT_3_5_1BPP_FontElement_lc_h_Data
                0x1000033c        0x5 ./eGFX/SRC/Fonts/FONT_3_5_1BPP.o
                0x1000033c                FONT_3_5_1BPP_FontElement_lc_h_Data
 *fill*         0x10000341        0x3 
 .data.FONT_3_5_1BPP_FontElement_double_quotes
                0x10000344        0xc ./eGFX/SRC/Fonts/FONT_3_5_1BPP.o
                0x10000344                FONT_3_5_1BPP_FontElement_double_quotes
 .data.FONT_3_5_1BPP_FontElement_lc_q_Data
                0x10000350        0x5 ./eGFX/SRC/Fonts/FONT_3_5_1BPP.o
                0x10000350                FONT_3_5_1BPP_FontElement_lc_q_Data
 .data.FONT_3_5_1BPP_FontElement_dash_Data
                0x10000355        0x5 ./eGFX/SRC/Fonts/FONT_3_5_1BPP.o
                0x10000355                FONT_3_5_1BPP_FontElement_dash_Data
 .data.FONT_3_5_1BPP_FontElement_dollar_sign_Data
                0x1000035a        0x5 ./eGFX/SRC/Fonts/FONT_3_5_1BPP.o
                0x1000035a                FONT_3_5_1BPP_FontElement_dollar_sign_Data
 .data.FONT_3_5_1BPP_FontElement_lc_z_Data
                0x1000035f        0x5 ./eGFX/SRC/Fonts/FONT_3_5_1BPP.o
                0x1000035f                FONT_3_5_1BPP_FontElement_lc_z_Data
 .data.FONT_3_5_1BPP_FontElement_semicolon_Data
                0x10000364        0x5 ./eGFX/SRC/Fonts/FONT_3_5_1BPP.o
                0x10000364                FONT_3_5_1BPP_FontElement_semicolon_Data
 .data.FONT_3_5_1BPP_FontElement_lc_p_Data
                0x10000369        0x5 ./eGFX/SRC/Fonts/FONT_3_5_1BPP.o
                0x10000369                FONT_3_5_1BPP_FontElement_lc_p_Data
 *fill*         0x1000036e        0x2 
 .data.FONT_3_5_1BPP_FontElement_star
                0x10000370        0xc ./eGFX/SRC/Fonts/FONT_3_5_1BPP.o
                0x10000370                FONT_3_5_1BPP_FontElement_star
 .data.FONT_3_5_1BPP_FontElement_0
                0x1000037c        0xc ./eGFX/SRC/Fonts/FONT_3_5_1BPP.o
                0x1000037c                FONT_3_5_1BPP_FontElement_0
 .data.FONT_3_5_1BPP_FontElement_1
                0x10000388        0xc ./eGFX/SRC/Fonts/FONT_3_5_1BPP.o
                0x10000388                FONT_3_5_1BPP_FontElement_1
 .data.FONT_3_5_1BPP_FontElement_2
                0x10000394        0xc ./eGFX/SRC/Fonts/FONT_3_5_1BPP.o
                0x10000394                FONT_3_5_1BPP_FontElement_2
 .data.FONT_3_5_1BPP_FontElement_3
                0x100003a0        0xc ./eGFX/SRC/Fonts/FONT_3_5_1BPP.o
                0x100003a0                FONT_3_5_1BPP_FontElement_3
 .data.FONT_3_5_1BPP_FontElement_4
                0x100003ac        0xc ./eGFX/SRC/Fonts/FONT_3_5_1BPP.o
                0x100003ac                FONT_3_5_1BPP_FontElement_4
 .data.FONT_3_5_1BPP_FontElement_5
                0x100003b8        0xc ./eGFX/SRC/Fonts/FONT_3_5_1BPP.o
                0x100003b8                FONT_3_5_1BPP_FontElement_5
 .data.FONT_3_5_1BPP_FontElement_6
                0x100003c4        0xc ./eGFX/SRC/Fonts/FONT_3_5_1BPP.o
                0x100003c4                FONT_3_5_1BPP_FontElement_6
 .data.FONT_3_5_1BPP_FontElement_7
                0x100003d0        0xc ./eGFX/SRC/Fonts/FONT_3_5_1BPP.o
                0x100003d0                FONT_3_5_1BPP_FontElement_7
 .data.FONT_3_5_1BPP_FontElement_8
                0x100003dc        0xc ./eGFX/SRC/Fonts/FONT_3_5_1BPP.o
                0x100003dc                FONT_3_5_1BPP_FontElement_8
 .data.FONT_3_5_1BPP_FontElement_9
                0x100003e8        0xc ./eGFX/SRC/Fonts/FONT_3_5_1BPP.o
                0x100003e8                FONT_3_5_1BPP_FontElement_9
 .data.FONT_3_5_1BPP_FontElement_0_Data
                0x100003f4        0x5 ./eGFX/SRC/Fonts/FONT_3_5_1BPP.o
                0x100003f4                FONT_3_5_1BPP_FontElement_0_Data
 .data.FONT_3_5_1BPP_FontElement_9_Data
                0x100003f9        0x5 ./eGFX/SRC/Fonts/FONT_3_5_1BPP.o
                0x100003f9                FONT_3_5_1BPP_FontElement_9_Data
 .data.FONT_3_5_1BPP_FontElement_lc_d_Data
                0x100003fe        0x5 ./eGFX/SRC/Fonts/FONT_3_5_1BPP.o
                0x100003fe                FONT_3_5_1BPP_FontElement_lc_d_Data
 .data.FONT_3_5_1BPP_FontElement_uc_B_Data
                0x10000403        0x5 ./eGFX/SRC/Fonts/FONT_3_5_1BPP.o
                0x10000403                FONT_3_5_1BPP_FontElement_uc_B_Data
 .data.FONT_3_5_1BPP_FontElement_uc_K_Data
                0x10000408        0x5 ./eGFX/SRC/Fonts/FONT_3_5_1BPP.o
                0x10000408                FONT_3_5_1BPP_FontElement_uc_K_Data
 .data.FONT_3_5_1BPP_FontElement_uc_T_Data
                0x1000040d        0x5 ./eGFX/SRC/Fonts/FONT_3_5_1BPP.o
                0x1000040d                FONT_3_5_1BPP_FontElement_uc_T_Data
 .data.FONT_3_5_1BPP_FontElement_carret_Data
                0x10000412        0x5 ./eGFX/SRC/Fonts/FONT_3_5_1BPP.o
                0x10000412                FONT_3_5_1BPP_FontElement_carret_Data
 *fill*         0x10000417        0x1 
 .data.FONT_3_5_1BPP_FontElement_vertical_bar
                0x10000418        0xc ./eGFX/SRC/Fonts/FONT_3_5_1BPP.o
                0x10000418                FONT_3_5_1BPP_FontElement_vertical_bar
 .data.FONT_3_5_1BPP_FontElement_precent_sign
                0x10000424        0xc ./eGFX/SRC/Fonts/FONT_3_5_1BPP.o
                0x10000424                FONT_3_5_1BPP_FontElement_precent_sign
 .data.FONT_3_5_1BPP_FontElement_tilde_Data
                0x10000430        0x5 ./eGFX/SRC/Fonts/FONT_3_5_1BPP.o
                0x10000430                FONT_3_5_1BPP_FontElement_tilde_Data
 .data.FONT_3_5_1BPP_FontElement_less_than_Data
                0x10000435        0x5 ./eGFX/SRC/Fonts/FONT_3_5_1BPP.o
                0x10000435                FONT_3_5_1BPP_FontElement_less_than_Data
 .data.FONT_3_5_1BPP_FontElement_exclamation_point_Data
                0x1000043a        0x5 ./eGFX/SRC/Fonts/FONT_3_5_1BPP.o
                0x1000043a                FONT_3_5_1BPP_FontElement_exclamation_point_Data
 .data.FONT_3_5_1BPP_FontElement_lc_i_Data
                0x1000043f        0x5 ./eGFX/SRC/Fonts/FONT_3_5_1BPP.o
                0x1000043f                FONT_3_5_1BPP_FontElement_lc_i_Data
 .data.FONT_3_5_1BPP_FontElement_lc_r_Data
                0x10000444        0x5 ./eGFX/SRC/Fonts/FONT_3_5_1BPP.o
                0x10000444                FONT_3_5_1BPP_FontElement_lc_r_Data
 *fill*         0x10000449        0x3 
 .data.FONT_3_5_1BPP_FontElement_tilde
                0x1000044c        0xc ./eGFX/SRC/Fonts/FONT_3_5_1BPP.o
                0x1000044c                FONT_3_5_1BPP_FontElement_tilde
 .data.FONT_3_5_1BPP_FontElement_backslash_Data
                0x10000458        0x5 ./eGFX/SRC/Fonts/FONT_3_5_1BPP.o
                0x10000458                FONT_3_5_1BPP_FontElement_backslash_Data
 .data.FONT_3_5_1BPP_FontElement_uc_V_Data
                0x1000045d        0x5 ./eGFX/SRC/Fonts/FONT_3_5_1BPP.o
                0x1000045d                FONT_3_5_1BPP_FontElement_uc_V_Data
 *fill*         0x10000462        0x2 
 .data.FONT_3_5_1BPP_FontElement_single_quote
                0x10000464        0xc ./eGFX/SRC/Fonts/FONT_3_5_1BPP.o
                0x10000464                FONT_3_5_1BPP_FontElement_single_quote
 .data.FONT_3_5_1BPP_FontElement_double_quotes_Data
                0x10000470        0x5 ./eGFX/SRC/Fonts/FONT_3_5_1BPP.o
                0x10000470                FONT_3_5_1BPP_FontElement_double_quotes_Data
 *fill*         0x10000475        0x3 
 .data.FONT_3_5_1BPP_FontElement_right_parenthesis
                0x10000478        0xc ./eGFX/SRC/Fonts/FONT_3_5_1BPP.o
                0x10000478                FONT_3_5_1BPP_FontElement_right_parenthesis
 .data.FONT_3_5_1BPP_FontElement_1_Data
                0x10000484        0x5 ./eGFX/SRC/Fonts/FONT_3_5_1BPP.o
                0x10000484                FONT_3_5_1BPP_FontElement_1_Data
 .data.FONT_3_5_1BPP_FontElement_colon_Data
                0x10000489        0x5 ./eGFX/SRC/Fonts/FONT_3_5_1BPP.o
                0x10000489                FONT_3_5_1BPP_FontElement_colon_Data
 .data.FONT_3_5_1BPP_FontElement_uc_C_Data
                0x1000048e        0x5 ./eGFX/SRC/Fonts/FONT_3_5_1BPP.o
                0x1000048e                FONT_3_5_1BPP_FontElement_uc_C_Data
 .data.FONT_3_5_1BPP_FontElement_uc_L_Data
                0x10000493        0x5 ./eGFX/SRC/Fonts/FONT_3_5_1BPP.o
                0x10000493                FONT_3_5_1BPP_FontElement_uc_L_Data
 .data.FONT_3_5_1BPP_FontElement_uc_U_Data
                0x10000498        0x5 ./eGFX/SRC/Fonts/FONT_3_5_1BPP.o
                0x10000498                FONT_3_5_1BPP_FontElement_uc_U_Data
 .data.FONT_3_5_1BPP_FontElement_underscore_Data
                0x1000049d        0x5 ./eGFX/SRC/Fonts/FONT_3_5_1BPP.o
                0x1000049d                FONT_3_5_1BPP_FontElement_underscore_Data
 .data.FONT_3_5_1BPP_FontElement_comma_Data
                0x100004a2        0x5 ./eGFX/SRC/Fonts/FONT_3_5_1BPP.o
                0x100004a2                FONT_3_5_1BPP_FontElement_comma_Data
 *fill*         0x100004a7        0x1 
 .data.FONT_3_5_1BPP_FontElement_semicolon
                0x100004a8        0xc ./eGFX/SRC/Fonts/FONT_3_5_1BPP.o
                0x100004a8                FONT_3_5_1BPP_FontElement_semicolon
 .data.FONT_3_5_1BPP_FontElement_lc_s_Data
                0x100004b4        0x5 ./eGFX/SRC/Fonts/FONT_3_5_1BPP.o
                0x100004b4                FONT_3_5_1BPP_FontElement_lc_s_Data
 *fill*         0x100004b9        0x3 
 .data.FONT_3_5_1BPP_FontElement_colon
                0x100004bc        0xc ./eGFX/SRC/Fonts/FONT_3_5_1BPP.o
                0x100004bc                FONT_3_5_1BPP_FontElement_colon
 .data.FONT_3_5_1BPP_FontElement_dollar_sign
                0x100004c8        0xc ./eGFX/SRC/Fonts/FONT_3_5_1BPP.o
                0x100004c8                FONT_3_5_1BPP_FontElement_dollar_sign
 .data.FONT_3_5_1BPP_FontElement_question_mark_Data
                0x100004d4        0x5 ./eGFX/SRC/Fonts/FONT_3_5_1BPP.o
                0x100004d4                FONT_3_5_1BPP_FontElement_question_mark_Data
 .data.FONT_3_5_1BPP_FontElement_5_Data
                0x100004d9        0x5 ./eGFX/SRC/Fonts/FONT_3_5_1BPP.o
                0x100004d9                FONT_3_5_1BPP_FontElement_5_Data
 .data.FONT_3_5_1BPP_FontElement_lc_m_Data
                0x100004de        0x5 ./eGFX/SRC/Fonts/FONT_3_5_1BPP.o
                0x100004de                FONT_3_5_1BPP_FontElement_lc_m_Data
 .data.FONT_3_5_1BPP_FontElement_uc_G_Data
                0x100004e3        0x5 ./eGFX/SRC/Fonts/FONT_3_5_1BPP.o
                0x100004e3                FONT_3_5_1BPP_FontElement_uc_G_Data
 .data.FONT_3_5_1BPP_FontElement_carret
                0x100004e8        0xc ./eGFX/SRC/Fonts/FONT_3_5_1BPP.o
                0x100004e8                FONT_3_5_1BPP_FontElement_carret
 .data.FONT_3_5_1BPP_FontElement_right_curly_brace
                0x100004f4        0xc ./eGFX/SRC/Fonts/FONT_3_5_1BPP.o
                0x100004f4                FONT_3_5_1BPP_FontElement_right_curly_brace
 .data.FONT_3_5_1BPP_FontElement_lc_k_Data
                0x10000500        0x5 ./eGFX/SRC/Fonts/FONT_3_5_1BPP.o
                0x10000500                FONT_3_5_1BPP_FontElement_lc_k_Data
 .data.FONT_3_5_1BPP_FontElement_lc_n_Data
                0x10000505        0x5 ./eGFX/SRC/Fonts/FONT_3_5_1BPP.o
                0x10000505                FONT_3_5_1BPP_FontElement_lc_n_Data
 .data.FONT_3_5_1BPP_FontElement_lc_w_Data
                0x1000050a        0x5 ./eGFX/SRC/Fonts/FONT_3_5_1BPP.o
                0x1000050a                FONT_3_5_1BPP_FontElement_lc_w_Data
 .data.FONT_3_5_1BPP_FontElement_lc_a_Data
                0x1000050f        0x5 ./eGFX/SRC/Fonts/FONT_3_5_1BPP.o
                0x1000050f                FONT_3_5_1BPP_FontElement_lc_a_Data
 .data.FONT_3_5_1BPP_FontElement_slanted_single_quote
                0x10000514        0xc ./eGFX/SRC/Fonts/FONT_3_5_1BPP.o
                0x10000514                FONT_3_5_1BPP_FontElement_slanted_single_quote
 .data.FONT_3_5_1BPP_FontElement_left_parenthesis
                0x10000520        0xc ./eGFX/SRC/Fonts/FONT_3_5_1BPP.o
                0x10000520                FONT_3_5_1BPP_FontElement_left_parenthesis
 .data.FONT_3_5_1BPP_FontElement_right_bracket
                0x1000052c        0xc ./eGFX/SRC/Fonts/FONT_3_5_1BPP.o
                0x1000052c                FONT_3_5_1BPP_FontElement_right_bracket
 .data.FONT_3_5_1BPP_FontElement_6_Data
                0x10000538        0x5 ./eGFX/SRC/Fonts/FONT_3_5_1BPP.o
                0x10000538                FONT_3_5_1BPP_FontElement_6_Data
 .data.FONT_3_5_1BPP_FontElement_uc_H_Data
                0x1000053d        0x5 ./eGFX/SRC/Fonts/FONT_3_5_1BPP.o
                0x1000053d                FONT_3_5_1BPP_FontElement_uc_H_Data
 .data.FONT_3_5_1BPP_FontElement_uc_Q_Data
                0x10000542        0x5 ./eGFX/SRC/Fonts/FONT_3_5_1BPP.o
                0x10000542                FONT_3_5_1BPP_FontElement_uc_Q_Data
 *fill*         0x10000547        0x1 
 .data.FONT_3_5_1BPP_FontElement_ampersand
                0x10000548        0xc ./eGFX/SRC/Fonts/FONT_3_5_1BPP.o
                0x10000548                FONT_3_5_1BPP_FontElement_ampersand
 .data.FONT_3_5_1BPP_FontElement_uc_Z_Data
                0x10000554        0x5 ./eGFX/SRC/Fonts/FONT_3_5_1BPP.o
                0x10000554                FONT_3_5_1BPP_FontElement_uc_Z_Data
 .data.FONT_3_5_1BPP_FontElement_single_quote_Data
                0x10000559        0x5 ./eGFX/SRC/Fonts/FONT_3_5_1BPP.o
                0x10000559                FONT_3_5_1BPP_FontElement_single_quote_Data
 .data.FONT_3_5_1BPP_FontElement_slanted_single_quote_Data
                0x1000055e        0x5 ./eGFX/SRC/Fonts/FONT_3_5_1BPP.o
                0x1000055e                FONT_3_5_1BPP_FontElement_slanted_single_quote_Data
 .data.FONT_3_5_1BPP_FontElement_lc_f_Data
                0x10000563        0x5 ./eGFX/SRC/Fonts/FONT_3_5_1BPP.o
                0x10000563                FONT_3_5_1BPP_FontElement_lc_f_Data
 .data.FONT_3_5_1BPP_FontElement_at
                0x10000568        0xc ./eGFX/SRC/Fonts/FONT_3_5_1BPP.o
                0x10000568                FONT_3_5_1BPP_FontElement_at
 .data.FONT_3_5_1BPP_FontElement_plus
                0x10000574        0xc ./eGFX/SRC/Fonts/FONT_3_5_1BPP.o
                0x10000574                FONT_3_5_1BPP_FontElement_plus
 .data.FONT_3_5_1BPP_FontElement_lc_x_Data
                0x10000580        0x5 ./eGFX/SRC/Fonts/FONT_3_5_1BPP.o
                0x10000580                FONT_3_5_1BPP_FontElement_lc_x_Data
 *fill*         0x10000585        0x3 
 .data.FONT_3_5_1BPP_FontElement_dash
                0x10000588        0xc ./eGFX/SRC/Fonts/FONT_3_5_1BPP.o
                0x10000588                FONT_3_5_1BPP_FontElement_dash
 .data.FONT_3_5_1BPP_FontElement_left_curly_brace_Data
                0x10000594        0x5 ./eGFX/SRC/Fonts/FONT_3_5_1BPP.o
                0x10000594                FONT_3_5_1BPP_FontElement_left_curly_brace_Data
 *fill*         0x10000599        0x3 
 .data.FONT_3_5_1BPP_FontElement_space
                0x1000059c        0xc ./eGFX/SRC/Fonts/FONT_3_5_1BPP.o
                0x1000059c                FONT_3_5_1BPP_FontElement_space
 .data.FONT_3_5_1BPP_FontElement_left_curly_brace
                0x100005a8        0xc ./eGFX/SRC/Fonts/FONT_3_5_1BPP.o
                0x100005a8                FONT_3_5_1BPP_FontElement_left_curly_brace
 .data.FONT_3_5_1BPP_FontElement_period_Data
                0x100005b4        0x5 ./eGFX/SRC/Fonts/FONT_3_5_1BPP.o
                0x100005b4                FONT_3_5_1BPP_FontElement_period_Data
 *fill*         0x100005b9        0x3 
 .data.FONT_3_5_1BPP_FontElement_less_than
                0x100005bc        0xc ./eGFX/SRC/Fonts/FONT_3_5_1BPP.o
                0x100005bc                FONT_3_5_1BPP_FontElement_less_than
 .data.FONT_3_5_1BPP_FontElement_7_Data
                0x100005c8        0x5 ./eGFX/SRC/Fonts/FONT_3_5_1BPP.o
                0x100005c8                FONT_3_5_1BPP_FontElement_7_Data
 *fill*         0x100005cd        0x3 
 .data.FONT_3_5_1BPP_FontElement_period
                0x100005d0        0xc ./eGFX/SRC/Fonts/FONT_3_5_1BPP.o
                0x100005d0                FONT_3_5_1BPP_FontElement_period
 .data.FONT_3_5_1BPP_FontElement_uc_A
                0x100005dc        0xc ./eGFX/SRC/Fonts/FONT_3_5_1BPP.o
                0x100005dc                FONT_3_5_1BPP_FontElement_uc_A
 .data.FONT_3_5_1BPP_FontElement_uc_I_Data
                0x100005e8        0x5 ./eGFX/SRC/Fonts/FONT_3_5_1BPP.o
                0x100005e8                FONT_3_5_1BPP_FontElement_uc_I_Data
 *fill*         0x100005ed        0x3 
 .data.FONT_3_5_1BPP_FontElement_uc_C
                0x100005f0        0xc ./eGFX/SRC/Fonts/FONT_3_5_1BPP.o
                0x100005f0                FONT_3_5_1BPP_FontElement_uc_C
 .data.FONT_3_5_1BPP_FontElement_uc_R_Data
                0x100005fc        0x5 ./eGFX/SRC/Fonts/FONT_3_5_1BPP.o
                0x100005fc                FONT_3_5_1BPP_FontElement_uc_R_Data
 *fill*         0x10000601        0x3 
 .data.FONT_3_5_1BPP_FontElement_uc_E
                0x10000604        0xc ./eGFX/SRC/Fonts/FONT_3_5_1BPP.o
                0x10000604                FONT_3_5_1BPP_FontElement_uc_E
 .data.FONT_3_5_1BPP_FontElement_uc_F
                0x10000610        0xc ./eGFX/SRC/Fonts/FONT_3_5_1BPP.o
                0x10000610                FONT_3_5_1BPP_FontElement_uc_F
 .data.FONT_3_5_1BPP_FontElement_uc_G
                0x1000061c        0xc ./eGFX/SRC/Fonts/FONT_3_5_1BPP.o
                0x1000061c                FONT_3_5_1BPP_FontElement_uc_G
 .data.FONT_3_5_1BPP_FontElement_forward_slash
                0x10000628        0xc ./eGFX/SRC/Fonts/FONT_3_5_1BPP.o
                0x10000628                FONT_3_5_1BPP_FontElement_forward_slash
 .data.FONT_3_5_1BPP_FontElement_uc_I
                0x10000634        0xc ./eGFX/SRC/Fonts/FONT_3_5_1BPP.o
                0x10000634                FONT_3_5_1BPP_FontElement_uc_I
 .data.FONT_3_5_1BPP_FontElement_uc_J
                0x10000640        0xc ./eGFX/SRC/Fonts/FONT_3_5_1BPP.o
                0x10000640                FONT_3_5_1BPP_FontElement_uc_J
 .data.FONT_3_5_1BPP_FontElement_lc_j_Data
                0x1000064c        0x5 ./eGFX/SRC/Fonts/FONT_3_5_1BPP.o
                0x1000064c                FONT_3_5_1BPP_FontElement_lc_j_Data
 *fill*         0x10000651        0x3 
 .data.FONT_3_5_1BPP_FontElement_uc_L
                0x10000654        0xc ./eGFX/SRC/Fonts/FONT_3_5_1BPP.o
                0x10000654                FONT_3_5_1BPP_FontElement_uc_L
 .data.FONT_3_5_1BPP_FontElement_uc_M
                0x10000660        0xc ./eGFX/SRC/Fonts/FONT_3_5_1BPP.o
                0x10000660                FONT_3_5_1BPP_FontElement_uc_M
 .data.FONT_3_5_1BPP_FontElement_uc_N
                0x1000066c        0xc ./eGFX/SRC/Fonts/FONT_3_5_1BPP.o
                0x1000066c                FONT_3_5_1BPP_FontElement_uc_N
 .data.FONT_3_5_1BPP_FontElement_uc_O
                0x10000678        0xc ./eGFX/SRC/Fonts/FONT_3_5_1BPP.o
                0x10000678                FONT_3_5_1BPP_FontElement_uc_O
 .data.FONT_3_5_1BPP_FontElement_uc_P
                0x10000684        0xc ./eGFX/SRC/Fonts/FONT_3_5_1BPP.o
                0x10000684                FONT_3_5_1BPP_FontElement_uc_P
 .data.FONT_3_5_1BPP_FontElement_uc_Q
                0x10000690        0xc ./eGFX/SRC/Fonts/FONT_3_5_1BPP.o
                0x10000690                FONT_3_5_1BPP_FontElement_uc_Q
 .data.FONT_3_5_1BPP_FontElement_uc_R
                0x1000069c        0xc ./eGFX/SRC/Fonts/FONT_3_5_1BPP.o
                0x1000069c                FONT_3_5_1BPP_FontElement_uc_R
 .data.FONT_3_5_1BPP_FontElement_uc_B
                0x100006a8        0xc ./eGFX/SRC/Fonts/FONT_3_5_1BPP.o
                0x100006a8                FONT_3_5_1BPP_FontElement_uc_B
 .data.FONT_3_5_1BPP_FontElement_uc_T
                0x100006b4        0xc ./eGFX/SRC/Fonts/FONT_3_5_1BPP.o
                0x100006b4                FONT_3_5_1BPP_FontElement_uc_T
 .data.FONT_3_5_1BPP_FontElement_uc_U
                0x100006c0        0xc ./eGFX/SRC/Fonts/FONT_3_5_1BPP.o
                0x100006c0                FONT_3_5_1BPP_FontElement_uc_U
 .data.FONT_3_5_1BPP_FontElement_uc_V
                0x100006cc        0xc ./eGFX/SRC/Fonts/FONT_3_5_1BPP.o
                0x100006cc                FONT_3_5_1BPP_FontElement_uc_V
 .data.FONT_3_5_1BPP_FontElement_lc_y_Data
                0x100006d8        0x5 ./eGFX/SRC/Fonts/FONT_3_5_1BPP.o
                0x100006d8                FONT_3_5_1BPP_FontElement_lc_y_Data
 *fill*         0x100006dd        0x3 
 .data.FONT_3_5_1BPP_FontElement_uc_X
                0x100006e0        0xc ./eGFX/SRC/Fonts/FONT_3_5_1BPP.o
                0x100006e0                FONT_3_5_1BPP_FontElement_uc_X
 .data.FONT_3_5_1BPP_FontElement_uc_Y
                0x100006ec        0xc ./eGFX/SRC/Fonts/FONT_3_5_1BPP.o
                0x100006ec                FONT_3_5_1BPP_FontElement_uc_Y
 .data.FONT_3_5_1BPP_FontElement_uc_Z
                0x100006f8        0xc ./eGFX/SRC/Fonts/FONT_3_5_1BPP.o
                0x100006f8                FONT_3_5_1BPP_FontElement_uc_Z
 .data.FONT_3_5_1BPP_FontElement_lc_a
                0x10000704        0xc ./eGFX/SRC/Fonts/FONT_3_5_1BPP.o
                0x10000704                FONT_3_5_1BPP_FontElement_lc_a
 .data.FONT_3_5_1BPP_FontElement_lc_b
                0x10000710        0xc ./eGFX/SRC/Fonts/FONT_3_5_1BPP.o
                0x10000710                FONT_3_5_1BPP_FontElement_lc_b
 .data.FONT_3_5_1BPP_FontElement_lc_c
                0x1000071c        0xc ./eGFX/SRC/Fonts/FONT_3_5_1BPP.o
                0x1000071c                FONT_3_5_1BPP_FontElement_lc_c
 .data.FONT_3_5_1BPP_FontElement_uc_H
                0x10000728        0xc ./eGFX/SRC/Fonts/FONT_3_5_1BPP.o
                0x10000728                FONT_3_5_1BPP_FontElement_uc_H
 .data.FONT_3_5_1BPP_FontElement_lc_e
                0x10000734        0xc ./eGFX/SRC/Fonts/FONT_3_5_1BPP.o
                0x10000734                FONT_3_5_1BPP_FontElement_lc_e
 .data.FONT_3_5_1BPP_FontElement_lc_f
                0x10000740        0xc ./eGFX/SRC/Fonts/FONT_3_5_1BPP.o
                0x10000740                FONT_3_5_1BPP_FontElement_lc_f
 .data.FONT_3_5_1BPP_FontElement_lc_g
                0x1000074c        0xc ./eGFX/SRC/Fonts/FONT_3_5_1BPP.o
                0x1000074c                FONT_3_5_1BPP_FontElement_lc_g
 .data.FONT_3_5_1BPP_FontElement_lc_h
                0x10000758        0xc ./eGFX/SRC/Fonts/FONT_3_5_1BPP.o
                0x10000758                FONT_3_5_1BPP_FontElement_lc_h
 .data.FONT_3_5_1BPP_FontElement_lc_i
                0x10000764        0xc ./eGFX/SRC/Fonts/FONT_3_5_1BPP.o
                0x10000764                FONT_3_5_1BPP_FontElement_lc_i
 .data.FONT_3_5_1BPP_FontElement_lc_j
                0x10000770        0xc ./eGFX/SRC/Fonts/FONT_3_5_1BPP.o
                0x10000770                FONT_3_5_1BPP_FontElement_lc_j
 .data.FONT_3_5_1BPP_FontElement_lc_k
                0x1000077c        0xc ./eGFX/SRC/Fonts/FONT_3_5_1BPP.o
                0x1000077c                FONT_3_5_1BPP_FontElement_lc_k
 .data.FONT_3_5_1BPP_FontElement_lc_l
                0x10000788        0xc ./eGFX/SRC/Fonts/FONT_3_5_1BPP.o
                0x10000788                FONT_3_5_1BPP_FontElement_lc_l
 .data.FONT_3_5_1BPP_FontElement_lc_m
                0x10000794        0xc ./eGFX/SRC/Fonts/FONT_3_5_1BPP.o
                0x10000794                FONT_3_5_1BPP_FontElement_lc_m
 .data.FONT_3_5_1BPP_FontElement_lc_n
                0x100007a0        0xc ./eGFX/SRC/Fonts/FONT_3_5_1BPP.o
                0x100007a0                FONT_3_5_1BPP_FontElement_lc_n
 .data.FONT_3_5_1BPP_FontElement_2_Data
                0x100007ac        0x5 ./eGFX/SRC/Fonts/FONT_3_5_1BPP.o
                0x100007ac                FONT_3_5_1BPP_FontElement_2_Data
 *fill*         0x100007b1        0x3 
 .data.FONT_3_5_1BPP_FontElement_lc_p
                0x100007b4        0xc ./eGFX/SRC/Fonts/FONT_3_5_1BPP.o
                0x100007b4                FONT_3_5_1BPP_FontElement_lc_p
 .data.FONT_3_5_1BPP_FontElement_lc_q
                0x100007c0        0xc ./eGFX/SRC/Fonts/FONT_3_5_1BPP.o
                0x100007c0                FONT_3_5_1BPP_FontElement_lc_q
 .data.FONT_3_5_1BPP_FontElement_lc_r
                0x100007cc        0xc ./eGFX/SRC/Fonts/FONT_3_5_1BPP.o
                0x100007cc                FONT_3_5_1BPP_FontElement_lc_r
 .data.FONT_3_5_1BPP_FontElement_lc_s
                0x100007d8        0xc ./eGFX/SRC/Fonts/FONT_3_5_1BPP.o
                0x100007d8                FONT_3_5_1BPP_FontElement_lc_s
 .data.FONT_3_5_1BPP_FontElement_uc_D_Data
                0x100007e4        0x5 ./eGFX/SRC/Fonts/FONT_3_5_1BPP.o
                0x100007e4                FONT_3_5_1BPP_FontElement_uc_D_Data
 *fill*         0x100007e9        0x3 
 .data.FONT_3_5_1BPP_FontElement_lc_u
                0x100007ec        0xc ./eGFX/SRC/Fonts/FONT_3_5_1BPP.o
                0x100007ec                FONT_3_5_1BPP_FontElement_lc_u
 .data.FONT_3_5_1BPP_FontElement_uc_M_Data
                0x100007f8        0x5 ./eGFX/SRC/Fonts/FONT_3_5_1BPP.o
                0x100007f8                FONT_3_5_1BPP_FontElement_uc_M_Data
 *fill*         0x100007fd        0x3 
 .data.FONT_3_5_1BPP_FontElement_lc_w
                0x10000800        0xc ./eGFX/SRC/Fonts/FONT_3_5_1BPP.o
                0x10000800                FONT_3_5_1BPP_FontElement_lc_w
 .data.FONT_3_5_1BPP_FontElement_lc_x
                0x1000080c        0xc ./eGFX/SRC/Fonts/FONT_3_5_1BPP.o
                0x1000080c                FONT_3_5_1BPP_FontElement_lc_x
 .data.FONT_3_5_1BPP_FontElement_lc_y
                0x10000818        0xc ./eGFX/SRC/Fonts/FONT_3_5_1BPP.o
                0x10000818                FONT_3_5_1BPP_FontElement_lc_y
 .data.FONT_3_5_1BPP_FontElement_lc_z
                0x10000824        0xc ./eGFX/SRC/Fonts/FONT_3_5_1BPP.o
                0x10000824                FONT_3_5_1BPP_FontElement_lc_z
 .data.FONT_3_5_1BPP_FontElement_left_bracket
                0x10000830        0xc ./eGFX/SRC/Fonts/FONT_3_5_1BPP.o
                0x10000830                FONT_3_5_1BPP_FontElement_left_bracket
 .data.FONT_3_5_1BPP_FontElement_great_than_Data
                0x1000083c        0x5 ./eGFX/SRC/Fonts/FONT_3_5_1BPP.o
                0x1000083c                FONT_3_5_1BPP_FontElement_great_than_Data
 *fill*         0x10000841        0x3 
 .data.FONT_3_5_1BPP_FontElement_great_than
                0x10000844        0xc ./eGFX/SRC/Fonts/FONT_3_5_1BPP.o
                0x10000844                FONT_3_5_1BPP_FontElement_great_than
 .data.FONT_3_5_1BPP_FontElement_equals
                0x10000850        0xc ./eGFX/SRC/Fonts/FONT_3_5_1BPP.o
                0x10000850                FONT_3_5_1BPP_FontElement_equals
 .data.FONT_3_5_1BPP_FontElement_pound
                0x1000085c        0xc ./eGFX/SRC/Fonts/FONT_3_5_1BPP.o
                0x1000085c                FONT_3_5_1BPP_FontElement_pound
 .data.FONT_3_5_1BPP_FontElement_uc_W
                0x10000868        0xc ./eGFX/SRC/Fonts/FONT_3_5_1BPP.o
                0x10000868                FONT_3_5_1BPP_FontElement_uc_W
 .data.FONT_3_5_1BPP_FontElement_star_Data
                0x10000874        0x5 ./eGFX/SRC/Fonts/FONT_3_5_1BPP.o
                0x10000874                FONT_3_5_1BPP_FontElement_star_Data
 .data.FONT_3_5_1BPP_FontElement_lc_b_Data
                0x10000879        0x5 ./eGFX/SRC/Fonts/FONT_3_5_1BPP.o
                0x10000879                FONT_3_5_1BPP_FontElement_lc_b_Data
 .data.FONT_3_5_1BPP_FontElement_uc_S_Data
                0x1000087e        0x5 ./eGFX/SRC/Fonts/FONT_3_5_1BPP.o
                0x1000087e                FONT_3_5_1BPP_FontElement_uc_S_Data
 .data.FONT_3_5_1BPP_FontElement_lc_t_Data
                0x10000883        0x5 ./eGFX/SRC/Fonts/FONT_3_5_1BPP.o
                0x10000883                FONT_3_5_1BPP_FontElement_lc_t_Data
 .data.FONT_3_5_1BPP_FontElement_uc_P_Data
                0x10000888        0x5 ./eGFX/SRC/Fonts/FONT_3_5_1BPP.o
                0x10000888                FONT_3_5_1BPP_FontElement_uc_P_Data
 *fill*         0x1000088d        0x3 
 .data.FONT_3_5_1BPP_FontElement_uc_D
                0x10000890        0xc ./eGFX/SRC/Fonts/FONT_3_5_1BPP.o
                0x10000890                FONT_3_5_1BPP_FontElement_uc_D
 .data.FONT_3_5_1BPP_FontElement_uc_S
                0x1000089c        0xc ./eGFX/SRC/Fonts/FONT_3_5_1BPP.o
                0x1000089c                FONT_3_5_1BPP_FontElement_uc_S
 .data.FONT_3_5_1BPP_FontElement_lc_d
                0x100008a8        0xc ./eGFX/SRC/Fonts/FONT_3_5_1BPP.o
                0x100008a8                FONT_3_5_1BPP_FontElement_lc_d
 .data.FONT_3_5_1BPP_FontElement_uc_K
                0x100008b4        0xc ./eGFX/SRC/Fonts/FONT_3_5_1BPP.o
                0x100008b4                FONT_3_5_1BPP_FontElement_uc_K
 .data.FONT_3_5_1BPP_FontElement_forward_slash_Data
                0x100008c0        0x5 ./eGFX/SRC/Fonts/FONT_3_5_1BPP.o
                0x100008c0                FONT_3_5_1BPP_FontElement_forward_slash_Data
 .data.FONT_3_5_1BPP_FontElement_at_Data
                0x100008c5        0x5 ./eGFX/SRC/Fonts/FONT_3_5_1BPP.o
                0x100008c5                FONT_3_5_1BPP_FontElement_at_Data
 .data.FONT_3_5_1BPP_FontElement_right_parenthesis_Data
                0x100008ca        0x5 ./eGFX/SRC/Fonts/FONT_3_5_1BPP.o
                0x100008ca                FONT_3_5_1BPP_FontElement_right_parenthesis_Data
 .data.FONT_3_5_1BPP_FontElement_3_Data
                0x100008cf        0x5 ./eGFX/SRC/Fonts/FONT_3_5_1BPP.o
                0x100008cf                FONT_3_5_1BPP_FontElement_3_Data
 .data.FONT_3_5_1BPP_FontElement_uc_E_Data
                0x100008d4        0x5 ./eGFX/SRC/Fonts/FONT_3_5_1BPP.o
                0x100008d4                FONT_3_5_1BPP_FontElement_uc_E_Data
 *fill*         0x100008d9        0x3 
 .data.FONT_3_5_1BPP_FontElement_lc_o
                0x100008dc        0xc ./eGFX/SRC/Fonts/FONT_3_5_1BPP.o
                0x100008dc                FONT_3_5_1BPP_FontElement_lc_o
 .data.FONT_3_5_1BPP_FontElement_uc_N_Data
                0x100008e8        0x5 ./eGFX/SRC/Fonts/FONT_3_5_1BPP.o
                0x100008e8                FONT_3_5_1BPP_FontElement_uc_N_Data
 .data.FONT_3_5_1BPP_FontElement_uc_W_Data
                0x100008ed        0x5 ./eGFX/SRC/Fonts/FONT_3_5_1BPP.o
                0x100008ed                FONT_3_5_1BPP_FontElement_uc_W_Data
 *fill*         0x100008f2        0x2 
 .data.FONT_3_5_1BPP_FontElement_lc_t
                0x100008f4        0xc ./eGFX/SRC/Fonts/FONT_3_5_1BPP.o
                0x100008f4                FONT_3_5_1BPP_FontElement_lc_t
 .data.FONT_3_5_1BPP_FontElement_question_mark
                0x10000900        0xc ./eGFX/SRC/Fonts/FONT_3_5_1BPP.o
                0x10000900                FONT_3_5_1BPP_FontElement_question_mark
 .data.FONT_3_5_1BPP_FontElement_lc_v
                0x1000090c        0xc ./eGFX/SRC/Fonts/FONT_3_5_1BPP.o
                0x1000090c                FONT_3_5_1BPP_FontElement_lc_v
 .data.FONT_3_5_1BPP_FontElement_left_parenthesis_Data
                0x10000918        0x5 ./eGFX/SRC/Fonts/FONT_3_5_1BPP.o
                0x10000918                FONT_3_5_1BPP_FontElement_left_parenthesis_Data
 .data.FONT_3_5_1BPP_FontElement_lc_c_Data
                0x1000091d        0x5 ./eGFX/SRC/Fonts/FONT_3_5_1BPP.o
                0x1000091d                FONT_3_5_1BPP_FontElement_lc_c_Data
 .data.FONT_3_5_1BPP_FontElement_lc_l_Data
                0x10000922        0x5 ./eGFX/SRC/Fonts/FONT_3_5_1BPP.o
                0x10000922                FONT_3_5_1BPP_FontElement_lc_l_Data
 *fill*         0x10000927        0x1 
 .data.FONT_3_5_1BPP_FontElement_comma
                0x10000928        0xc ./eGFX/SRC/Fonts/FONT_3_5_1BPP.o
                0x10000928                FONT_3_5_1BPP_FontElement_comma
 .data.FONT_3_5_1BPP_FontElement_lc_u_Data
                0x10000934        0x5 ./eGFX/SRC/Fonts/FONT_3_5_1BPP.o
                0x10000934                FONT_3_5_1BPP_FontElement_lc_u_Data
 .data.FONT_3_5_1BPP_FontElement_right_curly_brace_Data
                0x10000939        0x5 ./eGFX/SRC/Fonts/FONT_3_5_1BPP.o
                0x10000939                FONT_3_5_1BPP_FontElement_right_curly_brace_Data
 .data.FONT_3_5_1BPP_FontElement_lc_g_Data
                0x1000093e        0x5 ./eGFX/SRC/Fonts/FONT_3_5_1BPP.o
                0x1000093e                FONT_3_5_1BPP_FontElement_lc_g_Data
 *fill*         0x10000943        0x1 
 .data.FONT_3_5_1BPP_FontElement_underscore
                0x10000944        0xc ./eGFX/SRC/Fonts/FONT_3_5_1BPP.o
                0x10000944                FONT_3_5_1BPP_FontElement_underscore
 .data.FONT_3_5_1BPP_FontElement_plus_Data
                0x10000950        0x5 ./eGFX/SRC/Fonts/FONT_3_5_1BPP.o
                0x10000950                FONT_3_5_1BPP_FontElement_plus_Data
 .data.FONT_3_5_1BPP_FontElement_lc_o_Data
                0x10000955        0x5 ./eGFX/SRC/Fonts/FONT_3_5_1BPP.o
                0x10000955                FONT_3_5_1BPP_FontElement_lc_o_Data
 .data.FONT_3_5_1BPP_FontElement_vertical_bar_Data
                0x1000095a        0x5 ./eGFX/SRC/Fonts/FONT_3_5_1BPP.o
                0x1000095a                FONT_3_5_1BPP_FontElement_vertical_bar_Data
 .data.FONT_3_5_1BPP_FontElement_left_bracket_Data
                0x1000095f        0x5 ./eGFX/SRC/Fonts/FONT_3_5_1BPP.o
                0x1000095f                FONT_3_5_1BPP_FontElement_left_bracket_Data
 .data.FONT_3_5_1BPP_FontElement_lc_e_Data
                0x10000964        0x5 ./eGFX/SRC/Fonts/FONT_3_5_1BPP.o
                0x10000964                FONT_3_5_1BPP_FontElement_lc_e_Data
 .data.FONT_3_5_1BPP_FontElement_4_Data
                0x10000969        0x5 ./eGFX/SRC/Fonts/FONT_3_5_1BPP.o
                0x10000969                FONT_3_5_1BPP_FontElement_4_Data
 .data.FONT_3_5_1BPP_FontElement_uc_F_Data
                0x1000096e        0x5 ./eGFX/SRC/Fonts/FONT_3_5_1BPP.o
                0x1000096e                FONT_3_5_1BPP_FontElement_uc_F_Data
 .data.FONT_3_5_1BPP_FontElement_uc_O_Data
                0x10000973        0x5 ./eGFX/SRC/Fonts/FONT_3_5_1BPP.o
                0x10000973                FONT_3_5_1BPP_FontElement_uc_O_Data
 .data.FONT_3_5_1BPP_FontElement_uc_X_Data
                0x10000978        0x5 ./eGFX/SRC/Fonts/FONT_3_5_1BPP.o
                0x10000978                FONT_3_5_1BPP_FontElement_uc_X_Data
 .data.FONT_3_5_1BPP_FontElement_pound_Data
                0x1000097d        0x5 ./eGFX/SRC/Fonts/FONT_3_5_1BPP.o
                0x1000097d                FONT_3_5_1BPP_FontElement_pound_Data
 *fill*         0x10000982        0x2 
 .data.FONT_3_5_1BPP_FontElement_backslash
                0x10000984        0xc ./eGFX/SRC/Fonts/FONT_3_5_1BPP.o
                0x10000984                FONT_3_5_1BPP_FontElement_backslash
                0x10000990                . = ALIGN (0x4)
                0x10000990                _edata = .

.igot.plt       0x10000990        0x0 load address 0x00006ca8
 .igot.plt      0x00000000        0x0 ./src/MoonLander-i2c.o

.bss            0x10000990      0x63c load address 0x00006ca8
                0x10000990                _bss = .
 *(.bss*)
 .bss.i2cmXferRec
                0x10000990       0x10 ./src/MoonLander-i2c.o
 .bss.g_millis_counter
                0x100009a0        0x4 ./src/bicorder.o
 .bss.g_plot_temp
                0x100009a4       0xc4 ./src/bicorder.o
 .bss.g_left_display
                0x10000a68        0x1 ./src/bicorder.o
 *fill*         0x10000a69        0x3 
 .bss.mag_y.7898
                0x10000a6c        0x4 ./src/bicorder.o
 .bss.g_compass
                0x10000a70        0x8 ./src/bicorder.o
 .bss.g_delayms_counter
                0x10000a78        0x4 ./src/bicorder.o
 .bss.g_HTU21D  0x10000a7c        0x8 ./src/bicorder.o
 .bss.g_sw_right_debouncing
                0x10000a84        0x1 ./src/bicorder.o
 *fill*         0x10000a85        0x3 
 .bss.g_plot_mag
                0x10000a88       0xc4 ./src/bicorder.o
 .bss.g_range_raw
                0x10000b4c        0x4 ./src/bicorder.o
 .bss.left_sw_engaged.7902
                0x10000b50        0x1 ./src/bicorder.o
 *fill*         0x10000b51        0x3 
 .bss.g_HMC5883L
                0x10000b54        0x8 ./src/bicorder.o
 .bss.g_go_to_sleep
                0x10000b5c        0x1 ./src/bicorder.o
 *fill*         0x10000b5d        0x3 
 .bss.right_sw_hold_counter.7903
                0x10000b60        0x4 ./src/bicorder.o
 .bss.left_sw_hold_counter.7901
                0x10000b64        0x4 ./src/bicorder.o
 .bss.mag_x.7897
                0x10000b68        0x4 ./src/bicorder.o
 .bss.sample_counter_temp.7894
                0x10000b6c        0x4 ./src/bicorder.o
 .bss.mag_z.7899
                0x10000b70        0x4 ./src/bicorder.o
 .bss.g_C12832A
                0x10000b74        0x8 ./src/bicorder.o
 .bss.g_sw_right_debounce_counter
                0x10000b7c        0x2 ./src/bicorder.o
 .bss.g_ignore_switches
                0x10000b7e        0x1 ./src/bicorder.o
 *fill*         0x10000b7f        0x1 
 .bss.g_plot_rh
                0x10000b80       0xc4 ./src/bicorder.o
 .bss.g_sw_left_debouncing
                0x10000c44        0x1 ./src/bicorder.o
 .bss.g_adc_sample_ready
                0x10000c45        0x1 ./src/bicorder.o
 .bss.g_sw_left_debounce_counter
                0x10000c46        0x2 ./src/bicorder.o
 .bss.right_sw_engaged.7904
                0x10000c48        0x1 ./src/bicorder.o
 .bss.FONT_3_5_1BPP_FontElement_precent_sign_Data
                0x10000c49        0x5 ./eGFX/SRC/Fonts/FONT_3_5_1BPP.o
                0x10000c49                FONT_3_5_1BPP_FontElement_precent_sign_Data
 .bss.FONT_3_5_1BPP_FontElement_equals_Data
                0x10000c4e        0x5 ./eGFX/SRC/Fonts/FONT_3_5_1BPP.o
                0x10000c4e                FONT_3_5_1BPP_FontElement_equals_Data
 .bss.FONT_3_5_1BPP_FontElement_space_Data
                0x10000c53        0x5 ./eGFX/SRC/Fonts/FONT_3_5_1BPP.o
                0x10000c53                FONT_3_5_1BPP_FontElement_space_Data
 .bss.FONT_3_5_1BPP_FontElement_ampersand_Data
                0x10000c58        0x5 ./eGFX/SRC/Fonts/FONT_3_5_1BPP.o
                0x10000c58                FONT_3_5_1BPP_FontElement_ampersand_Data
 .bss.FONT_3_5_1BPP_FontElement_delete_Data
                0x10000c5d        0x5 ./eGFX/SRC/Fonts/FONT_3_5_1BPP.o
                0x10000c5d                FONT_3_5_1BPP_FontElement_delete_Data
 *fill*         0x10000c62        0x2 
 .bss.errno     0x10000c64        0x4 /usr/local/lpcxpresso_8.0.0_526/lpcxpresso/tools/bin/../lib/gcc/arm-none-eabi/4.9.3/../../../../arm-none-eabi/lib/armv6-m/libcr_c.a(errno.o)
                0x10000c64                errno
 *(COMMON)
 COMMON         0x10000c68        0x8 ./src/cr_startup_lpc82x.o
                0x10000c68                pDivRom_uidiv
                0x10000c6c                pDivRom_idiv
 COMMON         0x10000c70      0x20c ./src/eGFX_Driver_C12832A_LPC824.o
                0x10000c70                BackBufferStore
                0x10000e70                eGFX_BackBuffer
 COMMON         0x10000e7c        0x4 /storage_b/Dropbox/NXPWorkspace/lpc_chip_82x/Debug/liblpc_chip_82x.a(chip_8xx.o)
                0x10000e7c                SystemCoreClock
 COMMON         0x10000e80        0x4 /usr/local/lpcxpresso_8.0.0_526/lpcxpresso/tools/bin/../lib/gcc/arm-none-eabi/4.9.3/../../../../arm-none-eabi/lib/armv6-m/libcr_c.a(initio.o)
                0x10000e80                _extra
 COMMON         0x10000e84      0x140 /usr/local/lpcxpresso_8.0.0_526/lpcxpresso/tools/bin/../lib/gcc/arm-none-eabi/4.9.3/../../../../arm-none-eabi/lib/armv6-m/libcr_c.a(stdio.o)
                0x10000e84                __Ciob
 COMMON         0x10000fc4        0x8 /usr/local/lpcxpresso_8.0.0_526/lpcxpresso/tools/bin/../lib/gcc/arm-none-eabi/4.9.3/../../../../arm-none-eabi/lib/armv6-m/libcr_c.a(__init_alloc.o)
                0x10000fc4                __heaps
                0x10000fc8                __end_of_heap
                0x10000fcc                . = ALIGN (0x4)
                0x10000fcc                _ebss = .
                0x10000fcc                PROVIDE (end, .)

.noinit         0x10000fcc        0x0 load address 0x00006ca8
                0x10000fcc                _noinit = .
 *(.noinit*)
                0x10000fcc                . = ALIGN (0x4)
                0x10000fcc                _end_noinit = .
                0x10000fcc                PROVIDE (_pvHeapStart, DEFINED (__user_heap_base)?__user_heap_base:.)
                0x10002000                PROVIDE (_vStackTop, DEFINED (__user_stack_top)?__user_stack_top:(__top_RamLoc8 - 0x0))
                0xefffdd51                PROVIDE (__valid_user_code_checksum, (0x0 - (((_vStackTop + (ResetISR + 0x1)) + (DEFINED (NMI_Handler)?NMI_Handler:M0_NMI_Handler + 0x1)) + (DEFINED (HardFault_Handler)?HardFault_Handler:M0_HardFault_Handler + 0x1))))
OUTPUT(bicorder.axf elf32-littlearm)

.debug_info     0x00000000    0x11a79
 .debug_info    0x00000000      0x641 ./src/MoonLander-i2c.o
 .debug_info    0x00000641       0x6f ./src/aeabi_romdiv_patch.o
 .debug_info    0x000006b0      0x6fb ./src/bicorder-compass.o
 .debug_info    0x00000dab      0x8f5 ./src/bicorder-plotter.o
 .debug_info    0x000016a0     0x2c2f ./src/bicorder.o
 .debug_info    0x000042cf      0x26b ./src/cr_startup_lpc82x.o
 .debug_info    0x0000453a       0x3f ./src/crp.o
 .debug_info    0x00004579     0x100e ./src/eGFX_Driver_C12832A_LPC824.o
 .debug_info    0x00005587      0x7c5 ./src/hmc5883l.o
 .debug_info    0x00005d4c      0x3c7 ./src/htu21d.o
 .debug_info    0x00006113       0x51 ./src/mtb.o
 .debug_info    0x00006164      0xecc ./src/sysinit.o
 .debug_info    0x00007030      0xee8 ./eGFX/SRC/Fonts/FONT_3_5_1BPP.o
 .debug_info    0x00007f18     0x4f59 ./eGFX/SRC/eGFX.o
 .debug_info    0x0000ce71      0x6b7 /storage_b/Dropbox/NXPWorkspace/lpc_chip_82x/Debug/liblpc_chip_82x.a(adc_8xx.o)
 .debug_info    0x0000d528      0x1c3 /storage_b/Dropbox/NXPWorkspace/lpc_chip_82x/Debug/liblpc_chip_82x.a(chip_8xx.o)
 .debug_info    0x0000d6eb      0xb5f /storage_b/Dropbox/NXPWorkspace/lpc_chip_82x/Debug/liblpc_chip_82x.a(clock_8xx.o)
 .debug_info    0x0000e24a      0x65c /storage_b/Dropbox/NXPWorkspace/lpc_chip_82x/Debug/liblpc_chip_82x.a(gpio_8xx.o)
 .debug_info    0x0000e8a6      0x7a4 /storage_b/Dropbox/NXPWorkspace/lpc_chip_82x/Debug/liblpc_chip_82x.a(i2c_common_8xx.o)
 .debug_info    0x0000f04a      0x525 /storage_b/Dropbox/NXPWorkspace/lpc_chip_82x/Debug/liblpc_chip_82x.a(i2cm_8xx.o)
 .debug_info    0x0000f56f      0x68c /storage_b/Dropbox/NXPWorkspace/lpc_chip_82x/Debug/liblpc_chip_82x.a(iocon_8xx.o)
 .debug_info    0x0000fbfb      0x2df /storage_b/Dropbox/NXPWorkspace/lpc_chip_82x/Debug/liblpc_chip_82x.a(pmu_8xx.o)
 .debug_info    0x0000feda      0x662 /storage_b/Dropbox/NXPWorkspace/lpc_chip_82x/Debug/liblpc_chip_82x.a(spi_8xx.o)
 .debug_info    0x0001053c      0x6fc /storage_b/Dropbox/NXPWorkspace/lpc_chip_82x/Debug/liblpc_chip_82x.a(spim_8xx.o)
 .debug_info    0x00010c38      0x404 /storage_b/Dropbox/NXPWorkspace/lpc_chip_82x/Debug/liblpc_chip_82x.a(swm_8xx.o)
 .debug_info    0x0001103c      0x48f /storage_b/Dropbox/NXPWorkspace/lpc_chip_82x/Debug/liblpc_chip_82x.a(syscon_8xx.o)
 .debug_info    0x000114cb      0x5ae /storage_b/Dropbox/NXPWorkspace/lpc_chip_82x/Debug/liblpc_chip_82x.a(sysinit_8xx.o)

.debug_abbrev   0x00000000     0x2b0c
 .debug_abbrev  0x00000000      0x1bf ./src/MoonLander-i2c.o
 .debug_abbrev  0x000001bf       0x12 ./src/aeabi_romdiv_patch.o
 .debug_abbrev  0x000001d1      0x220 ./src/bicorder-compass.o
 .debug_abbrev  0x000003f1      0x1ce ./src/bicorder-plotter.o
 .debug_abbrev  0x000005bf      0x488 ./src/bicorder.o
 .debug_abbrev  0x00000a47      0x111 ./src/cr_startup_lpc82x.o
 .debug_abbrev  0x00000b58       0x36 ./src/crp.o
 .debug_abbrev  0x00000b8e      0x2c2 ./src/eGFX_Driver_C12832A_LPC824.o
 .debug_abbrev  0x00000e50      0x256 ./src/hmc5883l.o
 .debug_abbrev  0x000010a6      0x16f ./src/htu21d.o
 .debug_abbrev  0x00001215       0x41 ./src/mtb.o
 .debug_abbrev  0x00001256      0x202 ./src/sysinit.o