Archive member included because of file (symbol)

/storage_b/Dropbox/NXPWorkspace/lpc_chip_82x/Debug/liblpc_chip_82x.a(chip_8xx.o)
                              ./src/MoonLander-bamf.o (SystemCoreClockUpdate)
/storage_b/Dropbox/NXPWorkspace/lpc_chip_82x/Debug/liblpc_chip_82x.a(clock_8xx.o)
                              ./src/sysinit.o (Chip_Clock_SetCLKOUTSource)
/storage_b/Dropbox/NXPWorkspace/lpc_chip_82x/Debug/liblpc_chip_82x.a(gpio_8xx.o)
                              ./src/MoonLander-bamf.o (Chip_GPIO_Init)
/storage_b/Dropbox/NXPWorkspace/lpc_chip_82x/Debug/liblpc_chip_82x.a(iocon_8xx.o)
                              ./src/sysinit.o (Chip_IOCON_PinSetMode)
/storage_b/Dropbox/NXPWorkspace/lpc_chip_82x/Debug/liblpc_chip_82x.a(spi_8xx.o)
                              ./src/eGFX_Driver_C12832A_LPC824.o (Chip_SPI_DelayConfig)
/storage_b/Dropbox/NXPWorkspace/lpc_chip_82x/Debug/liblpc_chip_82x.a(spim_8xx.o)
                              ./src/eGFX_Driver_C12832A_LPC824.o (Chip_SPIM_SetClockRate)
/storage_b/Dropbox/NXPWorkspace/lpc_chip_82x/Debug/liblpc_chip_82x.a(swm_8xx.o)
                              ./src/sysinit.o (Chip_SWM_MovablePinAssign)
/storage_b/Dropbox/NXPWorkspace/lpc_chip_82x/Debug/liblpc_chip_82x.a(sysinit_8xx.o)
                              ./src/sysinit.o (Chip_SetupXtalClocking)
/storage_b/Dropbox/NXPWorkspace/lpc_chip_82x/Debug/liblpc_chip_82x.a(irc_8xx.o)
                              /storage_b/Dropbox/NXPWorkspace/lpc_chip_82x/Debug/liblpc_chip_82x.a(sysinit_8xx.o) (Chip_IRC_SetFreq)
/storage_b/Dropbox/NXPWorkspace/lpc_chip_82x/Debug/liblpc_chip_82x.a(syscon_8xx.o)
                              /storage_b/Dropbox/NXPWorkspace/lpc_chip_82x/Debug/liblpc_chip_82x.a(sysinit_8xx.o) (Chip_SYSCTL_PowerDown)
/usr/local/lpcxpresso_8.0.0_526/lpcxpresso/tools/bin/../lib/gcc/arm-none-eabi/4.9.3/../../../../arm-none-eabi/lib/armv6-m/libcr_c.a(memcpy.o)
                              ./src/MoonLander-bamf.o (memcpy)
/usr/local/lpcxpresso_8.0.0_526/lpcxpresso/tools/bin/../lib/gcc/arm-none-eabi/4.9.3/../../../../arm-none-eabi/lib/armv6-m/libcr_c.a(__weak__main.o)
                              ./src/cr_startup_lpc82x.o (__main)
/usr/local/lpcxpresso_8.0.0_526/lpcxpresso/tools/bin/../lib/gcc/arm-none-eabi/4.9.3/../../../../arm-none-eabi/lib/armv6-m/libcr_c.a(fabs.o)
                              ./eGFX/SRC/eGFX.o (fabs)
/usr/local/lpcxpresso_8.0.0_526/lpcxpresso/tools/bin/../lib/gcc/arm-none-eabi/4.9.3/../../../../arm-none-eabi/lib/armv6-m/libcr_c.a(fpprintf.o)
                              ./eGFX/SRC/eGFX.o (vsnprintf)
/usr/local/lpcxpresso_8.0.0_526/lpcxpresso/tools/bin/../lib/gcc/arm-none-eabi/4.9.3/../../../../arm-none-eabi/lib/armv6-m/libcr_c.a(printf.o)
                              /usr/local/lpcxpresso_8.0.0_526/lpcxpresso/tools/bin/../lib/gcc/arm-none-eabi/4.9.3/../../../../arm-none-eabi/lib/armv6-m/libcr_c.a(fpprintf.o) (__vfprintf)
/usr/local/lpcxpresso_8.0.0_526/lpcxpresso/tools/bin/../lib/gcc/arm-none-eabi/4.9.3/../../../../arm-none-eabi/lib/armv6-m/libcr_c.a(stdio.o)
                              /usr/local/lpcxpresso_8.0.0_526/lpcxpresso/tools/bin/../lib/gcc/arm-none-eabi/4.9.3/../../../../arm-none-eabi/lib/armv6-m/libcr_c.a(fpprintf.o) (__Ciob)
/usr/local/lpcxpresso_8.0.0_526/lpcxpresso/tools/bin/../lib/gcc/arm-none-eabi/4.9.3/../../../../arm-none-eabi/lib/armv6-m/libcr_c.a(strlen.o)
                              /usr/local/lpcxpresso_8.0.0_526/lpcxpresso/tools/bin/../lib/gcc/arm-none-eabi/4.9.3/../../../../arm-none-eabi/lib/armv6-m/libcr_c.a(printf.o) (strlen)
/usr/local/lpcxpresso_8.0.0_526/lpcxpresso/tools/bin/../lib/gcc/arm-none-eabi/4.9.3/../../../../arm-none-eabi/lib/armv6-m/libcr_c.a(memset.o)
                              /usr/local/lpcxpresso_8.0.0_526/lpcxpresso/tools/bin/../lib/gcc/arm-none-eabi/4.9.3/../../../../arm-none-eabi/lib/armv6-m/libcr_c.a(fpprintf.o) (memset)
/usr/local/lpcxpresso_8.0.0_526/lpcxpresso/tools/bin/../lib/gcc/arm-none-eabi/4.9.3/../../../../arm-none-eabi/lib/armv6-m/libcr_c.a(__fillbuf.o)
                              /usr/local/lpcxpresso_8.0.0_526/lpcxpresso/tools/bin/../lib/gcc/arm-none-eabi/4.9.3/../../../../arm-none-eabi/lib/armv6-m/libcr_c.a(stdio.o) (__filbuf)
/usr/local/lpcxpresso_8.0.0_526/lpcxpresso/tools/bin/../lib/gcc/arm-none-eabi/4.9.3/../../../../arm-none-eabi/lib/armv6-m/libcr_c.a(_deferredlazyseek.o)
                              /usr/local/lpcxpresso_8.0.0_526/lpcxpresso/tools/bin/../lib/gcc/arm-none-eabi/4.9.3/../../../../arm-none-eabi/lib/armv6-m/libcr_c.a(__fillbuf.o) (_deferredlazyseek)
/usr/local/lpcxpresso_8.0.0_526/lpcxpresso/tools/bin/../lib/gcc/arm-none-eabi/4.9.3/../../../../arm-none-eabi/lib/armv6-m/libcr_c.a(_fflush.o)
                              /usr/local/lpcxpresso_8.0.0_526/lpcxpresso/tools/bin/../lib/gcc/arm-none-eabi/4.9.3/../../../../arm-none-eabi/lib/armv6-m/libcr_c.a(__fillbuf.o) (_fflush)
[...]
Memory Configuration

Name             Origin             Length             Attributes
MFlash32         0x00000000         0x00008000         xr
RamLoc8          0x10000000         0x00002000         xrw
*default*        0x00000000         0xffffffff

Linker script and memory map

LOAD ./src/MoonLander-bamf.o
LOAD ./src/aeabi_romdiv_patch.o
LOAD ./src/cr_startup_lpc82x.o
LOAD ./src/crp.o
LOAD ./src/eGFX_Driver_C12832A_LPC824.o
LOAD ./src/mtb.o
LOAD ./src/sysinit.o
LOAD ./eGFX/SRC/Fonts/FONT_3_5_1BPP.o
LOAD ./eGFX/SRC/Fonts/FONT_3_5_4BPP.o
LOAD ./eGFX/SRC/Fonts/FONT_3_5_8BPP.o
LOAD ./eGFX/SRC/Fonts/FONT_5_7_1BPP.o
LOAD ./eGFX/SRC/Fonts/FONT_5_7_4BPP.o
LOAD ./eGFX/SRC/Fonts/FONT_5_7_8BPP.o
LOAD ./eGFX/SRC/eGFX.o
LOAD ./eGFX/SRC/eGFX_BMP.o
LOAD /storage_b/Dropbox/NXPWorkspace/lpc_chip_82x/Debug/liblpc_chip_82x.a
START GROUP
LOAD /usr/local/lpcxpresso_8.0.0_526/lpcxpresso/tools/bin/../lib/gcc/arm-none-eabi/4.9.3/../../../../arm-none-eabi/lib/armv6-m/libcr_c.a
LOAD /usr/local/lpcxpresso_8.0.0_526/lpcxpresso/tools/bin/../lib/gcc/arm-none-eabi/4.9.3/armv6-m/libcr_eabihelpers.a
END GROUP
                0x00000000                __base_MFlash32 = 0x0
                0x00000000                __base_Flash = 0x0
                0x00008000                __top_MFlash32 = 0x8000
                0x00008000                __top_Flash = 0x8000
                0x10000000                __base_RamLoc8 = 0x10000000
                0x10000000                __base_RAM = 0x10000000
                0x10002000                __top_RamLoc8 = 0x10002000
                0x10002000                __top_RAM = 0x10002000

.text           0x00000000     0x2a44
 FILL mask 0xff
                0x00000000                __vectors_start__ = ABSOLUTE (.)
 *(.isr_vector)
 .isr_vector    0x00000000       0xc0 ./src/cr_startup_lpc82x.o
                0x00000000                g_pfnVectors
                0x000000c0                . = ALIGN (0x4)
                0x000000c0                __section_table_start = .
                0x000000c0                __data_section_table = .
                0x000000c0        0x4 LONG 0x2a44 LOADADDR (.data)
                0x000000c4        0x4 LONG 0x10000100 ADDR (.data)
                0x000000c8        0x4 LONG 0x0 SIZEOF (.data)
                0x000000cc                __data_section_table_end = .
                0x000000cc                __bss_section_table = .
                0x000000cc        0x4 LONG 0x10000100 ADDR (.bss)
                0x000000d0        0x4 LONG 0x22c SIZEOF (.bss)
                0x000000d4                __bss_section_table_end = .
                0x000000d4                __section_table_end = .
 *(.after_vectors*)
 .after_vectors
                0x000000d4      0x154 ./src/cr_startup_lpc82x.o
                0x000000d4                data_init
                0x00000114                bss_init
                0x00000148                ResetISR
                0x000001f8                NMI_Handler
                0x00000200                HardFault_Handler
                0x00000208                SVC_Handler
                0x00000210                PendSV_Handler
                0x00000220                CMP_IRQHandler
                0x00000220                I2C0_IRQHandler
                0x00000220                WKT_IRQHandler
                0x00000220                MRT_IRQHandler
                0x00000220                I2C1_IRQHandler
                0x00000220                UART1_IRQHandler
                0x00000220                ADC_SEQB_IRQHandler
                0x00000220                UART0_IRQHandler
                0x00000220                SPI1_IRQHandler
                0x00000220                PIN_INT6_IRQHandler
                0x00000220                IntDefaultHandler
                0x00000220                PIN_INT4_IRQHandler
                0x00000220                ADC_OVR_IRQHandler
                0x00000220                I2C2_IRQHandler
                0x00000220                UART2_IRQHandler
                0x00000220                PIN_INT5_IRQHandler
                0x00000220                PIN_INT2_IRQHandler
                0x00000220                PIN_INT7_IRQHandler
                0x00000220                ADC_THCMP_IRQHandler
                0x00000220                PIN_INT1_IRQHandler
                0x00000220                BOD_IRQHandler
                0x00000220                I2C3_IRQHandler
                0x00000220                SCT_IRQHandler
                0x00000220                WDT_IRQHandler
                0x00000220                ADC_SEQA_IRQHandler
                0x00000220                PIN_INT0_IRQHandler
                0x00000220                SPI0_IRQHandler
                0x00000220                DMA_IRQHandler
                0x00000220                PIN_INT3_IRQHandler
                0x00000220                FLASH_IRQHandler
                0x000002fc                . = 0x2fc
 *fill*         0x00000228       0xd4 ff
                0x000002fc                PROVIDE (__CRP_WORD_START__, .)
 *(.crp)
 .crp           0x000002fc        0x4 ./src/crp.o
                0x000002fc                CRP_WORD
                0x00000300                PROVIDE (__CRP_WORD_END__, .)
                0x00000001                ASSERT (! ((__CRP_WORD_START__ == __CRP_WORD_END__)), Linker CRP Enabled, but no CRP_WORD provided within application)
 *(.text*)
 .text.NVIC_SetPriority
                0x00000300       0xd4 ./src/MoonLander-bamf.o
 .text.SysTick_Config
                0x000003d4       0x48 ./src/MoonLander-bamf.o
 .text.Chip_SYSCTL_AssertPeriphReset
                0x0000041c       0x38 ./src/MoonLander-bamf.o
 .text.Chip_SYSCTL_DeassertPeriphReset
                0x00000454       0x34 ./src/MoonLander-bamf.o
 .text.Chip_SYSCTL_PeriphReset
                0x00000488       0x28 ./src/MoonLander-bamf.o
 .text.Chip_Clock_EnablePeriphClock
                0x000004b0       0x38 ./src/MoonLander-bamf.o
 .text.Chip_GPIO_SetPinState
                0x000004e8       0x3c ./src/MoonLander-bamf.o
 .text.Chip_GPIO_SetPinDIROutput
                0x00000524       0x38 ./src/MoonLander-bamf.o
 .text.Chip_GPIO_SetPinToggle
                0x0000055c       0x3c ./src/MoonLander-bamf.o
 .text.Chip_SPI_Init
                0x00000598       0x34 ./src/MoonLander-bamf.o
 .text.fillScreen
                0x000005cc       0x6c ./src/MoonLander-bamf.o
                0x000005cc                fillScreen
 .text.gpioInit
                0x00000638       0x30 ./src/MoonLander-bamf.o
                0x00000638                gpioInit
 .text.delayms  0x00000668       0x2c ./src/MoonLander-bamf.o
                0x00000668                delayms
 .text.SysTick_Handler
                0x00000694       0x50 ./src/MoonLander-bamf.o
                0x00000694                SysTick_Handler
 .text.main     0x000006e4       0xa0 ./src/MoonLander-bamf.o
                0x000006e4                main
 .text.__aeabi_uidiv
                0x00000784       0x10 ./src/aeabi_romdiv_patch.o
                0x00000784                __aeabi_uidiv
                0x00000784                __aeabi_uidivmod
 .text.Chip_GPIO_SetPinState
                0x00000794       0x3c ./src/eGFX_Driver_C12832A_LPC824.o
 .text.Chip_GPIO_SetPinDIROutput
                0x000007d0       0x38 ./src/eGFX_Driver_C12832A_LPC824.o
 .text.Chip_SPI_SetCFGRegBits
                0x00000808       0x24 ./src/eGFX_Driver_C12832A_LPC824.o
 .text.Chip_SPI_ClearCFGRegBits
                0x0000082c       0x24 ./src/eGFX_Driver_C12832A_LPC824.o
 .text.Chip_SPI_Enable
                0x00000850       0x18 ./src/eGFX_Driver_C12832A_LPC824.o
 .text.Chip_SPI_ConfigureSPI
                0x00000868       0x30 ./src/eGFX_Driver_C12832A_LPC824.o
 .text.Chip_SPI_SetTXCTRLRegBits
                0x00000898       0x24 ./src/eGFX_Driver_C12832A_LPC824.o
 .text.Chip_SPI_ClearTXCTRLRegBits
                0x000008bc       0x28 ./src/eGFX_Driver_C12832A_LPC824.o
 .text.Chip_SPI_SetXferSize
                0x000008e4       0x34 ./src/eGFX_Driver_C12832A_LPC824.o
 .text.C12832A_ConfigureSPI
                0x00000918       0x74 ./src/eGFX_Driver_C12832A_LPC824.o
                0x00000918                C12832A_ConfigureSPI
 .text.C12832A_writeCommand
                0x0000098c       0x7c ./src/eGFX_Driver_C12832A_LPC824.o
                0x0000098c                C12832A_writeCommand
 .text.C12832A_Init
                0x00000a08      0x138 ./src/eGFX_Driver_C12832A_LPC824.o
                0x00000a08                C12832A_Init
 .text.C12832A_SetContrast
                0x00000b40       0x34 ./src/eGFX_Driver_C12832A_LPC824.o
                0x00000b40                C12832A_SetContrast
 .text.eGFX_InitDriver
                0x00000b74       0x28 ./src/eGFX_Driver_C12832A_LPC824.o
                0x00000b74                eGFX_InitDriver
 .text.eGFX_Dump
                0x00000b9c      0x258 ./src/eGFX_Driver_C12832A_LPC824.o
                0x00000b9c                eGFX_Dump
 .text.Chip_Clock_EnablePeriphClock
                0x00000df4       0x38 ./src/sysinit.o
 .text.Chip_Clock_DisablePeriphClock
                0x00000e2c       0x3c ./src/sysinit.o
 .text.pinMux   0x00000e68       0x74 ./src/sysinit.o
                0x00000e68                pinMux
 .text.SystemInit
                0x00000edc       0x10 ./src/sysinit.o
                0x00000edc                SystemInit
 .text.eGFX_PutPixel
                0x00000eec      0x298 ./eGFX/SRC/eGFX.o
                0x00000eec                eGFX_PutPixel
 .text.eGFX_GetPixel
                0x00001184      0x21c ./eGFX/SRC/eGFX.o
                0x00001184                eGFX_GetPixel
 .text.eGFX_DrawHline
                0x000013a0      0x130 ./eGFX/SRC/eGFX.o
                0x000013a0                eGFX_DrawHline
 .text.eGFX_DrawFilledBox
                0x000014d0       0x60 ./eGFX/SRC/eGFX.o
                0x000014d0                eGFX_DrawFilledBox
 .text.eGFX_DrawCharacter
                0x00001530       0xb0 ./eGFX/SRC/eGFX.o
                0x00001530                eGFX_DrawCharacter
 .text.eGFX_DrawString
                0x000015e0       0xb4 ./eGFX/SRC/eGFX.o
                0x000015e0                eGFX_DrawString
 .text.eGFX_Blit
                0x00001694       0xc4 ./eGFX/SRC/eGFX.o
                0x00001694                eGFX_Blit
 .text.eGFX_ImagePlaneInit
                0x00001758       0x3c ./eGFX/SRC/eGFX.o
                0x00001758                eGFX_ImagePlaneInit
 .text.SystemCoreClockUpdate
                0x00001794       0x18 /storage_b/Dropbox/NXPWorkspace/lpc_chip_82x/Debug/liblpc_chip_82x.a(chip_8xx.o)
                0x00001794                SystemCoreClockUpdate
 .text.Chip_Clock_GetMainOscRate
                0x000017ac       0x14 /storage_b/Dropbox/NXPWorkspace/lpc_chip_82x/Debug/liblpc_chip_82x.a(clock_8xx.o)
 .text.Chip_Clock_GetIntOscRate
                0x000017c0       0x10 /storage_b/Dropbox/NXPWorkspace/lpc_chip_82x/Debug/liblpc_chip_82x.a(clock_8xx.o)
 .text.Chip_Clock_GetExtClockInRate
                0x000017d0       0x14 /storage_b/Dropbox/NXPWorkspace/lpc_chip_82x/Debug/liblpc_chip_82x.a(clock_8xx.o)
 .text.Chip_Clock_GetWDTLFORate
                0x000017e4       0x48 /storage_b/Dropbox/NXPWorkspace/lpc_chip_82x/Debug/liblpc_chip_82x.a(clock_8xx.o)
 .text.Chip_Clock_GetPLLFreq
                0x0000182c       0x24 /storage_b/Dropbox/NXPWorkspace/lpc_chip_82x/Debug/liblpc_chip_82x.a(clock_8xx.o)
 .text.Chip_Clock_SetSystemPLLSource
                0x00001850       0x2c /storage_b/Dropbox/NXPWorkspace/lpc_chip_82x/Debug/liblpc_chip_82x.a(clock_8xx.o)
                0x00001850                Chip_Clock_SetSystemPLLSource
 .text.Chip_Clock_SetPLLBypass
                0x0000187c       0x48 /storage_b/Dropbox/NXPWorkspace/lpc_chip_82x/Debug/liblpc_chip_82x.a(clock_8xx.o)
                0x0000187c                Chip_Clock_SetPLLBypass
 .text.Chip_Clock_SetMainClockSource
                0x000018c4       0x2c /storage_b/Dropbox/NXPWorkspace/lpc_chip_82x/Debug/liblpc_chip_82x.a(clock_8xx.o)
                0x000018c4                Chip_Clock_SetMainClockSource
 .text.Chip_Clock_SetCLKOUTSource
                0x000018f0       0x3c /storage_b/Dropbox/NXPWorkspace/lpc_chip_82x/Debug/liblpc_chip_82x.a(clock_8xx.o)
                0x000018f0                Chip_Clock_SetCLKOUTSource
 .text.Chip_Clock_GetWDTOSCRate
                0x0000192c       0x20 /storage_b/Dropbox/NXPWorkspace/lpc_chip_82x/Debug/liblpc_chip_82x.a(clock_8xx.o)
                0x0000192c                Chip_Clock_GetWDTOSCRate
 .text.Chip_Clock_GetSystemPLLInClockRate
                0x0000194c       0x50 /storage_b/Dropbox/NXPWorkspace/lpc_chip_82x/Debug/liblpc_chip_82x.a(clock_8xx.o)
                0x0000194c                Chip_Clock_GetSystemPLLInClockRate
 .text.Chip_Clock_GetSystemPLLOutClockRate
                0x0000199c       0x28 /storage_b/Dropbox/NXPWorkspace/lpc_chip_82x/Debug/liblpc_chip_82x.a(clock_8xx.o)
                0x0000199c                Chip_Clock_GetSystemPLLOutClockRate
 .text.Chip_Clock_GetMainClockRate
                0x000019c4       0x64 /storage_b/Dropbox/NXPWorkspace/lpc_chip_82x/Debug/liblpc_chip_82x.a(clock_8xx.o)
                0x000019c4                Chip_Clock_GetMainClockRate
 .text.Chip_Clock_GetSystemClockRate
                0x00001a28       0x28 /storage_b/Dropbox/NXPWorkspace/lpc_chip_82x/Debug/liblpc_chip_82x.a(clock_8xx.o)
                0x00001a28                Chip_Clock_GetSystemClockRate
 .text.Chip_Clock_EnablePeriphClock
                0x00001a50       0x38 /storage_b/Dropbox/NXPWorkspace/lpc_chip_82x/Debug/liblpc_chip_82x.a(gpio_8xx.o)
 .text.Chip_GPIO_Init
                0x00001a88       0x14 /storage_b/Dropbox/NXPWorkspace/lpc_chip_82x/Debug/liblpc_chip_82x.a(gpio_8xx.o)
                0x00001a88                Chip_GPIO_Init
 .text.Chip_IOCON_PinSetMode
                0x00001a9c       0x44 /storage_b/Dropbox/NXPWorkspace/lpc_chip_82x/Debug/liblpc_chip_82x.a(iocon_8xx.o)
                0x00001a9c                Chip_IOCON_PinSetMode
 .text.Chip_SPI_GetStatus
                0x00001ae0       0x18 /storage_b/Dropbox/NXPWorkspace/lpc_chip_82x/Debug/liblpc_chip_82x.a(spi_8xx.o)
 .text.Chip_SPI_ClearStatus
                0x00001af8       0x18 /storage_b/Dropbox/NXPWorkspace/lpc_chip_82x/Debug/liblpc_chip_82x.a(spi_8xx.o)
 .text.Chip_SPI_SetControlInfo
                0x00001b10       0x30 /storage_b/Dropbox/NXPWorkspace/lpc_chip_82x/Debug/liblpc_chip_82x.a(spi_8xx.o)
 .text.Chip_SPI_SendMidFrame
                0x00001b40       0x1c /storage_b/Dropbox/NXPWorkspace/lpc_chip_82x/Debug/liblpc_chip_82x.a(spi_8xx.o)
 .text.Chip_SPI_SendLastFrame_RxIgnore
                0x00001b5c       0x3c /storage_b/Dropbox/NXPWorkspace/lpc_chip_82x/Debug/liblpc_chip_82x.a(spi_8xx.o)
 .text.SPI_Send_Data_RxIgnore
                0x00001b98       0x64 /storage_b/Dropbox/NXPWorkspace/lpc_chip_82x/Debug/liblpc_chip_82x.a(spi_8xx.o)
 .text.Chip_SPI_DelayConfig
                0x00001bfc       0x58 /storage_b/Dropbox/NXPWorkspace/lpc_chip_82x/Debug/liblpc_chip_82x.a(spi_8xx.o)
                0x00001bfc                Chip_SPI_DelayConfig
 .text.Chip_SPI_WriteFrames_Blocking
                0x00001c54       0xa0 /storage_b/Dropbox/NXPWorkspace/lpc_chip_82x/Debug/liblpc_chip_82x.a(spi_8xx.o)
                0x00001c54                Chip_SPI_WriteFrames_Blocking
 .text.Chip_SPIM_GetClockRate
                0x00001cf4       0x2c /storage_b/Dropbox/NXPWorkspace/lpc_chip_82x/Debug/liblpc_chip_82x.a(spim_8xx.o)
                0x00001cf4                Chip_SPIM_GetClockRate
 .text.Chip_SPIM_SetClockRate
                0x00001d20       0x54 /storage_b/Dropbox/NXPWorkspace/lpc_chip_82x/Debug/liblpc_chip_82x.a(spim_8xx.o)
                0x00001d20                Chip_SPIM_SetClockRate
 .text.Chip_SPIM_AssertSSEL
                0x00001d74       0x40 /storage_b/Dropbox/NXPWorkspace/lpc_chip_82x/Debug/liblpc_chip_82x.a(spim_8xx.o)
                0x00001d74                Chip_SPIM_AssertSSEL
 .text.Chip_SPIM_DeAssertSSEL
                0x00001db4       0x38 /storage_b/Dropbox/NXPWorkspace/lpc_chip_82x/Debug/liblpc_chip_82x.a(spim_8xx.o)
                0x00001db4                Chip_SPIM_DeAssertSSEL
 .text.Chip_SWM_EnableFixedPin
                0x00001dec       0x3c /storage_b/Dropbox/NXPWorkspace/lpc_chip_82x/Debug/liblpc_chip_82x.a(swm_8xx.o)
 .text.Chip_SWM_DisableFixedPin
                0x00001e28       0x3c /storage_b/Dropbox/NXPWorkspace/lpc_chip_82x/Debug/liblpc_chip_82x.a(swm_8xx.o)
 .text.Chip_SWM_MovablePinAssign
                0x00001e64       0x60 /storage_b/Dropbox/NXPWorkspace/lpc_chip_82x/Debug/liblpc_chip_82x.a(swm_8xx.o)
                0x00001e64                Chip_SWM_MovablePinAssign
 .text.Chip_SWM_FixedPinEnable
                0x00001ec4       0x38 /storage_b/Dropbox/NXPWorkspace/lpc_chip_82x/Debug/liblpc_chip_82x.a(swm_8xx.o)
                0x00001ec4                Chip_SWM_FixedPinEnable
 .text.Chip_Clock_SetupSystemPLL
                0x00001efc       0x34 /storage_b/Dropbox/NXPWorkspace/lpc_chip_82x/Debug/liblpc_chip_82x.a(sysinit_8xx.o)
 .text.Chip_Clock_IsSystemPLLLocked
                0x00001f30       0x1c /storage_b/Dropbox/NXPWorkspace/lpc_chip_82x/Debug/liblpc_chip_82x.a(sysinit_8xx.o)
 .text.Chip_Clock_SetSysClockDiv
                0x00001f4c       0x18 /storage_b/Dropbox/NXPWorkspace/lpc_chip_82x/Debug/liblpc_chip_82x.a(sysinit_8xx.o)
 .text.Chip_FMC_SetFLASHAccess
                0x00001f64       0x2c /storage_b/Dropbox/NXPWorkspace/lpc_chip_82x/Debug/liblpc_chip_82x.a(sysinit_8xx.o)
 .text.Chip_SetupXtalClocking
                0x00001f90       0x58 /storage_b/Dropbox/NXPWorkspace/lpc_chip_82x/Debug/liblpc_chip_82x.a(sysinit_8xx.o)
                0x00001f90                Chip_SetupXtalClocking
 .text.Chip_SYSCTL_PowerDown
                0x00001fe8       0x40 /storage_b/Dropbox/NXPWorkspace/lpc_chip_82x/Debug/liblpc_chip_82x.a(syscon_8xx.o)
                0x00001fe8                Chip_SYSCTL_PowerDown
 .text.Chip_SYSCTL_PowerUp
                0x00002028       0x44 /storage_b/Dropbox/NXPWorkspace/lpc_chip_82x/Debug/liblpc_chip_82x.a(syscon_8xx.o)
                0x00002028                Chip_SYSCTL_PowerUp
 .text.memcpy   0x0000206c        0x8 /usr/local/lpcxpresso_8.0.0_526/lpcxpresso/tools/bin/../lib/gcc/arm-none-eabi/4.9.3/../../../../arm-none-eabi/lib/armv6-m/libcr_c.a(memcpy.o)
                0x0000206c                memcpy
 .text.__weak_main
                0x00002074        0x8 /usr/local/lpcxpresso_8.0.0_526/lpcxpresso/tools/bin/../lib/gcc/arm-none-eabi/4.9.3/../../../../arm-none-eabi/lib/armv6-m/libcr_c.a(__weak__main.o)
                0x00002074                __main
                0x00002074                __weak_main
 .text.__aeabi_memcpy
                0x0000207c       0x2c /usr/local/lpcxpresso_8.0.0_526/lpcxpresso/tools/bin/../lib/gcc/arm-none-eabi/4.9.3/armv6-m/libcr_eabihelpers.a(memcpy.o)
                0x0000207c                __aeabi_memcpy
                0x0000207c                __aeabi_memcpy4
                0x0000207c                __aeabi_memcpy8
 *(.rodata .rodata.* .constdata .constdata.*)
 .rodata        0x000020a8       0x13 ./src/MoonLander-bamf.o
 *fill*         0x000020bb        0x1 
 .rodata.OscRateIn
                0x000020bc        0x4 ./src/sysinit.o
                0x000020bc                OscRateIn
 .rodata.ExtRateIn
                0x000020c0        0x4 ./src/sysinit.o
                0x000020c0                ExtRateIn
 .rodata.FONT_5_7_1BPP_FontElement_space_Data
                0x000020c4        0x8 ./eGFX/SRC/Fonts/FONT_5_7_1BPP.o
                0x000020c4                FONT_5_7_1BPP_FontElement_space_Data
 .rodata.FONT_5_7_1BPP_FontElement_space
                0x000020cc        0xc ./eGFX/SRC/Fonts/FONT_5_7_1BPP.o
                0x000020cc                FONT_5_7_1BPP_FontElement_space
 .rodata.FONT_5_7_1BPP_FontElement_exclamation_point_Data
                0x000020d8        0x7 ./eGFX/SRC/Fonts/FONT_5_7_1BPP.o
                0x000020d8                FONT_5_7_1BPP_FontElement_exclamation_point_Data
 *fill*         0x000020df        0x1 
 .rodata.FONT_5_7_1BPP_FontElement_exclamation_point
                0x000020e0        0xc ./eGFX/SRC/Fonts/FONT_5_7_1BPP.o
                0x000020e0                FONT_5_7_1BPP_FontElement_exclamation_point
 .rodata.FONT_5_7_1BPP_FontElement_double_quotes_Data
                0x000020ec        0x7 ./eGFX/SRC/Fonts/FONT_5_7_1BPP.o
                0x000020ec                FONT_5_7_1BPP_FontElement_double_quotes_Data
 *fill*         0x000020f3        0x1 
 .rodata.FONT_5_7_1BPP_FontElement_double_quotes
                0x000020f4        0xc ./eGFX/SRC/Fonts/FONT_5_7_1BPP.o
                0x000020f4                FONT_5_7_1BPP_FontElement_double_quotes
 .rodata.FONT_5_7_1BPP_FontElement_pound_Data
                0x00002100        0x7 ./eGFX/SRC/Fonts/FONT_5_7_1BPP.o
                0x00002100                FONT_5_7_1BPP_FontElement_pound_Data
 *fill*         0x00002107        0x1 
 .rodata.FONT_5_7_1BPP_FontElement_pound
                0x00002108        0xc ./eGFX/SRC/Fonts/FONT_5_7_1BPP.o
                0x00002108                FONT_5_7_1BPP_FontElement_pound
 .rodata.FONT_5_7_1BPP_FontElement_dollar_sign_Data
                0x00002114        0x7 ./eGFX/SRC/Fonts/FONT_5_7_1BPP.o
                0x00002114                FONT_5_7_1BPP_FontElement_dollar_sign_Data
 *fill*         0x0000211b        0x1 
 .rodata.FONT_5_7_1BPP_FontElement_dollar_sign
                0x0000211c        0xc ./eGFX/SRC/Fonts/FONT_5_7_1BPP.o
                0x0000211c                FONT_5_7_1BPP_FontElement_dollar_sign
 .rodata.FONT_5_7_1BPP_FontElement_precent_sign_Data
                0x00002128        0x7 ./eGFX/SRC/Fonts/FONT_5_7_1BPP.o
                0x00002128                FONT_5_7_1BPP_FontElement_precent_sign_Data
 *fill*         0x0000212f        0x1 
 .rodata.FONT_5_7_1BPP_FontElement_precent_sign
                0x00002130        0xc ./eGFX/SRC/Fonts/FONT_5_7_1BPP.o
                0x00002130                FONT_5_7_1BPP_FontElement_precent_sign
 .rodata.FONT_5_7_1BPP_FontElement_ampersand_Data
                0x0000213c        0x7 ./eGFX/SRC/Fonts/FONT_5_7_1BPP.o
                0x0000213c                FONT_5_7_1BPP_FontElement_ampersand_Data
 *fill*         0x00002143        0x1 
 .rodata.FONT_5_7_1BPP_FontElement_ampersand
                0x00002144        0xc ./eGFX/SRC/Fonts/FONT_5_7_1BPP.o
                0x00002144                FONT_5_7_1BPP_FontElement_ampersand
 .rodata.FONT_5_7_1BPP_FontElement_single_quote_Data
                0x00002150        0x7 ./eGFX/SRC/Fonts/FONT_5_7_1BPP.o
                0x00002150                FONT_5_7_1BPP_FontElement_single_quote_Data
 *fill*         0x00002157        0x1 
 .rodata.FONT_5_7_1BPP_FontElement_single_quote
                0x00002158        0xc ./eGFX/SRC/Fonts/FONT_5_7_1BPP.o
                0x00002158                FONT_5_7_1BPP_FontElement_single_quote
 .rodata.FONT_5_7_1BPP_FontElement_left_parenthesis_Data
                0x00002164        0x7 ./eGFX/SRC/Fonts/FONT_5_7_1BPP.o
                0x00002164                FONT_5_7_1BPP_FontElement_left_parenthesis_Data
 *fill*         0x0000216b        0x1 
 .rodata.FONT_5_7_1BPP_FontElement_left_parenthesis
                0x0000216c        0xc ./eGFX/SRC/Fonts/FONT_5_7_1BPP.o
                0x0000216c                FONT_5_7_1BPP_FontElement_left_parenthesis
 .rodata.FONT_5_7_1BPP_FontElement_right_parenthesis_Data
                0x00002178        0x7 ./eGFX/SRC/Fonts/FONT_5_7_1BPP.o
                0x00002178                FONT_5_7_1BPP_FontElement_right_parenthesis_Data
 *fill*         0x0000217f        0x1 
 .rodata.FONT_5_7_1BPP_FontElement_right_parenthesis
                0x00002180        0xc ./eGFX/SRC/Fonts/FONT_5_7_1BPP.o
                0x00002180                FONT_5_7_1BPP_FontElement_right_parenthesis
 .rodata.FONT_5_7_1BPP_FontElement_star_Data
                0x0000218c        0x7 ./eGFX/SRC/Fonts/FONT_5_7_1BPP.o
                0x0000218c                FONT_5_7_1BPP_FontElement_star_Data
 *fill*         0x00002193        0x1 
 .rodata.FONT_5_7_1BPP_FontElement_star
                0x00002194        0xc ./eGFX/SRC/Fonts/FONT_5_7_1BPP.o
                0x00002194                FONT_5_7_1BPP_FontElement_star
 .rodata.FONT_5_7_1BPP_FontElement_plus_Data
                0x000021a0        0x7 ./eGFX/SRC/Fonts/FONT_5_7_1BPP.o
                0x000021a0                FONT_5_7_1BPP_FontElement_plus_Data
 *fill*         0x000021a7        0x1 
 .rodata.FONT_5_7_1BPP_FontElement_plus
                0x000021a8        0xc ./eGFX/SRC/Fonts/FONT_5_7_1BPP.o
                0x000021a8                FONT_5_7_1BPP_FontElement_plus
 .rodata.FONT_5_7_1BPP_FontElement_comma_Data
                0x000021b4        0x7 ./eGFX/SRC/Fonts/FONT_5_7_1BPP.o
                0x000021b4                FONT_5_7_1BPP_FontElement_comma_Data
 *fill*         0x000021bb        0x1 
 .rodata.FONT_5_7_1BPP_FontElement_comma
                0x000021bc        0xc ./eGFX/SRC/Fonts/FONT_5_7_1BPP.o
                0x000021bc                FONT_5_7_1BPP_FontElement_comma
 .rodata.FONT_5_7_1BPP_FontElement_dash_Data
                0x000021c8        0x7 ./eGFX/SRC/Fonts/FONT_5_7_1BPP.o
                0x000021c8                FONT_5_7_1BPP_FontElement_dash_Data
 *fill*         0x000021cf        0x1 
 .rodata.FONT_5_7_1BPP_FontElement_dash
                0x000021d0        0xc ./eGFX/SRC/Fonts/FONT_5_7_1BPP.o
                0x000021d0                FONT_5_7_1BPP_FontElement_dash
 .rodata.FONT_5_7_1BPP_FontElement_period_Data
                0x000021dc        0x7 ./eGFX/SRC/Fonts/FONT_5_7_1BPP.o
                0x000021dc                FONT_5_7_1BPP_FontElement_period_Data
 *fill*         0x000021e3        0x1 
 .rodata.FONT_5_7_1BPP_FontElement_period
                0x000021e4        0xc ./eGFX/SRC/Fonts/FONT_5_7_1BPP.o
                0x000021e4                FONT_5_7_1BPP_FontElement_period
 .rodata.FONT_5_7_1BPP_FontElement_forward_slash_Data
                0x000021f0        0x7 ./eGFX/SRC/Fonts/FONT_5_7_1BPP.o
                0x000021f0                FONT_5_7_1BPP_FontElement_forward_slash_Data
 *fill*         0x000021f7        0x1 
 .rodata.FONT_5_7_1BPP_FontElement_forward_slash
                0x000021f8        0xc ./eGFX/SRC/Fonts/FONT_5_7_1BPP.o
                0x000021f8                FONT_5_7_1BPP_FontElement_forward_slash
 .rodata.FONT_5_7_1BPP_FontElement_0_Data
                0x00002204        0x7 ./eGFX/SRC/Fonts/FONT_5_7_1BPP.o
                0x00002204                FONT_5_7_1BPP_FontElement_0_Data
 *fill*         0x0000220b        0x1 
 .rodata.FONT_5_7_1BPP_FontElement_0
                0x0000220c        0xc ./eGFX/SRC/Fonts/FONT_5_7_1BPP.o
                0x0000220c                FONT_5_7_1BPP_FontElement_0
 .rodata.FONT_5_7_1BPP_FontElement_1_Data
                0x00002218        0x7 ./eGFX/SRC/Fonts/FONT_5_7_1BPP.o
                0x00002218                FONT_5_7_1BPP_FontElement_1_Data
 *fill*         0x0000221f        0x1 
 .rodata.FONT_5_7_1BPP_FontElement_1
                0x00002220        0xc ./eGFX/SRC/Fonts/FONT_5_7_1BPP.o
                0x00002220                FONT_5_7_1BPP_FontElement_1
 .rodata.FONT_5_7_1BPP_FontElement_2_Data
                0x0000222c        0x7 ./eGFX/SRC/Fonts/FONT_5_7_1BPP.o
                0x0000222c                FONT_5_7_1BPP_FontElement_2_Data
 *fill*         0x00002233        0x1 
 .rodata.FONT_5_7_1BPP_FontElement_2
                0x00002234        0xc ./eGFX/SRC/Fonts/FONT_5_7_1BPP.o
                0x00002234                FONT_5_7_1BPP_FontElement_2
 .rodata.FONT_5_7_1BPP_FontElement_3_Data
                0x00002240        0x7 ./eGFX/SRC/Fonts/FONT_5_7_1BPP.o
                0x00002240                FONT_5_7_1BPP_FontElement_3_Data
 *fill*         0x00002247        0x1 
 .rodata.FONT_5_7_1BPP_FontElement_3
                0x00002248        0xc ./eGFX/SRC/Fonts/FONT_5_7_1BPP.o
                0x00002248                FONT_5_7_1BPP_FontElement_3
 .rodata.FONT_5_7_1BPP_FontElement_4_Data
                0x00002254        0x7 ./eGFX/SRC/Fonts/FONT_5_7_1BPP.o
                0x00002254                FONT_5_7_1BPP_FontElement_4_Data
 *fill*         0x0000225b        0x1 
 .rodata.FONT_5_7_1BPP_FontElement_4
                0x0000225c        0xc ./eGFX/SRC/Fonts/FONT_5_7_1BPP.o
                0x0000225c                FONT_5_7_1BPP_FontElement_4
 .rodata.FONT_5_7_1BPP_FontElement_5_Data
                0x00002268        0x7 ./eGFX/SRC/Fonts/FONT_5_7_1BPP.o
                0x00002268                FONT_5_7_1BPP_FontElement_5_Data
 *fill*         0x0000226f        0x1 
 .rodata.FONT_5_7_1BPP_FontElement_5
                0x00002270        0xc ./eGFX/SRC/Fonts/FONT_5_7_1BPP.o
                0x00002270                FONT_5_7_1BPP_FontElement_5
 .rodata.FONT_5_7_1BPP_FontElement_6_Data
                0x0000227c        0x7 ./eGFX/SRC/Fonts/FONT_5_7_1BPP.o
                0x0000227c                FONT_5_7_1BPP_FontElement_6_Data
 *fill*         0x00002283        0x1 
 .rodata.FONT_5_7_1BPP_FontElement_6
                0x00002284        0xc ./eGFX/SRC/Fonts/FONT_5_7_1BPP.o
                0x00002284                FONT_5_7_1BPP_FontElement_6
 .rodata.FONT_5_7_1BPP_FontElement_7_Data
                0x00002290        0x7 ./eGFX/SRC/Fonts/FONT_5_7_1BPP.o
                0x00002290                FONT_5_7_1BPP_FontElement_7_Data
 *fill*         0x00002297        0x1 
 .rodata.FONT_5_7_1BPP_FontElement_7
                0x00002298        0xc ./eGFX/SRC/Fonts/FONT_5_7_1BPP.o
                0x00002298                FONT_5_7_1BPP_FontElement_7
 .rodata.FONT_5_7_1BPP_FontElement_8_Data
                0x000022a4        0x7 ./eGFX/SRC/Fonts/FONT_5_7_1BPP.o
                0x000022a4                FONT_5_7_1BPP_FontElement_8_Data
 *fill*         0x000022ab        0x1 
 .rodata.FONT_5_7_1BPP_FontElement_8
                0x000022ac        0xc ./eGFX/SRC/Fonts/FONT_5_7_1BPP.o
                0x000022ac                FONT_5_7_1BPP_FontElement_8
 .rodata.FONT_5_7_1BPP_FontElement_9_Data
                0x000022b8        0x7 ./eGFX/SRC/Fonts/FONT_5_7_1BPP.o
                0x000022b8                FONT_5_7_1BPP_FontElement_9_Data
 *fill*         0x000022bf        0x1 
 .rodata.FONT_5_7_1BPP_FontElement_9
                0x000022c0        0xc ./eGFX/SRC/Fonts/FONT_5_7_1BPP.o
                0x000022c0                FONT_5_7_1BPP_FontElement_9
 .rodata.FONT_5_7_1BPP_FontElement_colon_Data
                0x000022cc        0x7 ./eGFX/SRC/Fonts/FONT_5_7_1BPP.o
                0x000022cc                FONT_5_7_1BPP_FontElement_colon_Data
 *fill*         0x000022d3        0x1 
 .rodata.FONT_5_7_1BPP_FontElement_colon
                0x000022d4        0xc ./eGFX/SRC/Fonts/FONT_5_7_1BPP.o
                0x000022d4                FONT_5_7_1BPP_FontElement_colon
 .rodata.FONT_5_7_1BPP_FontElement_semicolon_Data
                0x000022e0        0x7 ./eGFX/SRC/Fonts/FONT_5_7_1BPP.o
                0x000022e0                FONT_5_7_1BPP_FontElement_semicolon_Data
 *fill*         0x000022e7        0x1 
 .rodata.FONT_5_7_1BPP_FontElement_semicolon
                0x000022e8        0xc ./eGFX/SRC/Fonts/FONT_5_7_1BPP.o
                0x000022e8                FONT_5_7_1BPP_FontElement_semicolon
 .rodata.FONT_5_7_1BPP_FontElement_less_than_Data
                0x000022f4        0x7 ./eGFX/SRC/Fonts/FONT_5_7_1BPP.o
                0x000022f4                FONT_5_7_1BPP_FontElement_less_than_Data
 *fill*         0x000022fb        0x1 
 .rodata.FONT_5_7_1BPP_FontElement_less_than
                0x000022fc        0xc ./eGFX/SRC/Fonts/FONT_5_7_1BPP.o
                0x000022fc                FONT_5_7_1BPP_FontElement_less_than
 .rodata.FONT_5_7_1BPP_FontElement_equals_Data
                0x00002308        0x7 ./eGFX/SRC/Fonts/FONT_5_7_1BPP.o
                0x00002308                FONT_5_7_1BPP_FontElement_equals_Data
 *fill*         0x0000230f        0x1 
 .rodata.FONT_5_7_1BPP_FontElement_equals
                0x00002310        0xc ./eGFX/SRC/Fonts/FONT_5_7_1BPP.o
                0x00002310                FONT_5_7_1BPP_FontElement_equals
 .rodata.FONT_5_7_1BPP_FontElement_great_than_Data
                0x0000231c        0x7 ./eGFX/SRC/Fonts/FONT_5_7_1BPP.o
                0x0000231c                FONT_5_7_1BPP_FontElement_great_than_Data
 *fill*         0x00002323        0x1 
 .rodata.FONT_5_7_1BPP_FontElement_great_than
                0x00002324        0xc ./eGFX/SRC/Fonts/FONT_5_7_1BPP.o
                0x00002324                FONT_5_7_1BPP_FontElement_great_than
 .rodata.FONT_5_7_1BPP_FontElement_question_mark_Data
                0x00002330        0x7 ./eGFX/SRC/Fonts/FONT_5_7_1BPP.o
                0x00002330                FONT_5_7_1BPP_FontElement_question_mark_Data
 *fill*         0x00002337        0x1 
 .rodata.FONT_5_7_1BPP_FontElement_question_mark
                0x00002338        0xc ./eGFX/SRC/Fonts/FONT_5_7_1BPP.o
                0x00002338                FONT_5_7_1BPP_FontElement_question_mark
 .rodata.FONT_5_7_1BPP_FontElement_at_Data
                0x00002344        0x7 ./eGFX/SRC/Fonts/FONT_5_7_1BPP.o
                0x00002344                FONT_5_7_1BPP_FontElement_at_Data
 *fill*         0x0000234b        0x1 
 .rodata.FONT_5_7_1BPP_FontElement_at
                0x0000234c        0xc ./eGFX/SRC/Fonts/FONT_5_7_1BPP.o
                0x0000234c                FONT_5_7_1BPP_FontElement_at
 .rodata.FONT_5_7_1BPP_FontElement_uc_A_Data
                0x00002358        0x7 ./eGFX/SRC/Fonts/FONT_5_7_1BPP.o
                0x00002358                FONT_5_7_1BPP_FontElement_uc_A_Data
 *fill*         0x0000235f        0x1 
 .rodata.FONT_5_7_1BPP_FontElement_uc_A
                0x00002360        0xc ./eGFX/SRC/Fonts/FONT_5_7_1BPP.o
                0x00002360                FONT_5_7_1BPP_FontElement_uc_A
 .rodata.FONT_5_7_1BPP_FontElement_uc_B_Data
                0x0000236c        0x7 ./eGFX/SRC/Fonts/FONT_5_7_1BPP.o
                0x0000236c                FONT_5_7_1BPP_FontElement_uc_B_Data
 *fill*         0x00002373        0x1 
 .rodata.FONT_5_7_1BPP_FontElement_uc_B
                0x00002374        0xc ./eGFX/SRC/Fonts/FONT_5_7_1BPP.o
                0x00002374                FONT_5_7_1BPP_FontElement_uc_B
 .rodata.FONT_5_7_1BPP_FontElement_uc_C_Data
                0x00002380        0x7 ./eGFX/SRC/Fonts/FONT_5_7_1BPP.o
                0x00002380                FONT_5_7_1BPP_FontElement_uc_C_Data
 *fill*         0x00002387        0x1 
 .rodata.FONT_5_7_1BPP_FontElement_uc_C
                0x00002388        0xc ./eGFX/SRC/Fonts/FONT_5_7_1BPP.o
                0x00002388                FONT_5_7_1BPP_FontElement_uc_C
 .rodata.FONT_5_7_1BPP_FontElement_uc_D_Data
                0x00002394        0x7 ./eGFX/SRC/Fonts/FONT_5_7_1BPP.o
                0x00002394                FONT_5_7_1BPP_FontElement_uc_D_Data
 *fill*         0x0000239b        0x1 
 .rodata.FONT_5_7_1BPP_FontElement_uc_D
                0x0000239c        0xc ./eGFX/SRC/Fonts/FONT_5_7_1BPP.o
                0x0000239c                FONT_5_7_1BPP_FontElement_uc_D
 .rodata.FONT_5_7_1BPP_FontElement_uc_E_Data
                0x000023a8        0x7 ./eGFX/SRC/Fonts/FONT_5_7_1BPP.o
                0x000023a8                FONT_5_7_1BPP_FontElement_uc_E_Data
 *fill*         0x000023af        0x1 
 .rodata.FONT_5_7_1BPP_FontElement_uc_E
                0x000023b0        0xc ./eGFX/SRC/Fonts/FONT_5_7_1BPP.o
                0x000023b0                FONT_5_7_1BPP_FontElement_uc_E
 .rodata.FONT_5_7_1BPP_FontElement_uc_F_Data
                0x000023bc        0x7 ./eGFX/SRC/Fonts/FONT_5_7_1BPP.o
                0x000023bc                FONT_5_7_1BPP_FontElement_uc_F_Data
 *fill*         0x000023c3        0x1 
 .rodata.FONT_5_7_1BPP_FontElement_uc_F
                0x000023c4        0xc ./eGFX/SRC/Fonts/FONT_5_7_1BPP.o
                0x000023c4                FONT_5_7_1BPP_FontElement_uc_F
 .rodata.FONT_5_7_1BPP_FontElement_uc_G_Data
                0x000023d0        0x7 ./eGFX/SRC/Fonts/FONT_5_7_1BPP.o
                0x000023d0                FONT_5_7_1BPP_FontElement_uc_G_Data
 *fill*         0x000023d7        0x1 
 .rodata.FONT_5_7_1BPP_FontElement_uc_G
                0x000023d8        0xc ./eGFX/SRC/Fonts/FONT_5_7_1BPP.o
                0x000023d8                FONT_5_7_1BPP_FontElement_uc_G
 .rodata.FONT_5_7_1BPP_FontElement_uc_H_Data
                0x000023e4        0x7 ./eGFX/SRC/Fonts/FONT_5_7_1BPP.o
                0x000023e4                FONT_5_7_1BPP_FontElement_uc_H_Data
 *fill*         0x000023eb        0x1 
 .rodata.FONT_5_7_1BPP_FontElement_uc_H
                0x000023ec        0xc ./eGFX/SRC/Fonts/FONT_5_7_1BPP.o
                0x000023ec                FONT_5_7_1BPP_FontElement_uc_H
 .rodata.FONT_5_7_1BPP_FontElement_uc_I_Data
                0x000023f8        0x7 ./eGFX/SRC/Fonts/FONT_5_7_1BPP.o
                0x000023f8                FONT_5_7_1BPP_FontElement_uc_I_Data
 *fill*         0x000023ff        0x1 
 .rodata.FONT_5_7_1BPP_FontElement_uc_I
                0x00002400        0xc ./eGFX/SRC/Fonts/FONT_5_7_1BPP.o
                0x00002400                FONT_5_7_1BPP_FontElement_uc_I
 .rodata.FONT_5_7_1BPP_FontElement_uc_J_Data
                0x0000240c        0x7 ./eGFX/SRC/Fonts/FONT_5_7_1BPP.o
                0x0000240c                FONT_5_7_1BPP_FontElement_uc_J_Data
 *fill*         0x00002413        0x1 
 .rodata.FONT_5_7_1BPP_FontElement_uc_J
                0x00002414        0xc ./eGFX/SRC/Fonts/FONT_5_7_1BPP.o
                0x00002414                FONT_5_7_1BPP_FontElement_uc_J
 .rodata.FONT_5_7_1BPP_FontElement_uc_K_Data
                0x00002420        0x7 ./eGFX/SRC/Fonts/FONT_5_7_1BPP.o
                0x00002420                FONT_5_7_1BPP_FontElement_uc_K_Data
 *fill*         0x00002427        0x1 
 .rodata.FONT_5_7_1BPP_FontElement_uc_K
                0x00002428        0xc ./eGFX/SRC/Fonts/FONT_5_7_1BPP.o
                0x00002428                FONT_5_7_1BPP_FontElement_uc_K
 .rodata.FONT_5_7_1BPP_FontElement_uc_L_Data
                0x00002434        0x7 ./eGFX/SRC/Fonts/FONT_5_7_1BPP.o
                0x00002434                FONT_5_7_1BPP_FontElement_uc_L_Data
 *fill*         0x0000243b        0x1 
 .rodata.FONT_5_7_1BPP_FontElement_uc_L
                0x0000243c        0xc ./eGFX/SRC/Fonts/FONT_5_7_1BPP.o
                0x0000243c                FONT_5_7_1BPP_FontElement_uc_L
 .rodata.FONT_5_7_1BPP_FontElement_uc_M_Data
                0x00002448        0x7 ./eGFX/SRC/Fonts/FONT_5_7_1BPP.o
                0x00002448                FONT_5_7_1BPP_FontElement_uc_M_Data
 *fill*         0x0000244f        0x1 
 .rodata.FONT_5_7_1BPP_FontElement_uc_M
                0x00002450        0xc ./eGFX/SRC/Fonts/FONT_5_7_1BPP.o
                0x00002450                FONT_5_7_1BPP_FontElement_uc_M
 .rodata.FONT_5_7_1BPP_FontElement_uc_N_Data
                0x0000245c        0x7 ./eGFX/SRC/Fonts/FONT_5_7_1BPP.o
                0x0000245c                FONT_5_7_1BPP_FontElement_uc_N_Data
 *fill*         0x00002463        0x1 
 .rodata.FONT_5_7_1BPP_FontElement_uc_N
                0x00002464        0xc ./eGFX/SRC/Fonts/FONT_5_7_1BPP.o
                0x00002464                FONT_5_7_1BPP_FontElement_uc_N
 .rodata.FONT_5_7_1BPP_FontElement_uc_O_Data
                0x00002470        0x7 ./eGFX/SRC/Fonts/FONT_5_7_1BPP.o
                0x00002470                FONT_5_7_1BPP_FontElement_uc_O_Data
 *fill*         0x00002477        0x1 
 .rodata.FONT_5_7_1BPP_FontElement_uc_O
                0x00002478        0xc ./eGFX/SRC/Fonts/FONT_5_7_1BPP.o
                0x00002478                FONT_5_7_1BPP_FontElement_uc_O
 .rodata.FONT_5_7_1BPP_FontElement_uc_P_Data
                0x00002484        0x7 ./eGFX/SRC/Fonts/FONT_5_7_1BPP.o
                0x00002484                FONT_5_7_1BPP_FontElement_uc_P_Data
 *fill*         0x0000248b        0x1 
 .rodata.FONT_5_7_1BPP_FontElement_uc_P
                0x0000248c        0xc ./eGFX/SRC/Fonts/FONT_5_7_1BPP.o
                0x0000248c                FONT_5_7_1BPP_FontElement_uc_P
 .rodata.FONT_5_7_1BPP_FontElement_uc_Q_Data
                0x00002498        0x7 ./eGFX/SRC/Fonts/FONT_5_7_1BPP.o
                0x00002498                FONT_5_7_1BPP_FontElement_uc_Q_Data
 *fill*         0x0000249f        0x1 
 .rodata.FONT_5_7_1BPP_FontElement_uc_Q
                0x000024a0        0xc ./eGFX/SRC/Fonts/FONT_5_7_1BPP.o
                0x000024a0                FONT_5_7_1BPP_FontElement_uc_Q
 .rodata.FONT_5_7_1BPP_FontElement_uc_R_Data
                0x000024ac        0x7 ./eGFX/SRC/Fonts/FONT_5_7_1BPP.o
                0x000024ac                FONT_5_7_1BPP_FontElement_uc_R_Data
 *fill*         0x000024b3        0x1 
 .rodata.FONT_5_7_1BPP_FontElement_uc_R
                0x000024b4        0xc ./eGFX/SRC/Fonts/FONT_5_7_1BPP.o
                0x000024b4                FONT_5_7_1BPP_FontElement_uc_R
 .rodata.FONT_5_7_1BPP_FontElement_uc_S_Data
                0x000024c0        0x7 ./eGFX/SRC/Fonts/FONT_5_7_1BPP.o
                0x000024c0                FONT_5_7_1BPP_FontElement_uc_S_Data
 *fill*         0x000024c7        0x1 
 .rodata.FONT_5_7_1BPP_FontElement_uc_S
                0x000024c8        0xc ./eGFX/SRC/Fonts/FONT_5_7_1BPP.o
                0x000024c8                FONT_5_7_1BPP_FontElement_uc_S
 .rodata.FONT_5_7_1BPP_FontElement_uc_T_Data
                0x000024d4        0x7 ./eGFX/SRC/Fonts/FONT_5_7_1BPP.o
                0x000024d4                FONT_5_7_1BPP_FontElement_uc_T_Data
 *fill*         0x000024db        0x1 
 .rodata.FONT_5_7_1BPP_FontElement_uc_T
                0x000024dc        0xc ./eGFX/SRC/Fonts/FONT_5_7_1BPP.o
                0x000024dc                FONT_5_7_1BPP_FontElement_uc_T
 .rodata.FONT_5_7_1BPP_FontElement_uc_U_Data
                0x000024e8        0x7 ./eGFX/SRC/Fonts/FONT_5_7_1BPP.o
                0x000024e8                FONT_5_7_1BPP_FontElement_uc_U_Data
 *fill*         0x000024ef        0x1 
 .rodata.FONT_5_7_1BPP_FontElement_uc_U
                0x000024f0        0xc ./eGFX/SRC/Fonts/FONT_5_7_1BPP.o
                0x000024f0                FONT_5_7_1BPP_FontElement_uc_U
 .rodata.FONT_5_7_1BPP_FontElement_uc_V_Data
                0x000024fc        0x7 ./eGFX/SRC/Fonts/FONT_5_7_1BPP.o
                0x000024fc                FONT_5_7_1BPP_FontElement_uc_V_Data
 *fill*         0x00002503        0x1 
 .rodata.FONT_5_7_1BPP_FontElement_uc_V
                0x00002504        0xc ./eGFX/SRC/Fonts/FONT_5_7_1BPP.o
                0x00002504                FONT_5_7_1BPP_FontElement_uc_V
 .rodata.FONT_5_7_1BPP_FontElement_uc_W_Data
                0x00002510        0x7 ./eGFX/SRC/Fonts/FONT_5_7_1BPP.o
                0x00002510                FONT_5_7_1BPP_FontElement_uc_W_Data
 *fill*         0x00002517        0x1 
 .rodata.FONT_5_7_1BPP_FontElement_uc_W
                0x00002518        0xc ./eGFX/SRC/Fonts/FONT_5_7_1BPP.o
                0x00002518                FONT_5_7_1BPP_FontElement_uc_W
 .rodata.FONT_5_7_1BPP_FontElement_uc_X_Data
                0x00002524        0x7 ./eGFX/SRC/Fonts/FONT_5_7_1BPP.o
                0x00002524                FONT_5_7_1BPP_FontElement_uc_X_Data
 *fill*         0x0000252b        0x1 
 .rodata.FONT_5_7_1BPP_FontElement_uc_X
                0x0000252c        0xc ./eGFX/SRC/Fonts/FONT_5_7_1BPP.o
                0x0000252c                FONT_5_7_1BPP_FontElement_uc_X
 .rodata.FONT_5_7_1BPP_FontElement_uc_Y_Data
                0x00002538        0x7 ./eGFX/SRC/Fonts/FONT_5_7_1BPP.o
                0x00002538                FONT_5_7_1BPP_FontElement_uc_Y_Data
 *fill*         0x0000253f        0x1 
 .rodata.FONT_5_7_1BPP_FontElement_uc_Y
                0x00002540        0xc ./eGFX/SRC/Fonts/FONT_5_7_1BPP.o
                0x00002540                FONT_5_7_1BPP_FontElement_uc_Y
 .rodata.FONT_5_7_1BPP_FontElement_uc_Z_Data
                0x0000254c        0x7 ./eGFX/SRC/Fonts/FONT_5_7_1BPP.o
                0x0000254c                FONT_5_7_1BPP_FontElement_uc_Z_Data
 *fill*         0x00002553        0x1 
 .rodata.FONT_5_7_1BPP_FontElement_uc_Z
                0x00002554        0xc ./eGFX/SRC/Fonts/FONT_5_7_1BPP.o
                0x00002554                FONT_5_7_1BPP_FontElement_uc_Z
 .rodata.FONT_5_7_1BPP_FontElement_left_bracket_Data
                0x00002560        0x7 ./eGFX/SRC/Fonts/FONT_5_7_1BPP.o
                0x00002560                FONT_5_7_1BPP_FontElement_left_bracket_Data
 *fill*         0x00002567        0x1 
 .rodata.FONT_5_7_1BPP_FontElement_left_bracket
                0x00002568        0xc ./eGFX/SRC/Fonts/FONT_5_7_1BPP.o
                0x00002568                FONT_5_7_1BPP_FontElement_left_bracket
 .rodata.FONT_5_7_1BPP_FontElement_backslash_Data
                0x00002574        0x7 ./eGFX/SRC/Fonts/FONT_5_7_1BPP.o
                0x00002574                FONT_5_7_1BPP_FontElement_backslash_Data
 *fill*         0x0000257b        0x1 
 .rodata.FONT_5_7_1BPP_FontElement_backslash
                0x0000257c        0xc ./eGFX/SRC/Fonts/FONT_5_7_1BPP.o
                0x0000257c                FONT_5_7_1BPP_FontElement_backslash
 .rodata.FONT_5_7_1BPP_FontElement_right_bracket_Data
                0x00002588        0x7 ./eGFX/SRC/Fonts/FONT_5_7_1BPP.o
                0x00002588                FONT_5_7_1BPP_FontElement_right_bracket_Data
 *fill*         0x0000258f        0x1 
 .rodata.FONT_5_7_1BPP_FontElement_right_bracket
                0x00002590        0xc ./eGFX/SRC/Fonts/FONT_5_7_1BPP.o
                0x00002590                FONT_5_7_1BPP_FontElement_right_bracket
 .rodata.FONT_5_7_1BPP_FontElement_carret_Data
                0x0000259c        0x7 ./eGFX/SRC/Fonts/FONT_5_7_1BPP.o
                0x0000259c                FONT_5_7_1BPP_FontElement_carret_Data
 *fill*         0x000025a3        0x1 
 .rodata.FONT_5_7_1BPP_FontElement_carret
                0x000025a4        0xc ./eGFX/SRC/Fonts/FONT_5_7_1BPP.o
                0x000025a4                FONT_5_7_1BPP_FontElement_carret
 .rodata.FONT_5_7_1BPP_FontElement_underscore_Data
                0x000025b0        0x7 ./eGFX/SRC/Fonts/FONT_5_7_1BPP.o
                0x000025b0                FONT_5_7_1BPP_FontElement_underscore_Data
 *fill*         0x000025b7        0x1 
 .rodata.FONT_5_7_1BPP_FontElement_underscore
                0x000025b8        0xc ./eGFX/SRC/Fonts/FONT_5_7_1BPP.o
                0x000025b8                FONT_5_7_1BPP_FontElement_underscore
 .rodata.FONT_5_7_1BPP_FontElement_slanted_single_quote_Data
                0x000025c4        0x7 ./eGFX/SRC/Fonts/FONT_5_7_1BPP.o
                0x000025c4                FONT_5_7_1BPP_FontElement_slanted_single_quote_Data
 *fill*         0x000025cb        0x1 
 .rodata.FONT_5_7_1BPP_FontElement_slanted_single_quote
                0x000025cc        0xc ./eGFX/SRC/Fonts/FONT_5_7_1BPP.o
                0x000025cc                FONT_5_7_1BPP_FontElement_slanted_single_quote
 .rodata.FONT_5_7_1BPP_FontElement_lc_a_Data
                0x000025d8        0x7 ./eGFX/SRC/Fonts/FONT_5_7_1BPP.o
                0x000025d8                FONT_5_7_1BPP_FontElement_lc_a_Data
 *fill*         0x000025df        0x1 
 .rodata.FONT_5_7_1BPP_FontElement_lc_a
                0x000025e0        0xc ./eGFX/SRC/Fonts/FONT_5_7_1BPP.o
                0x000025e0                FONT_5_7_1BPP_FontElement_lc_a
 .rodata.FONT_5_7_1BPP_FontElement_lc_b_Data
                0x000025ec        0x7 ./eGFX/SRC/Fonts/FONT_5_7_1BPP.o
                0x000025ec                FONT_5_7_1BPP_FontElement_lc_b_Data
 *fill*         0x000025f3        0x1 
 .rodata.FONT_5_7_1BPP_FontElement_lc_b
                0x000025f4        0xc ./eGFX/SRC/Fonts/FONT_5_7_1BPP.o
                0x000025f4                FONT_5_7_1BPP_FontElement_lc_b
 .rodata.FONT_5_7_1BPP_FontElement_lc_c_Data
                0x00002600        0x7 ./eGFX/SRC/Fonts/FONT_5_7_1BPP.o
                0x00002600                FONT_5_7_1BPP_FontElement_lc_c_Data
 *fill*         0x00002607        0x1 
 .rodata.FONT_5_7_1BPP_FontElement_lc_c
                0x00002608        0xc ./eGFX/SRC/Fonts/FONT_5_7_1BPP.o
                0x00002608                FONT_5_7_1BPP_FontElement_lc_c
 .rodata.FONT_5_7_1BPP_FontElement_lc_d_Data
                0x00002614        0x7 ./eGFX/SRC/Fonts/FONT_5_7_1BPP.o
                0x00002614                FONT_5_7_1BPP_FontElement_lc_d_Data
 *fill*         0x0000261b        0x1 
 .rodata.FONT_5_7_1BPP_FontElement_lc_d
                0x0000261c        0xc ./eGFX/SRC/Fonts/FONT_5_7_1BPP.o
                0x0000261c                FONT_5_7_1BPP_FontElement_lc_d
 .rodata.FONT_5_7_1BPP_FontElement_lc_e_Data
                0x00002628        0x7 ./eGFX/SRC/Fonts/FONT_5_7_1BPP.o
                0x00002628                FONT_5_7_1BPP_FontElement_lc_e_Data
 *fill*         0x0000262f        0x1 
 .rodata.FONT_5_7_1BPP_FontElement_lc_e
                0x00002630        0xc ./eGFX/SRC/Fonts/FONT_5_7_1BPP.o
                0x00002630                FONT_5_7_1BPP_FontElement_lc_e
 .rodata.FONT_5_7_1BPP_FontElement_lc_f_Data
                0x0000263c        0x7 ./eGFX/SRC/Fonts/FONT_5_7_1BPP.o
                0x0000263c                FONT_5_7_1BPP_FontElement_lc_f_Data
 *fill*         0x00002643        0x1 
 .rodata.FONT_5_7_1BPP_FontElement_lc_f
                0x00002644        0xc ./eGFX/SRC/Fonts/FONT_5_7_1BPP.o
                0x00002644                FONT_5_7_1BPP_FontElement_lc_f
 .rodata.FONT_5_7_1BPP_FontElement_lc_g_Data
                0x00002650        0x7 ./eGFX/SRC/Fonts/FONT_5_7_1BPP.o
                0x00002650                FONT_5_7_1BPP_FontElement_lc_g_Data
 *fill*         0x00002657        0x1 
 .rodata.FONT_5_7_1BPP_FontElement_lc_g
                0x00002658        0xc ./eGFX/SRC/Fonts/FONT_5_7_1BPP.o
                0x00002658                FONT_5_7_1BPP_FontElement_lc_g
 .rodata.FONT_5_7_1BPP_FontElement_lc_h_Data
                0x00002664        0x7 ./eGFX/SRC/Fonts/FONT_5_7_1BPP.o
                0x00002664                FONT_5_7_1BPP_FontElement_lc_h_Data
 *fill*         0x0000266b        0x1 
 .rodata.FONT_5_7_1BPP_FontElement_lc_h
                0x0000266c        0xc ./eGFX/SRC/Fonts/FONT_5_7_1BPP.o
                0x0000266c                FONT_5_7_1BPP_FontElement_lc_h
 .rodata.FONT_5_7_1BPP_FontElement_lc_i_Data
                0x00002678        0x7 ./eGFX/SRC/Fonts/FONT_5_7_1BPP.o
                0x00002678                FONT_5_7_1BPP_FontElement_lc_i_Data
 *fill*         0x0000267f        0x1 
 .rodata.FONT_5_7_1BPP_FontElement_lc_i
                0x00002680        0xc ./eGFX/SRC/Fonts/FONT_5_7_1BPP.o
                0x00002680                FONT_5_7_1BPP_FontElement_lc_i
 .rodata.FONT_5_7_1BPP_FontElement_lc_j_Data
                0x0000268c        0x7 ./eGFX/SRC/Fonts/FONT_5_7_1BPP.o
                0x0000268c                FONT_5_7_1BPP_FontElement_lc_j_Data
 *fill*         0x00002693        0x1 
 .rodata.FONT_5_7_1BPP_FontElement_lc_j
                0x00002694        0xc ./eGFX/SRC/Fonts/FONT_5_7_1BPP.o
                0x00002694                FONT_5_7_1BPP_FontElement_lc_j
 .rodata.FONT_5_7_1BPP_FontElement_lc_k_Data
                0x000026a0        0x7 ./eGFX/SRC/Fonts/FONT_5_7_1BPP.o
                0x000026a0                FONT_5_7_1BPP_FontElement_lc_k_Data
 *fill*         0x000026a7        0x1 
 .rodata.FONT_5_7_1BPP_FontElement_lc_k
                0x000026a8        0xc ./eGFX/SRC/Fonts/FONT_5_7_1BPP.o
                0x000026a8                FONT_5_7_1BPP_FontElement_lc_k
 .rodata.FONT_5_7_1BPP_FontElement_lc_l_Data
                0x000026b4        0x7 ./eGFX/SRC/Fonts/FONT_5_7_1BPP.o
                0x000026b4                FONT_5_7_1BPP_FontElement_lc_l_Data
 *fill*         0x000026bb        0x1 
 .rodata.FONT_5_7_1BPP_FontElement_lc_l
                0x000026bc        0xc ./eGFX/SRC/Fonts/FONT_5_7_1BPP.o
                0x000026bc                FONT_5_7_1BPP_FontElement_lc_l
 .rodata.FONT_5_7_1BPP_FontElement_lc_m_Data
                0x000026c8        0x7 ./eGFX/SRC/Fonts/FONT_5_7_1BPP.o
                0x000026c8                FONT_5_7_1BPP_FontElement_lc_m_Data
 *fill*         0x000026cf        0x1 
 .rodata.FONT_5_7_1BPP_FontElement_lc_m
                0x000026d0        0xc ./eGFX/SRC/Fonts/FONT_5_7_1BPP.o
                0x000026d0                FONT_5_7_1BPP_FontElement_lc_m
 .rodata.FONT_5_7_1BPP_FontElement_lc_n_Data
                0x000026dc        0x7 ./eGFX/SRC/Fonts/FONT_5_7_1BPP.o
                0x000026dc                FONT_5_7_1BPP_FontElement_lc_n_Data
 *fill*         0x000026e3        0x1 
 .rodata.FONT_5_7_1BPP_FontElement_lc_n
                0x000026e4        0xc ./eGFX/SRC/Fonts/FONT_5_7_1BPP.o
                0x000026e4                FONT_5_7_1BPP_FontElement_lc_n
 .rodata.FONT_5_7_1BPP_FontElement_lc_o_Data
                0x000026f0        0x7 ./eGFX/SRC/Fonts/FONT_5_7_1BPP.o
                0x000026f0                FONT_5_7_1BPP_FontElement_lc_o_Data
 *fill*         0x000026f7        0x1 
 .rodata.FONT_5_7_1BPP_FontElement_lc_o
                0x000026f8        0xc ./eGFX/SRC/Fonts/FONT_5_7_1BPP.o
                0x000026f8                FONT_5_7_1BPP_FontElement_lc_o
 .rodata.FONT_5_7_1BPP_FontElement_lc_p_Data
                0x00002704        0x7 ./eGFX/SRC/Fonts/FONT_5_7_1BPP.o
                0x00002704                FONT_5_7_1BPP_FontElement_lc_p_Data
 *fill*         0x0000270b        0x1 
 .rodata.FONT_5_7_1BPP_FontElement_lc_p
                0x0000270c        0xc ./eGFX/SRC/Fonts/FONT_5_7_1BPP.o
                0x0000270c                FONT_5_7_1BPP_FontElement_lc_p
 .rodata.FONT_5_7_1BPP_FontElement_lc_q_Data
                0x00002718        0x7 ./eGFX/SRC/Fonts/FONT_5_7_1BPP.o
                0x00002718                FONT_5_7_1BPP_FontElement_lc_q_Data
 *fill*         0x0000271f        0x1 
 .rodata.FONT_5_7_1BPP_FontElement_lc_q
                0x00002720        0xc ./eGFX/SRC/Fonts/FONT_5_7_1BPP.o
                0x00002720                FONT_5_7_1BPP_FontElement_lc_q
 .rodata.FONT_5_7_1BPP_FontElement_lc_r_Data
                0x0000272c        0x7 ./eGFX/SRC/Fonts/FONT_5_7_1BPP.o
                0x0000272c                FONT_5_7_1BPP_FontElement_lc_r_Data
 *fill*         0x00002733        0x1 
 .rodata.FONT_5_7_1BPP_FontElement_lc_r
                0x00002734        0xc ./eGFX/SRC/Fonts/FONT_5_7_1BPP.o
                0x00002734                FONT_5_7_1BPP_FontElement_lc_r
 .rodata.FONT_5_7_1BPP_FontElement_lc_s_Data
                0x00002740        0x7 ./eGFX/SRC/Fonts/FONT_5_7_1BPP.o
                0x00002740                FONT_5_7_1BPP_FontElement_lc_s_Data
 *fill*         0x00002747        0x1 
 .rodata.FONT_5_7_1BPP_FontElement_lc_s
                0x00002748        0xc ./eGFX/SRC/Fonts/FONT_5_7_1BPP.o
                0x00002748                FONT_5_7_1BPP_FontElement_lc_s
 .rodata.FONT_5_7_1BPP_FontElement_lc_t_Data
                0x00002754        0x7 ./eGFX/SRC/Fonts/FONT_5_7_1BPP.o
                0x00002754                FONT_5_7_1BPP_FontElement_lc_t_Data
 *fill*         0x0000275b        0x1 
 .rodata.FONT_5_7_1BPP_FontElement_lc_t
                0x0000275c        0xc ./eGFX/SRC/Fonts/FONT_5_7_1BPP.o
                0x0000275c                FONT_5_7_1BPP_FontElement_lc_t
 .rodata.FONT_5_7_1BPP_FontElement_lc_u_Data
                0x00002768        0x7 ./eGFX/SRC/Fonts/FONT_5_7_1BPP.o
                0x00002768                FONT_5_7_1BPP_FontElement_lc_u_Data
 *fill*         0x0000276f        0x1 
 .rodata.FONT_5_7_1BPP_FontElement_lc_u
                0x00002770        0xc ./eGFX/SRC/Fonts/FONT_5_7_1BPP.o
                0x00002770                FONT_5_7_1BPP_FontElement_lc_u
 .rodata.FONT_5_7_1BPP_FontElement_lc_v_Data
                0x0000277c        0x7 ./eGFX/SRC/Fonts/FONT_5_7_1BPP.o
                0x0000277c                FONT_5_7_1BPP_FontElement_lc_v_Data
 *fill*         0x00002783        0x1 
 .rodata.FONT_5_7_1BPP_FontElement_lc_v
                0x00002784        0xc ./eGFX/SRC/Fonts/FONT_5_7_1BPP.o
                0x00002784                FONT_5_7_1BPP_FontElement_lc_v
 .rodata.FONT_5_7_1BPP_FontElement_lc_w_Data
                0x00002790        0x7 ./eGFX/SRC/Fonts/FONT_5_7_1BPP.o
                0x00002790                FONT_5_7_1BPP_FontElement_lc_w_Data
 *fill*         0x00002797        0x1 
 .rodata.FONT_5_7_1BPP_FontElement_lc_w
                0x00002798        0xc ./eGFX/SRC/Fonts/FONT_5_7_1BPP.o
                0x00002798                FONT_5_7_1BPP_FontElement_lc_w
 .rodata.FONT_5_7_1BPP_FontElement_lc_x_Data
                0x000027a4        0x7 ./eGFX/SRC/Fonts/FONT_5_7_1BPP.o
                0x000027a4                FONT_5_7_1BPP_FontElement_lc_x_Data
 *fill*         0x000027ab        0x1 
 .rodata.FONT_5_7_1BPP_FontElement_lc_x
                0x000027ac        0xc ./eGFX/SRC/Fonts/FONT_5_7_1BPP.o
                0x000027ac                FONT_5_7_1BPP_FontElement_lc_x
 .rodata.FONT_5_7_1BPP_FontElement_lc_y_Data
                0x000027b8        0x7 ./eGFX/SRC/Fonts/FONT_5_7_1BPP.o
                0x000027b8                FONT_5_7_1BPP_FontElement_lc_y_Data
 *fill*         0x000027bf        0x1 
 .rodata.FONT_5_7_1BPP_FontElement_lc_y
                0x000027c0        0xc ./eGFX/SRC/Fonts/FONT_5_7_1BPP.o
                0x000027c0                FONT_5_7_1BPP_FontElement_lc_y
 .rodata.FONT_5_7_1BPP_FontElement_lc_z_Data
                0x000027cc        0x7 ./eGFX/SRC/Fonts/FONT_5_7_1BPP.o
                0x000027cc                FONT_5_7_1BPP_FontElement_lc_z_Data
 *fill*         0x000027d3        0x1 
 .rodata.FONT_5_7_1BPP_FontElement_lc_z
                0x000027d4        0xc ./eGFX/SRC/Fonts/FONT_5_7_1BPP.o
                0x000027d4                FONT_5_7_1BPP_FontElement_lc_z
 .rodata.FONT_5_7_1BPP_FontElement_left_curly_brace_Data
                0x000027e0        0x7 ./eGFX/SRC/Fonts/FONT_5_7_1BPP.o
                0x000027e0                FONT_5_7_1BPP_FontElement_left_curly_brace_Data
 *fill*         0x000027e7        0x1 
 .rodata.FONT_5_7_1BPP_FontElement_left_curly_brace
                0x000027e8        0xc ./eGFX/SRC/Fonts/FONT_5_7_1BPP.o
                0x000027e8                FONT_5_7_1BPP_FontElement_left_curly_brace
 .rodata.FONT_5_7_1BPP_FontElement_vertical_bar_Data
                0x000027f4        0x7 ./eGFX/SRC/Fonts/FONT_5_7_1BPP.o
                0x000027f4                FONT_5_7_1BPP_FontElement_vertical_bar_Data
 *fill*         0x000027fb        0x1 
 .rodata.FONT_5_7_1BPP_FontElement_vertical_bar
                0x000027fc        0xc ./eGFX/SRC/Fonts/FONT_5_7_1BPP.o
                0x000027fc                FONT_5_7_1BPP_FontElement_vertical_bar
 .rodata.FONT_5_7_1BPP_FontElement_right_curly_brace_Data
                0x00002808        0x7 ./eGFX/SRC/Fonts/FONT_5_7_1BPP.o
                0x00002808                FONT_5_7_1BPP_FontElement_right_curly_brace_Data
 *fill*         0x0000280f        0x1 
 .rodata.FONT_5_7_1BPP_FontElement_right_curly_brace
                0x00002810        0xc ./eGFX/SRC/Fonts/FONT_5_7_1BPP.o
                0x00002810                FONT_5_7_1BPP_FontElement_right_curly_brace
 .rodata.FONT_5_7_1BPP_FontElement_tilde_Data
                0x0000281c        0x7 ./eGFX/SRC/Fonts/FONT_5_7_1BPP.o
                0x0000281c                FONT_5_7_1BPP_FontElement_tilde_Data
 *fill*         0x00002823        0x1 
 .rodata.FONT_5_7_1BPP_FontElement_tilde
                0x00002824        0xc ./eGFX/SRC/Fonts/FONT_5_7_1BPP.o
                0x00002824                FONT_5_7_1BPP_FontElement_tilde
 .rodata.FONT_5_7_1BPP_FontElement_delete_Data
                0x00002830        0x7 ./eGFX/SRC/Fonts/FONT_5_7_1BPP.o
                0x00002830                FONT_5_7_1BPP_FontElement_delete_Data
 *fill*         0x00002837        0x1 
 .rodata.FONT_5_7_1BPP_FontElement_delete
                0x00002838        0xc ./eGFX/SRC/Fonts/FONT_5_7_1BPP.o
                0x00002838                FONT_5_7_1BPP_FontElement_delete
 .rodata.FONT_5_7_1BPP
                0x00002844      0x190 ./eGFX/SRC/Fonts/FONT_5_7_1BPP.o
                0x00002844                FONT_5_7_1BPP
 .rodata.eGFX_PutPixel
                0x000029d4       0x18 ./eGFX/SRC/eGFX.o
 .rodata.eGFX_GetPixel
                0x000029ec       0x18 ./eGFX/SRC/eGFX.o
 .rodata.wdtOSCRate
                0x00002a04       0x40 /storage_b/Dropbox/NXPWorkspace/lpc_chip_82x/Debug/liblpc_chip_82x.a(clock_8xx.o)
                0x00002a44                . = ALIGN (0x4)

.glue_7         0x00002a44        0x0
 .glue_7        0x00000000        0x0 linker stubs

.glue_7t        0x00002a44        0x0
 .glue_7t       0x00000000        0x0 linker stubs

.vfp11_veneer   0x00002a44        0x0
 .vfp11_veneer  0x00000000        0x0 linker stubs

.v4_bx          0x00002a44        0x0
 .v4_bx         0x00000000        0x0 linker stubs

.iplt           0x00002a44        0x0
 .iplt          0x00000000        0x0 ./src/MoonLander-bamf.o

.rel.dyn        0x00002a44        0x0
 .rel.iplt      0x00000000        0x0 ./src/MoonLander-bamf.o

.ARM.extab
 *(.ARM.extab* .gnu.linkonce.armextab.*)
                0x00002a44                __exidx_start = .

.ARM.exidx
 *(.ARM.exidx* .gnu.linkonce.armexidx.*)
                0x00002a44                __exidx_end = .
                0x00002a44                _etext = .

.mtb_buffer_default
                0x10000000      0x100
 *(.mtb*)
 .mtb.$RAM1     0x10000000      0x100 ./src/mtb.o
                0x10000000                __mtb_buffer__

.uninit_RESERVED
                0x10000100        0x0
 *(.bss.$RESERVED*)
                0x10000100                . = ALIGN (0x4)
                0x10000100                _end_uninit_RESERVED = .

.data           0x10000100        0x0 load address 0x00002a44
 FILL mask 0xff
                0x10000100                _data = .
 *(vtable)
 *(.ramfunc*)
 *(.data*)
                0x10000100                . = ALIGN (0x4)
                0x10000100                _edata = .

.igot.plt       0x10000100        0x0 load address 0x00002a44
 .igot.plt      0x00000000        0x0 ./src/MoonLander-bamf.o

.bss            0x10000100      0x22c load address 0x00002a44
                0x10000100                _bss = .
 *(.bss*)
 .bss.g_C12832A
                0x10000100        0x8 ./src/MoonLander-bamf.o
 .bss.g_delayms_counter
                0x10000108        0x4 ./src/MoonLander-bamf.o
 .bss.g_millis_counter
                0x1000010c        0x4 ./src/MoonLander-bamf.o
 .bss.blink_counter.7552
                0x10000110        0x4 ./src/MoonLander-bamf.o
 *(COMMON)
 COMMON         0x10000114        0x8 ./src/cr_startup_lpc82x.o
                0x10000114                pDivRom_uidiv
                0x10000118                pDivRom_idiv
 COMMON         0x1000011c      0x20c ./src/eGFX_Driver_C12832A_LPC824.o
                0x1000011c                BackBufferStore
                0x1000031c                eGFX_BackBuffer
 COMMON         0x10000328        0x4 /storage_b/Dropbox/NXPWorkspace/lpc_chip_82x/Debug/liblpc_chip_82x.a(chip_8xx.o)
                0x10000328                SystemCoreClock
                0x1000032c                . = ALIGN (0x4)
                0x1000032c                _ebss = .
                0x1000032c                PROVIDE (end, .)

.noinit         0x1000032c        0x0 load address 0x00002a44
                0x1000032c                _noinit = .
 *(.noinit*)
                0x1000032c                . = ALIGN (0x4)
                0x1000032c                _end_noinit = .
                0x1000032c                PROVIDE (_pvHeapStart, DEFINED (__user_heap_base)?__user_heap_base:.)
                0x10002000                PROVIDE (_vStackTop, DEFINED (__user_stack_top)?__user_stack_top:(__top_RamLoc8 - 0x0))
                0xefffdabd                PROVIDE (__valid_user_code_checksum, (0x0 - (((_vStackTop + (ResetISR + 0x1)) + (DEFINED (NMI_Handler)?NMI_Handler:M0_NMI_Handler + 0x1)) + (DEFINED (HardFault_Handler)?HardFault_Handler:M0_HardFault_Handler + 0x1))))
OUTPUT(MoonLander-bamf.axf elf32-littlearm)

.debug_info     0x00000000     0x9661
 .debug_info    0x00000000      0xfa8 ./src/MoonLander-bamf.o
 .debug_info    0x00000fa8       0x76 ./src/aeabi_romdiv_patch.o
 .debug_info    0x0000101e      0x234 ./src/cr_startup_lpc82x.o
 .debug_info    0x00001252       0x3f ./src/crp.o
 .debug_info    0x00001291      0x985 ./src/eGFX_Driver_C12832A_LPC824.o
 .debug_info    0x00001c16       0x51 ./src/mtb.o
 .debug_info    0x00001c67      0x939 ./src/sysinit.o
 .debug_info    0x000025a0     0x10dd ./eGFX/SRC/Fonts/FONT_5_7_1BPP.o
 .debug_info    0x0000367d     0x2a3b ./eGFX/SRC/eGFX.o
 .debug_info    0x000060b8      0x1c3 /storage_b/Dropbox/NXPWorkspace/lpc_chip_82x/Debug/liblpc_chip_82x.a(chip_8xx.o)
 .debug_info    0x0000627b      0xb5f /storage_b/Dropbox/NXPWorkspace/lpc_chip_82x/Debug/liblpc_chip_82x.a(clock_8xx.o)
 .debug_info    0x00006dda      0x65c /storage_b/Dropbox/NXPWorkspace/lpc_chip_82x/Debug/liblpc_chip_82x.a(gpio_8xx.o)
 .debug_info    0x00007436      0x68c /storage_b/Dropbox/NXPWorkspace/lpc_chip_82x/Debug/liblpc_chip_82x.a(iocon_8xx.o)
 .debug_info    0x00007ac2      0x662 /storage_b/Dropbox/NXPWorkspace/lpc_chip_82x/Debug/liblpc_chip_82x.a(spi_8xx.o)
 .debug_info    0x00008124      0x6fc /storage_b/Dropbox/NXPWorkspace/lpc_chip_82x/Debug/liblpc_chip_82x.a(spim_8xx.o)
 .debug_info    0x00008820      0x404 /storage_b/Dropbox/NXPWorkspace/lpc_chip_82x/Debug/liblpc_chip_82x.a(swm_8xx.o)
 .debug_info    0x00008c24      0x5ae /storage_b/Dropbox/NXPWorkspace/lpc_chip_82x/Debug/liblpc_chip_82x.a(sysinit_8xx.o)
 .debug_info    0x000091d2      0x48f /storage_b/Dropbox/NXPWorkspace/lpc_chip_82x/Debug/liblpc_chip_82x.a(syscon_8xx.o)

.debug_abbrev   0x00000000     0x1679
 .debug_abbrev  0x00000000      0x2a8 ./src/MoonLander-bamf.o
 .debug_abbrev  0x000002a8       0x12 ./src/aeabi_romdiv_patch.o
 .debug_abbrev  0x000002ba       0xf5 ./src/cr_startup_lpc82x.o
 .debug_abbrev  0x000003af       0x36 ./src/crp.o
 .debug_abbrev  0x000003e5      0x1bd ./src/eGFX_Driver_C12832A_LPC824.o
 .debug_abbrev  0x000005a2       0x41 ./src/mtb.o
 .debug_abbrev  0x000005e3      0x107 ./src/sysinit.o
 .debug_abbrev  0x000006ea       0xb0 ./eGFX/SRC/Fonts/FONT_5_7_1BPP.o
 .debug_abbrev  0x0000079a      0x2bc ./eGFX/SRC/eGFX.o
 .debug_abbrev  0x00000a56       0x91 /storage_b/Dropbox/NXPWorkspace/lpc_chip_82x/Debug/liblpc_chip_82x.a(chip_8xx.o)
 .debug_abbrev  0x00000ae7      0x26e /storage_b/Dropbox/NXPWorkspace/lpc_chip_82x/Debug/liblpc_chip_82x.a(clock_8xx.o)
 .debug_abbrev  0x00000d55      0x125 /storage_b/Dropbox/NXPWorkspace/lpc_chip_82x/Debug/liblpc_chip_82x.a(gpio_8xx.o)
 .debug_abbrev  0x00000e7a      0x181 /storage_b/Dropbox/NXPWorkspace/lpc_chip_82x/Debug/liblpc_chip_82x.a(iocon_8xx.o)
 .debug_abbrev  0x00000ffb      0x182 /storage_b/Dropbox/NXPWorkspace/lpc_chip_82x/Debug/liblpc_chip_82x.a(spi_8xx.o)
 .debug_abbrev  0x0000117d      0x1bb /storage_b/Dropbox/NXPWorkspace/lpc_chip_82x/Debug/liblpc_chip_82x.a(spim_8xx.o)
 .debug_abbrev  0x00001338      0x136 /storage_b/Dropbox/NXPWorkspace/lpc_chip_82x/Debug/liblpc_chip_82x.a(swm_8xx.o)
 .debug_abbrev  0x0000146e      0x13d /storage_b/Dropbox/NXPWorkspace/lpc_chip_82x/Debug/liblpc_chip_82x.a(sysinit_8xx.o)
 .debug_abbrev  0x000015ab       0xce /storage_b/Dropbox/NXPWorkspace/lpc_chip_82x/Debug/liblpc_chip_82x.a(syscon_8xx.o)

.debug_aranges  0x00000000      0x900
 .debug_aranges
                0x00000000       0x90 ./src/MoonLander-bamf.o
 .debug_aranges
                0x00000090       0x28 ./src/aeabi_romdiv_patch.o
 .debug_aranges
                0x000000b8       0x60 ./src/cr_startup_lpc82x.o
 .debug_aranges
                0x00000118       0x18 ./src/crp.o
 .debug_aranges
                0x00000130       0xa8 ./src/eGFX_Driver_C12832A_LPC824.o
 .debug_aranges
                0x000001d8       0x18 ./src/mtb.o
 .debug_aranges
                0x000001f0       0x38 ./src/sysinit.o
 .debug_aranges
                0x00000228       0x18 ./eGFX/SRC/Fonts/FONT_5_7_1BPP.o
 .debug_aranges
                0x00000240      0x300 ./eGFX/SRC/eGFX.o
 .debug_aranges
                0x00000540       0x20 /storage_b/Dropbox/NXPWorkspace/lpc_chip_82x/Debug/liblpc_chip_82x.a(chip_8xx.o)
 .debug_aranges
                0x00000560       0xf0 /storage_b/Dropbox/NXPWorkspace/lpc_chip_82x/Debug/liblpc_chip_82x.a(clock_8xx.o)
 .debug_aranges
                0x00000650       0x38 /storage_b/Dropbox/NXPWorkspace/lpc_chip_82x/Debug/liblpc_chip_82x.a(gpio_8xx.o)
 .debug_aranges
                0x00000688       0x90 /storage_b/Dropbox/NXPWorkspace/lpc_chip_82x/Debug/liblpc_chip_82x.a(iocon_8xx.o)
 .debug_aranges
                0x00000718       0xa8 /storage_b/Dropbox/NXPWorkspace/lpc_chip_82x/Debug/liblpc_chip_82x.a(spi_8xx.o)
 .debug_aranges
                0x000007c0       0x80 /storage_b/Dropbox/NXPWorkspace/lpc_chip_82x/Debug/liblpc_chip_82x.a(spim_8xx.o)
 .debug_aranges
                0x00000840       0x38 /storage_b/Dropbox/NXPWorkspace/lpc_chip_82x/Debug/liblpc_chip_82x.a(swm_8xx.o)
 .debug_aranges
                0x00000878       0x50 /storage_b/Dropbox/NXPWorkspace/lpc_chip_82x/Debug/liblpc_chip_82x.a(sysinit_8xx.o)
 .debug_aranges
                0x000008c8       0x38 /storage_b/Dropbox/NXPWorkspace/lpc_chip_82x/Debug/liblpc_chip_82x.a(syscon_8xx.o)

.debug_ranges   0x00000000      0x7d0
 .debug_ranges  0x00000000       0x80 ./src/MoonLander-bamf.o
 .debug_ranges  0x00000080       0x20 ./src/aeabi_romdiv_patch.o
 .debug_ranges  0x000000a0       0x50 ./src/cr_startup_lpc82x.o
 .debug_ranges  0x000000f0       0x98 ./src/eGFX_Driver_C12832A_LPC824.o
 .debug_ranges  0x00000188       0x28 ./src/sysinit.o
 .debug_ranges  0x000001b0      0x2f0 ./eGFX/SRC/eGFX.o
 .debug_ranges  0x000004a0       0x10 /storage_b/Dropbox/NXPWorkspace/lpc_chip_82x/Debug/liblpc_chip_82x.a(chip_8xx.o)
 .debug_ranges  0x000004b0       0xe0 /storage_b/Dropbox/NXPWorkspace/lpc_chip_82x/Debug/liblpc_chip_82x.a(clock_8xx.o)
 .debug_ranges  0x00000590       0x28 /storage_b/Dropbox/NXPWorkspace/lpc_chip_82x/Debug/liblpc_chip_82x.a(gpio_8xx.o)
 .debug_ranges  0x000005b8       0x80 /storage_b/Dropbox/NXPWorkspace/lpc_chip_82x/Debug/liblpc_chip_82x.a(iocon_8xx.o)
 .debug_ranges  0x00000638       0x98 /storage_b/Dropbox/NXPWorkspace/lpc_chip_82x/Debug/liblpc_chip_82x.a(spi_8xx.o)
 .debug_ranges  0x000006d0       0x70 /storage_b/Dropbox/NXPWorkspace/lpc_chip_82x/Debug/liblpc_chip_82x.a(spim_8xx.o)
 .debug_ranges  0x00000740       0x28 /storage_b/Dropbox/NXPWorkspace/lpc_chip_82x/Debug/liblpc_chip_82x.a(swm_8xx.o)
 .debug_ranges  0x00000768       0x40 /storage_b/Dropbox/NXPWorkspace/lpc_chip_82x/Debug/liblpc_chip_82x.a(sysinit_8xx.o)
 .debug_ranges  0x000007a8       0x28 /storage_b/Dropbox/NXPWorkspace/lpc_chip_82x/Debug/liblpc_chip_82x.a(syscon_8xx.o)

.debug_macro    0x00000000     0x504b
 .debug_macro   0x00000000      0x268 ./src/MoonLander-bamf.o
 .debug_macro   0x00000268      0x84a ./src/MoonLander-bamf.o
 .debug_macro   0x00000ab2       0x10 ./src/MoonLander-bamf.o
 .debug_macro   0x00000ac2      0x12d ./src/MoonLander-bamf.o
 .debug_macro   0x00000bef      0x5b2 ./src/MoonLander-bamf.o
 .debug_macro   0x000011a1       0x22 ./src/MoonLander-bamf.o
 .debug_macro   0x000011c3       0x7b ./src/MoonLander-bamf.o
 .debug_macro   0x0000123e       0x16 ./src/MoonLander-bamf.o
 .debug_macro   0x00001254       0x28 ./src/MoonLander-bamf.o
 .debug_macro   0x0000127c       0x3a ./src/MoonLander-bamf.o
 .debug_macro   0x000012b6       0x1f ./src/MoonLander-bamf.o
 .debug_macro   0x000012d5      0x250 ./src/MoonLander-bamf.o
 .debug_macro   0x00001525      0x1ae ./src/MoonLander-bamf.o
 .debug_macro   0x000016d3       0xca ./src/MoonLander-bamf.o
 .debug_macro   0x0000179d       0x6a ./src/MoonLander-bamf.o
 .debug_macro   0x00001807       0x70 ./src/MoonLander-bamf.o
 .debug_macro   0x00001877       0x28 ./src/MoonLander-bamf.o
 .debug_macro   0x0000189f      0x190 ./src/MoonLander-bamf.o
 .debug_macro   0x00001a2f       0x24 ./src/MoonLander-bamf.o
 .debug_macro   0x00001a53       0x64 ./src/MoonLander-bamf.o
 .debug_macro   0x00001ab7       0x10 ./src/MoonLander-bamf.o
 .debug_macro   0x00001ac7       0x22 ./src/MoonLander-bamf.o
 .debug_macro   0x00001ae9       0xb2 ./src/MoonLander-bamf.o
 .debug_macro   0x00001b9b       0x58 ./src/MoonLander-bamf.o
 .debug_macro   0x00001bf3       0x58 ./src/MoonLander-bamf.o
 .debug_macro   0x00001c4b       0x6a ./src/MoonLander-bamf.o
 .debug_macro   0x00001cb5       0x82 ./src/MoonLander-bamf.o
 .debug_macro   0x00001d37       0x16 ./src/MoonLander-bamf.o
 .debug_macro   0x00001d4d      0x16f ./src/MoonLander-bamf.o
 .debug_macro   0x00001ebc       0x22 ./src/MoonLander-bamf.o
 .debug_macro   0x00001ede       0x52 ./src/MoonLander-bamf.o
 .debug_macro   0x00001f30      0x181 ./src/MoonLander-bamf.o
 .debug_macro   0x000020b1      0x289 ./src/MoonLander-bamf.o
 .debug_macro   0x0000233a      0x28b ./src/MoonLander-bamf.o
 .debug_macro   0x000025c5       0x2e ./src/MoonLander-bamf.o
 .debug_macro   0x000025f3       0x22 ./src/MoonLander-bamf.o
 .debug_macro   0x00002615      0x216 ./src/MoonLander-bamf.o
 .debug_macro   0x0000282b      0x1d5 ./src/MoonLander-bamf.o
 .debug_macro   0x00002a00       0x82 ./src/MoonLander-bamf.o
 .debug_macro   0x00002a82       0x94 ./src/MoonLander-bamf.o
 .debug_macro   0x00002b16       0x4c ./src/MoonLander-bamf.o
 .debug_macro   0x00002b62       0x22 ./src/MoonLander-bamf.o
 .debug_macro   0x00002b84       0xd9 ./src/MoonLander-bamf.o
 .debug_macro   0x00002c5d       0xa6 ./src/MoonLander-bamf.o
 .debug_macro   0x00002d03       0xf4 ./src/MoonLander-bamf.o
 .debug_macro   0x00002df7       0x23 ./src/cr_startup_lpc82x.o
 .debug_macro   0x00002e1a       0x1a ./src/crp.o
 .debug_macro   0x00002e34       0x34 ./src/crp.o
 .debug_macro   0x00002e68      0x23f ./src/eGFX_Driver_C12832A_LPC824.o
 .debug_macro   0x000030a7       0x29 ./src/mtb.o
 .debug_macro   0x000030d0       0x10 ./src/mtb.o
 .debug_macro   0x000030e0      0x217 ./src/sysinit.o
 .debug_macro   0x000032f7       0x46 ./src/sysinit.o
 .debug_macro   0x0000333d       0x8b ./eGFX/SRC/Fonts/FONT_5_7_1BPP.o
 .debug_macro   0x000033c8       0xb0 ./eGFX/SRC/eGFX.o
 .debug_macro   0x00003478       0x9a ./eGFX/SRC/eGFX.o
 .debug_macro   0x00003512       0x1c ./eGFX/SRC/eGFX.o
 .debug_macro   0x0000352e       0xc4 ./eGFX/SRC/eGFX.o
 .debug_macro   0x000035f2      0x1ff /storage_b/Dropbox/NXPWorkspace/lpc_chip_82x/Debug/liblpc_chip_82x.a(chip_8xx.o)
 .debug_macro   0x000037f1      0x832 /storage_b/Dropbox/NXPWorkspace/lpc_chip_82x/Debug/liblpc_chip_82x.a(chip_8xx.o)
 .debug_macro   0x00004023      0x1ff /storage_b/Dropbox/NXPWorkspace/lpc_chip_82x/Debug/liblpc_chip_82x.a(clock_8xx.o)
 .debug_macro   0x00004222      0x1ff /storage_b/Dropbox/NXPWorkspace/lpc_chip_82x/Debug/liblpc_chip_82x.a(gpio_8xx.o)
 .debug_macro   0x00004421      0x1ff /storage_b/Dropbox/NXPWorkspace/lpc_chip_82x/Debug/liblpc_chip_82x.a(iocon_8xx.o)
 .debug_macro   0x00004620      0x1ff /storage_b/Dropbox/NXPWorkspace/lpc_chip_82x/Debug/liblpc_chip_82x.a(spi_8xx.o)
 .debug_macro   0x0000481f      0x1ff /storage_b/Dropbox/NXPWorkspace/lpc_chip_82x/Debug/liblpc_chip_82x.a(spim_8xx.o)
 .debug_macro   0x00004a1e      0x20b /storage_b/Dropbox/NXPWorkspace/lpc_chip_82x/Debug/liblpc_chip_82x.a(swm_8xx.o)
 .debug_macro   0x00004c29      0x20b /storage_b/Dropbox/NXPWorkspace/lpc_chip_82x/Debug/liblpc_chip_82x.a(sysinit_8xx.o)
 .debug_macro   0x00004e34      0x217 /storage_b/Dropbox/NXPWorkspace/lpc_chip_82x/Debug/liblpc_chip_82x.a(syscon_8xx.o)

.debug_line     0x00000000     0x4fbc
 .debug_line    0x00000000      0x60f ./src/MoonLander-bamf.o
 .debug_line    0x0000060f       0x65 ./src/aeabi_romdiv_patch.o
 .debug_line    0x00000674       0xbe ./src/cr_startup_lpc82x.o
 .debug_line    0x00000732       0x7c ./src/crp.o
 .debug_line    0x000007ae      0x5f4 ./src/eGFX_Driver_C12832A_LPC824.o
 .debug_line    0x00000da2       0x99 ./src/mtb.o
 .debug_line    0x00000e3b      0x40d ./src/sysinit.o
 .debug_line    0x00001248      0x1c0 ./eGFX/SRC/Fonts/FONT_5_7_1BPP.o
 .debug_line    0x00001408     0x1321 ./eGFX/SRC/eGFX.o
 .debug_line    0x00002729      0x3a2 /storage_b/Dropbox/NXPWorkspace/lpc_chip_82x/Debug/liblpc_chip_82x.a(chip_8xx.o)
 .debug_line    0x00002acb      0x5f2 /storage_b/Dropbox/NXPWorkspace/lpc_chip_82x/Debug/liblpc_chip_82x.a(clock_8xx.o)
 .debug_line    0x000030bd      0x3db /storage_b/Dropbox/NXPWorkspace/lpc_chip_82x/Debug/liblpc_chip_82x.a(gpio_8xx.o)
 .debug_line    0x00003498      0x4c9 /storage_b/Dropbox/NXPWorkspace/lpc_chip_82x/Debug/liblpc_chip_82x.a(iocon_8xx.o)
 .debug_line    0x00003961      0x591 /storage_b/Dropbox/NXPWorkspace/lpc_chip_82x/Debug/liblpc_chip_82x.a(spi_8xx.o)
 .debug_line    0x00003ef2      0x4e0 /storage_b/Dropbox/NXPWorkspace/lpc_chip_82x/Debug/liblpc_chip_82x.a(spim_8xx.o)
 .debug_line    0x000043d2      0x3e1 /storage_b/Dropbox/NXPWorkspace/lpc_chip_82x/Debug/liblpc_chip_82x.a(swm_8xx.o)
 .debug_line    0x000047b3      0x42a /storage_b/Dropbox/NXPWorkspace/lpc_chip_82x/Debug/liblpc_chip_82x.a(sysinit_8xx.o)
 .debug_line    0x00004bdd      0x3df /storage_b/Dropbox/NXPWorkspace/lpc_chip_82x/Debug/liblpc_chip_82x.a(syscon_8xx.o)

.debug_str      0x00000000    0x121f6
 .debug_str     0x00000000     0xd378 ./src/MoonLander-bamf.o
                               0xd489 (size before relaxing)
 .debug_str     0x0000d378      0x1be ./src/cr_startup_lpc82x.o
                               0x2572 (size before relaxing)
 .debug_str     0x0000d536       0xe9 ./src/crp.o
                               0x247e (size before relaxing)
 .debug_str     0x0000d61f      0x255 ./src/eGFX_Driver_C12832A_LPC824.o
                               0xc606 (size before relaxing)
 .debug_str     0x0000d874       0xd0 ./src/mtb.o
                               0x28af (size before relaxing)
 .debug_str     0x0000d944      0x710 ./src/sysinit.o
                               0xc200 (size before relaxing)
 .debug_str     0x0000e054     0x1ab2 ./eGFX/SRC/Fonts/FONT_5_7_1BPP.o
                               0x625c (size before relaxing)
 .debug_str     0x0000fb06     0x14dc ./eGFX/SRC/eGFX.o
                               0x5d84 (size before relaxing)
 .debug_str     0x00010fe2       0x6b /storage_b/Dropbox/NXPWorkspace/lpc_chip_82x/Debug/liblpc_chip_82x.a(chip_8xx.o)
                               0xb3bc (size before relaxing)
 .debug_str     0x0001104d      0x641 /storage_b/Dropbox/NXPWorkspace/lpc_chip_82x/Debug/liblpc_chip_82x.a(clock_8xx.o)
                               0xbd88 (size before relaxing)
 .debug_str     0x0001168e       0x32 /storage_b/Dropbox/NXPWorkspace/lpc_chip_82x/Debug/liblpc_chip_82x.a(gpio_8xx.o)
                               0xb662 (size before relaxing)
 .debug_str     0x000116c0      0x2fc /storage_b/Dropbox/NXPWorkspace/lpc_chip_82x/Debug/liblpc_chip_82x.a(iocon_8xx.o)
                               0xb720 (size before relaxing)
 .debug_str     0x000119bc      0x218 /storage_b/Dropbox/NXPWorkspace/lpc_chip_82x/Debug/liblpc_chip_82x.a(spi_8xx.o)
                               0xb4a3 (size before relaxing)
 .debug_str     0x00011bd4      0x27f /storage_b/Dropbox/NXPWorkspace/lpc_chip_82x/Debug/liblpc_chip_82x.a(spim_8xx.o)
                               0xb6ce (size before relaxing)
 .debug_str     0x00011e53      0x12e /storage_b/Dropbox/NXPWorkspace/lpc_chip_82x/Debug/liblpc_chip_82x.a(swm_8xx.o)
                               0xb799 (size before relaxing)
 .debug_str     0x00011f81      0x161 /storage_b/Dropbox/NXPWorkspace/lpc_chip_82x/Debug/liblpc_chip_82x.a(sysinit_8xx.o)
                               0xb61c (size before relaxing)
 .debug_str     0x000120e2      0x114 /storage_b/Dropbox/NXPWorkspace/lpc_chip_82x/Debug/liblpc_chip_82x.a(syscon_8xx.o)
                               0xb4d8 (size before relaxing)

.comment        0x00000000       0xe0
 .comment       0x00000000       0x70 ./src/MoonLander-bamf.o
                                 0x71 (size before relaxing)
 .comment       0x00000000       0x71 ./src/cr_startup_lpc82x.o
 .comment       0x00000000       0x71 ./src/crp.o
 .comment       0x00000000       0x71 ./src/eGFX_Driver_C12832A_LPC824.o
 .comment       0x00000000       0x71 ./src/mtb.o
 .comment       0x00000000       0x71 ./src/sysinit.o
 .comment       0x00000000       0x71 ./eGFX/SRC/Fonts/FONT_5_7_1BPP.o
 .comment       0x00000000       0x71 ./eGFX/SRC/eGFX.o
 .comment       0x00000000       0x71 /storage_b/Dropbox/NXPWorkspace/lpc_chip_82x/Debug/liblpc_chip_82x.a(chip_8xx.o)
 .comment       0x00000000       0x71 /storage_b/Dropbox/NXPWorkspace/lpc_chip_82x/Debug/liblpc_chip_82x.a(clock_8xx.o)
 .comment       0x00000000       0x71 /storage_b/Dropbox/NXPWorkspace/lpc_chip_82x/Debug/liblpc_chip_82x.a(gpio_8xx.o)
 .comment       0x00000000       0x71 /storage_b/Dropbox/NXPWorkspace/lpc_chip_82x/Debug/liblpc_chip_82x.a(iocon_8xx.o)
 .comment       0x00000000       0x71 /storage_b/Dropbox/NXPWorkspace/lpc_chip_82x/Debug/liblpc_chip_82x.a(spi_8xx.o)
 .comment       0x00000000       0x71 /storage_b/Dropbox/NXPWorkspace/lpc_chip_82x/Debug/liblpc_chip_82x.a(spim_8xx.o)
 .comment       0x00000000       0x71 /storage_b/Dropbox/NXPWorkspace/lpc_chip_82x/Debug/liblpc_chip_82x.a(swm_8xx.o)
 .comment       0x00000000       0x71 /storage_b/Dropbox/NXPWorkspace/lpc_chip_82x/Debug/liblpc_chip_82x.a(sysinit_8xx.o)
 .comment       0x00000000       0x71 /storage_b/Dropbox/NXPWorkspace/lpc_chip_82x/Debug/liblpc_chip_82x.a(syscon_8xx.o)
 .comment       0x00000070       0x70 /usr/local/lpcxpresso_8.0.0_526/lpcxpresso/tools/bin/../lib/gcc/arm-none-eabi/4.9.3/../../../../arm-none-eabi/lib/armv6-m/libcr_c.a(memcpy.o)
                                 0x71 (size before relaxing)
 .comment       0x00000000       0x71 /usr/local/lpcxpresso_8.0.0_526/lpcxpresso/tools/bin/../lib/gcc/arm-none-eabi/4.9.3/../../../../arm-none-eabi/lib/armv6-m/libcr_c.a(__weak__main.o)

.ARM.attributes
                0x00000000       0x2f
 .ARM.attributes
                0x00000000       0x31 ./src/MoonLander-bamf.o
 .ARM.attributes
                0x00000031       0x21 ./src/aeabi_romdiv_patch.o
 .ARM.attributes
                0x00000052       0x31 ./src/cr_startup_lpc82x.o
 .ARM.attributes
                0x00000083       0x31 ./src/crp.o
 .ARM.attributes
                0x000000b4       0x31 ./src/eGFX_Driver_C12832A_LPC824.o
 .ARM.attributes
                0x000000e5       0x31 ./src/mtb.o
 .ARM.attributes
                0x00000116       0x31 ./src/sysinit.o
 .ARM.attributes
                0x00000147       0x31 ./eGFX/SRC/Fonts/FONT_5_7_1BPP.o
 .ARM.attributes
                0x00000178       0x31 ./eGFX/SRC/eGFX.o
 .ARM.attributes
                0x000001a9       0x31 /storage_b/Dropbox/NXPWorkspace/lpc_chip_82x/Debug/liblpc_chip_82x.a(chip_8xx.o)
 .ARM.attributes
                0x000001da       0x31 /storage_b/Dropbox/NXPWorkspace/lpc_chip_82x/Debug/liblpc_chip_82x.a(clock_8xx.o)
 .ARM.attributes
                0x0000020b       0x31 /storage_b/Dropbox/NXPWorkspace/lpc_chip_82x/Debug/liblpc_chip_82x.a(gpio_8xx.o)
 .ARM.attributes
                0x0000023c       0x31 /storage_b/Dropbox/NXPWorkspace/lpc_chip_82x/Debug/liblpc_chip_82x.a(iocon_8xx.o)
 .ARM.attributes
                0x0000026d       0x31 /storage_b/Dropbox/NXPWorkspace/lpc_chip_82x/Debug/liblpc_chip_82x.a(spi_8xx.o)
 .ARM.attributes
                0x0000029e       0x31 /storage_b/Dropbox/NXPWorkspace/lpc_chip_82x/Debug/liblpc_chip_82x.a(spim_8xx.o)
 .ARM.attributes
                0x000002cf       0x31 /storage_b/Dropbox/NXPWorkspace/lpc_chip_82x/Debug/liblpc_chip_82x.a(swm_8xx.o)
 .ARM.attributes
                0x00000300       0x31 /storage_b/Dropbox/NXPWorkspace/lpc_chip_82x/Debug/liblpc_chip_82x.a(sysinit_8xx.o)
 .ARM.attributes
                0x00000331       0x31 /storage_b/Dropbox/NXPWorkspace/lpc_chip_82x/Debug/liblpc_chip_82x.a(syscon_8xx.o)
 .ARM.attributes
                0x00000362       0x31 /usr/local/lpcxpresso_8.0.0_526/lpcxpresso/tools/bin/../lib/gcc/arm-none-eabi/4.9.3/../../../../arm-none-eabi/lib/armv6-m/libcr_c.a(memcpy.o)
 .ARM.attributes
                0x00000393       0x31 /usr/local/lpcxpresso_8.0.0_526/lpcxpresso/tools/bin/../lib/gcc/arm-none-eabi/4.9.3/../../../../arm-none-eabi/lib/armv6-m/libcr_c.a(__weak__main.o)
 .ARM.attributes
                0x000003c4       0x21 /usr/local/lpcxpresso_8.0.0_526/lpcxpresso/tools/bin/../lib/gcc/arm-none-eabi/4.9.3/armv6-m/libcr_eabihelpers.a(memcpy.o)

.debug_frame    0x00000000     0x1de4
 .debug_frame   0x00000000      0x1ec ./src/MoonLander-bamf.o
 .debug_frame   0x000001ec      0x118 ./src/cr_startup_lpc82x.o
 .debug_frame   0x00000304      0x250 ./src/eGFX_Driver_C12832A_LPC824.o
 .debug_frame   0x00000554       0x88 ./src/sysinit.o
 .debug_frame   0x000005dc      0xc08 ./eGFX/SRC/eGFX.o
 .debug_frame   0x000011e4       0x2c /storage_b/Dropbox/NXPWorkspace/lpc_chip_82x/Debug/liblpc_chip_82x.a(chip_8xx.o)
 .debug_frame   0x00001210      0x354 /storage_b/Dropbox/NXPWorkspace/lpc_chip_82x/Debug/liblpc_chip_82x.a(clock_8xx.o)
 .debug_frame   0x00001564       0x90 /storage_b/Dropbox/NXPWorkspace/lpc_chip_82x/Debug/liblpc_chip_82x.a(gpio_8xx.o)
 .debug_frame   0x000015f4      0x1f0 /storage_b/Dropbox/NXPWorkspace/lpc_chip_82x/Debug/liblpc_chip_82x.a(iocon_8xx.o)
 .debug_frame   0x000017e4      0x250 /storage_b/Dropbox/NXPWorkspace/lpc_chip_82x/Debug/liblpc_chip_82x.a(spi_8xx.o)
 .debug_frame   0x00001a34      0x1b0 /storage_b/Dropbox/NXPWorkspace/lpc_chip_82x/Debug/liblpc_chip_82x.a(spim_8xx.o)
 .debug_frame   0x00001be4       0x90 /storage_b/Dropbox/NXPWorkspace/lpc_chip_82x/Debug/liblpc_chip_82x.a(swm_8xx.o)
 .debug_frame   0x00001c74       0xe0 /storage_b/Dropbox/NXPWorkspace/lpc_chip_82x/Debug/liblpc_chip_82x.a(sysinit_8xx.o)
 .debug_frame   0x00001d54       0x90 /storage_b/Dropbox/NXPWorkspace/lpc_chip_82x/Debug/liblpc_chip_82x.a(syscon_8xx.o)
