Archive member included because of file (symbol)

/storage_b/Dropbox/NXPWorkspace/lpc_chip_82x/Debug/liblpc_chip_82x.a(adc_8xx.o)
                              ./src/uCorder.o (Chip_ADC_Init)
/storage_b/Dropbox/NXPWorkspace/lpc_chip_82x/Debug/liblpc_chip_82x.a(chip_8xx.o)
                              ./src/uCorder.o (SystemCoreClockUpdate)
/storage_b/Dropbox/NXPWorkspace/lpc_chip_82x/Debug/liblpc_chip_82x.a(clock_8xx.o)
                              ./src/uCorder.o (Chip_Clock_GetSystemClockRate)
/storage_b/Dropbox/NXPWorkspace/lpc_chip_82x/Debug/liblpc_chip_82x.a(gpio_8xx.o)
                              ./src/sysinit.o (Chip_GPIO_Init)
/storage_b/Dropbox/NXPWorkspace/lpc_chip_82x/Debug/liblpc_chip_82x.a(i2c_common_8xx.o)
                              ./src/MoonLander-i2c.o (Chip_I2C_Init)
/storage_b/Dropbox/NXPWorkspace/lpc_chip_82x/Debug/liblpc_chip_82x.a(i2cm_8xx.o)
                              ./src/MoonLander-i2c.o (Chip_I2CM_SetBusSpeed)
/storage_b/Dropbox/NXPWorkspace/lpc_chip_82x/Debug/liblpc_chip_82x.a(iocon_8xx.o)
                              ./src/sysinit.o (Chip_IOCON_PinSetMode)
/storage_b/Dropbox/NXPWorkspace/lpc_chip_82x/Debug/liblpc_chip_82x.a(pmu_8xx.o)
                              ./src/uCorder.o (Chip_PMU_SleepState)
/storage_b/Dropbox/NXPWorkspace/lpc_chip_82x/Debug/liblpc_chip_82x.a(spi_8xx.o)
                              ./src/eGFX_Driver_C12832A_LPC824.o (Chip_SPI_DelayConfig)
/storage_b/Dropbox/NXPWorkspace/lpc_chip_82x/Debug/liblpc_chip_82x.a(spim_8xx.o)
                              ./src/eGFX_Driver_C12832A_LPC824.o (Chip_SPIM_SetClockRate)
/storage_b/Dropbox/NXPWorkspace/lpc_chip_82x/Debug/liblpc_chip_82x.a(swm_8xx.o)
                              ./src/sysinit.o (Chip_SWM_MovablePinAssign)
/storage_b/Dropbox/NXPWorkspace/lpc_chip_82x/Debug/liblpc_chip_82x.a(syscon_8xx.o)
                              /storage_b/Dropbox/NXPWorkspace/lpc_chip_82x/Debug/liblpc_chip_82x.a(adc_8xx.o) (Chip_SYSCTL_PowerDown)
/storage_b/Dropbox/NXPWorkspace/lpc_chip_82x/Debug/liblpc_chip_82x.a(sysinit_8xx.o)
                              ./src/sysinit.o (Chip_SetupXtalClocking)
/storage_b/Dropbox/NXPWorkspace/lpc_chip_82x/Debug/liblpc_chip_82x.a(irc_8xx.o)
                              /storage_b/Dropbox/NXPWorkspace/lpc_chip_82x/Debug/liblpc_chip_82x.a(sysinit_8xx.o) (Chip_IRC_SetFreq)
/usr/local/lpcxpresso_8.0.0_526/lpcxpresso/tools/bin/../lib/gcc/arm-none-eabi/4.9.3/../../../../arm-none-eabi/lib/armv6-m/libcr_nohost.a(_cr__main.o)
                              ./src/cr_startup_lpc82x.o (__main)
/usr/local/lpcxpresso_8.0.0_526/lpcxpresso/tools/bin/../lib/gcc/arm-none-eabi/4.9.3/../../../../arm-none-eabi/lib/armv6-m/libcr_c.a(memcpy.o)
                              ./eGFX/SRC/eGFX.o (memcpy)
/usr/local/lpcxpresso_8.0.0_526/lpcxpresso/tools/bin/../lib/gcc/arm-none-eabi/4.9.3/../../../../arm-none-eabi/lib/armv6-m/libcr_c.a(atan2.o)
                              ./src/uCorder-compass.o (atan2)
/usr/local/lpcxpresso_8.0.0_526/lpcxpresso/tools/bin/../lib/gcc/arm-none-eabi/4.9.3/../../../../arm-none-eabi/lib/armv6-m/libcr_c.a(errno.o)
                              /usr/local/lpcxpresso_8.0.0_526/lpcxpresso/tools/bin/../lib/gcc/arm-none-eabi/4.9.3/../../../../arm-none-eabi/lib/armv6-m/libcr_c.a(atan2.o) (errno)
/usr/local/lpcxpresso_8.0.0_526/lpcxpresso/tools/bin/../lib/gcc/arm-none-eabi/4.9.3/../../../../arm-none-eabi/lib/armv6-m/libcr_c.a(fabs.o)
                              ./eGFX/SRC/eGFX.o (fabs)
/usr/local/lpcxpresso_8.0.0_526/lpcxpresso/tools/bin/../lib/gcc/arm-none-eabi/4.9.3/../../../../arm-none-eabi/lib/armv6-m/libcr_c.a(fpprintf.o)
                              ./src/uCorder-plotter.o (sprintf)
/usr/local/lpcxpresso_8.0.0_526/lpcxpresso/tools/bin/../lib/gcc/arm-none-eabi/4.9.3/../../../../arm-none-eabi/lib/armv6-m/libcr_c.a(initio.o)
                              /usr/local/lpcxpresso_8.0.0_526/lpcxpresso/tools/bin/../lib/gcc/arm-none-eabi/4.9.3/../../../../arm-none-eabi/lib/armv6-m/libcr_nohost.a(_cr__main.o) (_initio)
/usr/local/lpcxpresso_8.0.0_526/lpcxpresso/tools/bin/../lib/gcc/arm-none-eabi/4.9.3/../../../../arm-none-eabi/lib/armv6-m/libcr_c.a(pow.o)
                              ./src/uCorder.o (pow)
/usr/local/lpcxpresso_8.0.0_526/lpcxpresso/tools/bin/../lib/gcc/arm-none-eabi/4.9.3/../../../../arm-none-eabi/lib/armv6-m/libcr_c.a(printf.o)
                              /usr/local/lpcxpresso_8.0.0_526/lpcxpresso/tools/bin/../lib/gcc/arm-none-eabi/4.9.3/../../../../arm-none-eabi/lib/armv6-m/libcr_c.a(fpprintf.o) (__vfprintf)
/usr/local/lpcxpresso_8.0.0_526/lpcxpresso/tools/bin/../lib/gcc/arm-none-eabi/4.9.3/../../../../arm-none-eabi/lib/armv6-m/libcr_c.a(setvbuf.o)
                              /usr/local/lpcxpresso_8.0.0_526/lpcxpresso/tools/bin/../lib/gcc/arm-none-eabi/4.9.3/../../../../arm-none-eabi/lib/armv6-m/libcr_c.a(initio.o) (setvbuf)
/usr/local/lpcxpresso_8.0.0_526/lpcxpresso/tools/bin/../lib/gcc/arm-none-eabi/4.9.3/../../../../arm-none-eabi/lib/armv6-m/libcr_c.a(stdio.o)
[...]
Memory Configuration

Name             Origin             Length             Attributes
MFlash32         0x00000000         0x00008000         xr
RamLoc8          0x10000000         0x00002000         xrw
*default*        0x00000000         0xffffffff

Linker script and memory map

LOAD ./src/MoonLander-i2c.o
LOAD ./src/aeabi_romdiv_patch.o
LOAD ./src/cr_startup_lpc82x.o
LOAD ./src/crp.o
LOAD ./src/eGFX_Driver_C12832A_LPC824.o
LOAD ./src/hmc5883l.o
LOAD ./src/htu21d.o
LOAD ./src/mtb.o
LOAD ./src/sysinit.o
LOAD ./src/uCorder-compass.o
LOAD ./src/uCorder-plotter.o
LOAD ./src/uCorder.o
LOAD ./eGFX/SRC/Fonts/FONT_3_5_1BPP.o
LOAD ./eGFX/SRC/Fonts/FONT_3_5_4BPP.o
LOAD ./eGFX/SRC/Fonts/FONT_3_5_8BPP.o
LOAD ./eGFX/SRC/Fonts/FONT_5_7_1BPP.o
LOAD ./eGFX/SRC/Fonts/FONT_5_7_4BPP.o
LOAD ./eGFX/SRC/Fonts/FONT_5_7_8BPP.o
LOAD ./eGFX/SRC/eGFX.o
LOAD ./eGFX/SRC/eGFX_BMP.o
LOAD /storage_b/Dropbox/NXPWorkspace/lpc_chip_82x/Debug/liblpc_chip_82x.a
START GROUP
LOAD /usr/local/lpcxpresso_8.0.0_526/lpcxpresso/tools/bin/../lib/gcc/arm-none-eabi/4.9.3/../../../../arm-none-eabi/lib/armv6-m/libcr_nohost.a
LOAD /usr/local/lpcxpresso_8.0.0_526/lpcxpresso/tools/bin/../lib/gcc/arm-none-eabi/4.9.3/../../../../arm-none-eabi/lib/armv6-m/libcr_c.a
LOAD /usr/local/lpcxpresso_8.0.0_526/lpcxpresso/tools/bin/../lib/gcc/arm-none-eabi/4.9.3/armv6-m/libcr_eabihelpers.a
END GROUP
                0x00000000                __base_MFlash32 = 0x0
                0x00000000                __base_Flash = 0x0
                0x00008000                __top_MFlash32 = 0x8000
                0x00008000                __top_Flash = 0x8000
                0x10000000                __base_RamLoc8 = 0x10000000
                0x10000000                __base_RAM = 0x10000000
                0x10002000                __top_RamLoc8 = 0x10002000
                0x10002000                __top_RAM = 0x10002000

.text           0x00000000     0x6418
 FILL mask 0xff
                0x00000000                __vectors_start__ = ABSOLUTE (.)
 *(.isr_vector)
 .isr_vector    0x00000000       0xc0 ./src/cr_startup_lpc82x.o
                0x00000000                g_pfnVectors
                0x000000c0                . = ALIGN (0x4)
                0x000000c0                __section_table_start = .
                0x000000c0                __data_section_table = .
                0x000000c0        0x4 LONG 0x6418 LOADADDR (.data)
                0x000000c4        0x4 LONG 0x10000100 ADDR (.data)
                0x000000c8        0x4 LONG 0x890 SIZEOF (.data)
                0x000000cc                __data_section_table_end = .
                0x000000cc                __bss_section_table = .
                0x000000cc        0x4 LONG 0x10000990 ADDR (.bss)
                0x000000d0        0x4 LONG 0x630 SIZEOF (.bss)
                0x000000d4                __bss_section_table_end = .
                0x000000d4                __section_table_end = .
 *(.after_vectors*)
 .after_vectors
                0x000000d4       0x8c ./src/cr_startup_lpc82x.o
                0x000000d4                NMI_Handler
                0x000000d6                HardFault_Handler
                0x000000d8                SVC_Handler
                0x000000da                PendSV_Handler
                0x000000de                CMP_IRQHandler
                0x000000de                I2C0_IRQHandler
                0x000000de                WKT_IRQHandler
                0x000000de                MRT_IRQHandler
                0x000000de                I2C1_IRQHandler
                0x000000de                UART1_IRQHandler
                0x000000de                ADC_SEQB_IRQHandler
                0x000000de                UART0_IRQHandler
                0x000000de                SPI1_IRQHandler
                0x000000de                PIN_INT6_IRQHandler
                0x000000de                IntDefaultHandler
                0x000000de                PIN_INT4_IRQHandler
                0x000000de                ADC_OVR_IRQHandler
                0x000000de                I2C2_IRQHandler
                0x000000de                UART2_IRQHandler
                0x000000de                PIN_INT5_IRQHandler
                0x000000de                PIN_INT7_IRQHandler
                0x000000de                ADC_THCMP_IRQHandler
                0x000000de                BOD_IRQHandler
                0x000000de                I2C3_IRQHandler
                0x000000de                SCT_IRQHandler
                0x000000de                WDT_IRQHandler
                0x000000de                SPI0_IRQHandler
                0x000000de                DMA_IRQHandler
                0x000000de                PIN_INT3_IRQHandler
                0x000000de                FLASH_IRQHandler
                0x000000e0                data_init
                0x000000f2                bss_init
                0x00000102                ResetISR
                0x000002fc                . = 0x2fc
 *fill*         0x00000160      0x19c ff
                0x000002fc                PROVIDE (__CRP_WORD_START__, .)
 *(.crp)
 .crp           0x000002fc        0x4 ./src/crp.o
                0x000002fc                CRP_WORD
                0x00000300                PROVIDE (__CRP_WORD_END__, .)
                0x00000001                ASSERT (! ((__CRP_WORD_START__ == __CRP_WORD_END__)), Linker CRP Enabled, but no CRP_WORD provided within application)
 *(.text*)
 .text.MoonLander_I2C_Write
                0x00000300       0x1c ./src/MoonLander-i2c.o
                0x00000300                MoonLander_I2C_Write
 .text.MoonLander_I2C_Transaction
                0x0000031c       0x24 ./src/MoonLander-i2c.o
                0x0000031c                MoonLander_I2C_Transaction
 .text.MoonLander_I2C_Init
                0x00000340       0x3c ./src/MoonLander-i2c.o
                0x00000340                MoonLander_I2C_Init
 .text.__aeabi_idiv
                0x0000037c       0x10 ./src/aeabi_romdiv_patch.o
                0x0000037c                __aeabi_idiv
                0x0000037c                __aeabi_idivmod
 .text.__aeabi_uidiv
                0x0000038c       0x10 ./src/aeabi_romdiv_patch.o
                0x0000038c                __aeabi_uidiv
                0x0000038c                __aeabi_uidivmod
 .text.C12832A_ConfigureSPI
                0x0000039c       0x6c ./src/eGFX_Driver_C12832A_LPC824.o
                0x0000039c                C12832A_ConfigureSPI
 .text.C12832A_writeCommand
                0x00000408       0x3e ./src/eGFX_Driver_C12832A_LPC824.o
                0x00000408                C12832A_writeCommand
 .text.C12832A_SetContrast
                0x00000446       0x18 ./src/eGFX_Driver_C12832A_LPC824.o
                0x00000446                C12832A_SetContrast
 .text.C12832A_Init
                0x0000045e       0xe8 ./src/eGFX_Driver_C12832A_LPC824.o
                0x0000045e                C12832A_Init
 *fill*         0x00000546        0x2 
 .text.eGFX_InitDriver
                0x00000548       0x1c ./src/eGFX_Driver_C12832A_LPC824.o
                0x00000548                eGFX_InitDriver
 .text.eGFX_Dump
                0x00000564       0xb4 ./src/eGFX_Driver_C12832A_LPC824.o
                0x00000564                eGFX_Dump
 .text.HMC5883L_GetXYZ
                0x00000618      0x114 ./src/hmc5883l.o
                0x00000618                HMC5883L_GetXYZ
 .text.HMC5883L_SetRange
                0x0000072c       0x80 ./src/hmc5883l.o
                0x0000072c                HMC5883L_SetRange
 .text.HMC5883L_Init
                0x000007ac       0x3c ./src/hmc5883l.o
                0x000007ac                HMC5883L_Init
 .text.HTU21D_GetRH
                0x000007e8       0x60 ./src/htu21d.o
                0x000007e8                HTU21D_GetRH
 .text.HTU21D_GetTemp
                0x00000848       0x68 ./src/htu21d.o
                0x00000848                HTU21D_GetTemp
 .text.HTU21D_Init
                0x000008b0        0xa ./src/htu21d.o
                0x000008b0                HTU21D_Init
 *fill*         0x000008ba        0x2 
 .text.pinMux   0x000008bc      0x100 ./src/sysinit.o
                0x000008bc                pinMux
 .text.SystemInit
                0x000009bc        0xc ./src/sysinit.o
                0x000009bc                SystemInit
 .text.Compass_Init
                0x000009c8        0x8 ./src/uCorder-compass.o
                0x000009c8                Compass_Init
 .text.Compass_UpdateXY
                0x000009d0        0x4 ./src/uCorder-compass.o
                0x000009d0                Compass_UpdateXY
 .text.Compass_CalculateHeading
                0x000009d4       0x58 ./src/uCorder-compass.o
                0x000009d4                Compass_CalculateHeading
 .text.Compass_RadiansToDegrees
                0x00000a2c       0x34 ./src/uCorder-compass.o
                0x00000a2c                Compass_RadiansToDegrees
 .text.Compass_RadiansToDirection
                0x00000a60       0x80 ./src/uCorder-compass.o
                0x00000a60                Compass_RadiansToDirection
 .text.Compass_Draw
                0x00000ae0      0x100 ./src/uCorder-compass.o
                0x00000ae0                Compass_Draw
 .text.Plot_Init
                0x00000be0       0x3a ./src/uCorder-plotter.o
                0x00000be0                Plot_Init
 .text.Plot_SetSpecialValue
                0x00000c1a       0x1e ./src/uCorder-plotter.o
                0x00000c1a                Plot_SetSpecialValue
 .text.Plot_AddSample
                0x00000c38       0x1a ./src/uCorder-plotter.o
                0x00000c38                Plot_AddSample
 .text.Plot_Clear
                0x00000c52       0x10 ./src/uCorder-plotter.o
                0x00000c52                Plot_Clear
 .text.Plot_ValueToCoord
                0x00000c62       0x3a ./src/uCorder-plotter.o
                0x00000c62                Plot_ValueToCoord
 .text.Plot_Draw
                0x00000c9c      0x200 ./src/uCorder-plotter.o
                0x00000c9c                Plot_Draw
 .text.gpioInit
                0x00000e9c       0x3a ./src/uCorder.o
                0x00000e9c                gpioInit
 *fill*         0x00000ed6        0x2 
 .text.interruptInit
                0x00000ed8       0x4c ./src/uCorder.o
                0x00000ed8                interruptInit
 .text.adcInit  0x00000f24       0xa0 ./src/uCorder.o
                0x00000f24                adcInit
 .text.delayms  0x00000fc4       0x14 ./src/uCorder.o
                0x00000fc4                delayms
 .text.fillScreen
                0x00000fd8       0x28 ./src/uCorder.o
                0x00000fd8                fillScreen
 .text.SysTick_Handler
                0x00001000      0x158 ./src/uCorder.o
                0x00001000                SysTick_Handler
 .text.PIN_INT0_IRQHandler
                0x00001158       0x50 ./src/uCorder.o
                0x00001158                PIN_INT0_IRQHandler
 .text.PIN_INT1_IRQHandler
                0x000011a8       0x50 ./src/uCorder.o
                0x000011a8                PIN_INT1_IRQHandler
 .text.PIN_INT2_IRQHandler
                0x000011f8       0x18 ./src/uCorder.o
                0x000011f8                PIN_INT2_IRQHandler
 .text.ADC_SEQA_IRQHandler
                0x00001210       0x1c ./src/uCorder.o
                0x00001210                ADC_SEQA_IRQHandler
 .text.getRangeCentimeters
                0x0000122c       0x54 ./src/uCorder.o
                0x0000122c                getRangeCentimeters
 .text.goToSleep
                0x00001280       0x68 ./src/uCorder.o
                0x00001280                goToSleep
 .text.wakeup   0x000012e8       0xb8 ./src/uCorder.o
                0x000012e8                wakeup
 .text.startup.main
                0x000013a0      0x2a0 ./src/uCorder.o
                0x000013a0                main
 .text.eGFX_PutPixel
                0x00001640       0xda ./eGFX/SRC/eGFX.o
                0x00001640                eGFX_PutPixel
 .text.eGFX_GetPixel
                0x0000171a       0xa6 ./eGFX/SRC/eGFX.o
                0x0000171a                eGFX_GetPixel
 .text.eGFX_DrawHline
                0x000017c0       0x56 ./eGFX/SRC/eGFX.o
                0x000017c0                eGFX_DrawHline
 .text.eGFX_DrawFilledBox
                0x00001816       0x2c ./eGFX/SRC/eGFX.o
                0x00001816                eGFX_DrawFilledBox
 .text.eGFX_DrawVline
                0x00001842       0x44 ./eGFX/SRC/eGFX.o
                0x00001842                eGFX_DrawVline
 .text.eGFX_DrawLine
                0x00001886      0x124 ./eGFX/SRC/eGFX.o
                0x00001886                eGFX_DrawLine
 .text.eGFX_GetStringWidth
                0x000019aa       0x42 ./eGFX/SRC/eGFX.o
                0x000019aa                eGFX_GetStringWidth
 .text.eGFX_Blit
                0x000019ec       0x50 ./eGFX/SRC/eGFX.o
                0x000019ec                eGFX_Blit
 .text.eGFX_DrawCharacter
                0x00001a3c       0x2c ./eGFX/SRC/eGFX.o
                0x00001a3c                eGFX_DrawCharacter
 .text.eGFX_DrawString
                0x00001a68       0x3c ./eGFX/SRC/eGFX.o
                0x00001a68                eGFX_DrawString
 .text.eGFX_ImagePlaneInit
                0x00001aa4       0x10 ./eGFX/SRC/eGFX.o
                0x00001aa4                eGFX_ImagePlaneInit
 .text.Chip_Clock_EnablePeriphClock
                0x00001ab4       0x38 /storage_b/Dropbox/NXPWorkspace/lpc_chip_82x/Debug/liblpc_chip_82x.a(adc_8xx.o)
 .text.Chip_ADC_SetDivider
                0x00001aec       0x2c /storage_b/Dropbox/NXPWorkspace/lpc_chip_82x/Debug/liblpc_chip_82x.a(adc_8xx.o)
 .text.Chip_ADC_SetClockRate
                0x00001b18       0x30 /storage_b/Dropbox/NXPWorkspace/lpc_chip_82x/Debug/liblpc_chip_82x.a(adc_8xx.o)
 .text.Chip_ADC_Init
                0x00001b48       0x28 /storage_b/Dropbox/NXPWorkspace/lpc_chip_82x/Debug/liblpc_chip_82x.a(adc_8xx.o)
                0x00001b48                Chip_ADC_Init
 .text.Chip_ADC_StartCalibration
                0x00001b70       0x4c /storage_b/Dropbox/NXPWorkspace/lpc_chip_82x/Debug/liblpc_chip_82x.a(adc_8xx.o)
                0x00001b70                Chip_ADC_StartCalibration
 .text.SystemCoreClockUpdate
                0x00001bbc       0x18 /storage_b/Dropbox/NXPWorkspace/lpc_chip_82x/Debug/liblpc_chip_82x.a(chip_8xx.o)
                0x00001bbc                SystemCoreClockUpdate
 .text.Chip_Clock_GetMainOscRate
                0x00001bd4       0x14 /storage_b/Dropbox/NXPWorkspace/lpc_chip_82x/Debug/liblpc_chip_82x.a(clock_8xx.o)
 .text.Chip_Clock_GetIntOscRate
                0x00001be8       0x10 /storage_b/Dropbox/NXPWorkspace/lpc_chip_82x/Debug/liblpc_chip_82x.a(clock_8xx.o)
 .text.Chip_Clock_GetExtClockInRate
                0x00001bf8       0x14 /storage_b/Dropbox/NXPWorkspace/lpc_chip_82x/Debug/liblpc_chip_82x.a(clock_8xx.o)
 .text.Chip_Clock_GetWDTLFORate
                0x00001c0c       0x48 /storage_b/Dropbox/NXPWorkspace/lpc_chip_82x/Debug/liblpc_chip_82x.a(clock_8xx.o)
 .text.Chip_Clock_GetPLLFreq
                0x00001c54       0x24 /storage_b/Dropbox/NXPWorkspace/lpc_chip_82x/Debug/liblpc_chip_82x.a(clock_8xx.o)
 .text.Chip_Clock_SetSystemPLLSource
                0x00001c78       0x2c /storage_b/Dropbox/NXPWorkspace/lpc_chip_82x/Debug/liblpc_chip_82x.a(clock_8xx.o)
                0x00001c78                Chip_Clock_SetSystemPLLSource
 .text.Chip_Clock_SetPLLBypass
                0x00001ca4       0x48 /storage_b/Dropbox/NXPWorkspace/lpc_chip_82x/Debug/liblpc_chip_82x.a(clock_8xx.o)
                0x00001ca4                Chip_Clock_SetPLLBypass
 .text.Chip_Clock_SetMainClockSource
                0x00001cec       0x2c /storage_b/Dropbox/NXPWorkspace/lpc_chip_82x/Debug/liblpc_chip_82x.a(clock_8xx.o)
                0x00001cec                Chip_Clock_SetMainClockSource
 .text.Chip_Clock_GetWDTOSCRate
                0x00001d18       0x20 /storage_b/Dropbox/NXPWorkspace/lpc_chip_82x/Debug/liblpc_chip_82x.a(clock_8xx.o)
                0x00001d18                Chip_Clock_GetWDTOSCRate
 .text.Chip_Clock_GetSystemPLLInClockRate
                0x00001d38       0x50 /storage_b/Dropbox/NXPWorkspace/lpc_chip_82x/Debug/liblpc_chip_82x.a(clock_8xx.o)
                0x00001d38                Chip_Clock_GetSystemPLLInClockRate
 .text.Chip_Clock_GetSystemPLLOutClockRate
                0x00001d88       0x28 /storage_b/Dropbox/NXPWorkspace/lpc_chip_82x/Debug/liblpc_chip_82x.a(clock_8xx.o)
                0x00001d88                Chip_Clock_GetSystemPLLOutClockRate
 .text.Chip_Clock_GetMainClockRate
                0x00001db0       0x64 /storage_b/Dropbox/NXPWorkspace/lpc_chip_82x/Debug/liblpc_chip_82x.a(clock_8xx.o)
                0x00001db0                Chip_Clock_GetMainClockRate
 .text.Chip_Clock_GetSystemClockRate
                0x00001e14       0x28 /storage_b/Dropbox/NXPWorkspace/lpc_chip_82x/Debug/liblpc_chip_82x.a(clock_8xx.o)
                0x00001e14                Chip_Clock_GetSystemClockRate
 .text.Chip_Clock_EnablePeriphClock
                0x00001e3c       0x38 /storage_b/Dropbox/NXPWorkspace/lpc_chip_82x/Debug/liblpc_chip_82x.a(gpio_8xx.o)
 .text.Chip_GPIO_Init
                0x00001e74       0x14 /storage_b/Dropbox/NXPWorkspace/lpc_chip_82x/Debug/liblpc_chip_82x.a(gpio_8xx.o)
                0x00001e74                Chip_GPIO_Init
 .text.Chip_SYSCTL_AssertPeriphReset
                0x00001e88       0x38 /storage_b/Dropbox/NXPWorkspace/lpc_chip_82x/Debug/liblpc_chip_82x.a(i2c_common_8xx.o)
 .text.Chip_SYSCTL_DeassertPeriphReset
                0x00001ec0       0x34 /storage_b/Dropbox/NXPWorkspace/lpc_chip_82x/Debug/liblpc_chip_82x.a(i2c_common_8xx.o)
 .text.Chip_SYSCTL_PeriphReset
                0x00001ef4       0x28 /storage_b/Dropbox/NXPWorkspace/lpc_chip_82x/Debug/liblpc_chip_82x.a(i2c_common_8xx.o)
 .text.Chip_Clock_EnablePeriphClock
                0x00001f1c       0x38 /storage_b/Dropbox/NXPWorkspace/lpc_chip_82x/Debug/liblpc_chip_82x.a(i2c_common_8xx.o)
 .text.I2C_GetResetID
                0x00001f54       0x44 /storage_b/Dropbox/NXPWorkspace/lpc_chip_82x/Debug/liblpc_chip_82x.a(i2c_common_8xx.o)
 .text.I2C_GetClockID
                0x00001f98       0x44 /storage_b/Dropbox/NXPWorkspace/lpc_chip_82x/Debug/liblpc_chip_82x.a(i2c_common_8xx.o)
 .text.Chip_I2C_Init
                0x00001fdc       0x30 /storage_b/Dropbox/NXPWorkspace/lpc_chip_82x/Debug/liblpc_chip_82x.a(i2c_common_8xx.o)
                0x00001fdc                Chip_I2C_Init
 .text.Chip_I2C_GetClockDiv
                0x0000200c       0x1c /storage_b/Dropbox/NXPWorkspace/lpc_chip_82x/Debug/liblpc_chip_82x.a(i2cm_8xx.o)
 .text.Chip_I2CM_GetStatus
                0x00002028       0x1c /storage_b/Dropbox/NXPWorkspace/lpc_chip_82x/Debug/liblpc_chip_82x.a(i2cm_8xx.o)
 .text.Chip_I2CM_ClearStatus
                0x00002044       0x1c /storage_b/Dropbox/NXPWorkspace/lpc_chip_82x/Debug/liblpc_chip_82x.a(i2cm_8xx.o)
 .text.Chip_I2CM_IsMasterPending
                0x00002060       0x20 /storage_b/Dropbox/NXPWorkspace/lpc_chip_82x/Debug/liblpc_chip_82x.a(i2cm_8xx.o)
 .text.Chip_I2CM_GetMasterState
                0x00002080       0x1c /storage_b/Dropbox/NXPWorkspace/lpc_chip_82x/Debug/liblpc_chip_82x.a(i2cm_8xx.o)
 .text.Chip_I2CM_SendStart
                0x0000209c       0x14 /storage_b/Dropbox/NXPWorkspace/lpc_chip_82x/Debug/liblpc_chip_82x.a(i2cm_8xx.o)
 .text.Chip_I2CM_SendStop
                0x000020b0       0x14 /storage_b/Dropbox/NXPWorkspace/lpc_chip_82x/Debug/liblpc_chip_82x.a(i2cm_8xx.o)
 .text.Chip_I2CM_MasterContinue
                0x000020c4       0x14 /storage_b/Dropbox/NXPWorkspace/lpc_chip_82x/Debug/liblpc_chip_82x.a(i2cm_8xx.o)
 .text.Chip_I2CM_WriteByte
                0x000020d8       0x1c /storage_b/Dropbox/NXPWorkspace/lpc_chip_82x/Debug/liblpc_chip_82x.a(i2cm_8xx.o)
 .text.Chip_I2CM_SetDutyCycle
                0x000020f4       0x78 /storage_b/Dropbox/NXPWorkspace/lpc_chip_82x/Debug/liblpc_chip_82x.a(i2cm_8xx.o)
 .text.Chip_I2CM_SetBusSpeed
                0x0000216c       0x50 /storage_b/Dropbox/NXPWorkspace/lpc_chip_82x/Debug/liblpc_chip_82x.a(i2cm_8xx.o)
                0x0000216c                Chip_I2CM_SetBusSpeed
 .text.Chip_I2CM_XferHandler
                0x000021bc      0x168 /storage_b/Dropbox/NXPWorkspace/lpc_chip_82x/Debug/liblpc_chip_82x.a(i2cm_8xx.o)
                0x000021bc                Chip_I2CM_XferHandler
 .text.Chip_I2CM_Xfer
                0x00002324       0x4c /storage_b/Dropbox/NXPWorkspace/lpc_chip_82x/Debug/liblpc_chip_82x.a(i2cm_8xx.o)
                0x00002324                Chip_I2CM_Xfer
 .text.Chip_I2CM_XferBlocking
                0x00002370       0x54 /storage_b/Dropbox/NXPWorkspace/lpc_chip_82x/Debug/liblpc_chip_82x.a(i2cm_8xx.o)
                0x00002370                Chip_I2CM_XferBlocking
 .text.Chip_IOCON_PinSetMode
                0x000023c4       0x44 /storage_b/Dropbox/NXPWorkspace/lpc_chip_82x/Debug/liblpc_chip_82x.a(iocon_8xx.o)
                0x000023c4                Chip_IOCON_PinSetMode
 .text.Chip_IOCON_PinSetI2CMode
                0x00002408       0x48 /storage_b/Dropbox/NXPWorkspace/lpc_chip_82x/Debug/liblpc_chip_82x.a(iocon_8xx.o)
                0x00002408                Chip_IOCON_PinSetI2CMode
 .text.Chip_PMU_SleepState
                0x00002450       0x28 /storage_b/Dropbox/NXPWorkspace/lpc_chip_82x/Debug/liblpc_chip_82x.a(pmu_8xx.o)
                0x00002450                Chip_PMU_SleepState
 .text.Chip_SPI_GetStatus
                0x00002478       0x18 /storage_b/Dropbox/NXPWorkspace/lpc_chip_82x/Debug/liblpc_chip_82x.a(spi_8xx.o)
 .text.Chip_SPI_ClearStatus
                0x00002490       0x18 /storage_b/Dropbox/NXPWorkspace/lpc_chip_82x/Debug/liblpc_chip_82x.a(spi_8xx.o)
 .text.Chip_SPI_SetControlInfo
                0x000024a8       0x30 /storage_b/Dropbox/NXPWorkspace/lpc_chip_82x/Debug/liblpc_chip_82x.a(spi_8xx.o)
 .text.Chip_SPI_SendMidFrame
                0x000024d8       0x1c /storage_b/Dropbox/NXPWorkspace/lpc_chip_82x/Debug/liblpc_chip_82x.a(spi_8xx.o)
 .text.Chip_SPI_SendLastFrame_RxIgnore
                0x000024f4       0x3c /storage_b/Dropbox/NXPWorkspace/lpc_chip_82x/Debug/liblpc_chip_82x.a(spi_8xx.o)
 .text.SPI_Send_Data_RxIgnore
                0x00002530       0x64 /storage_b/Dropbox/NXPWorkspace/lpc_chip_82x/Debug/liblpc_chip_82x.a(spi_8xx.o)
 .text.Chip_SPI_DelayConfig
                0x00002594       0x58 /storage_b/Dropbox/NXPWorkspace/lpc_chip_82x/Debug/liblpc_chip_82x.a(spi_8xx.o)
                0x00002594                Chip_SPI_DelayConfig
 .text.Chip_SPI_WriteFrames_Blocking
                0x000025ec       0xa0 /storage_b/Dropbox/NXPWorkspace/lpc_chip_82x/Debug/liblpc_chip_82x.a(spi_8xx.o)
                0x000025ec                Chip_SPI_WriteFrames_Blocking
 .text.Chip_SPIM_GetClockRate
                0x0000268c       0x2c /storage_b/Dropbox/NXPWorkspace/lpc_chip_82x/Debug/liblpc_chip_82x.a(spim_8xx.o)
                0x0000268c                Chip_SPIM_GetClockRate
 .text.Chip_SPIM_SetClockRate
                0x000026b8       0x54 /storage_b/Dropbox/NXPWorkspace/lpc_chip_82x/Debug/liblpc_chip_82x.a(spim_8xx.o)
                0x000026b8                Chip_SPIM_SetClockRate
 .text.Chip_SPIM_AssertSSEL
                0x0000270c       0x40 /storage_b/Dropbox/NXPWorkspace/lpc_chip_82x/Debug/liblpc_chip_82x.a(spim_8xx.o)
                0x0000270c                Chip_SPIM_AssertSSEL
 .text.Chip_SPIM_DeAssertSSEL
                0x0000274c       0x38 /storage_b/Dropbox/NXPWorkspace/lpc_chip_82x/Debug/liblpc_chip_82x.a(spim_8xx.o)
                0x0000274c                Chip_SPIM_DeAssertSSEL
 .text.Chip_SWM_EnableFixedPin
                0x00002784       0x3c /storage_b/Dropbox/NXPWorkspace/lpc_chip_82x/Debug/liblpc_chip_82x.a(swm_8xx.o)
 .text.Chip_SWM_DisableFixedPin
                0x000027c0       0x3c /storage_b/Dropbox/NXPWorkspace/lpc_chip_82x/Debug/liblpc_chip_82x.a(swm_8xx.o)
 .text.Chip_SWM_MovablePinAssign
                0x000027fc       0x60 /storage_b/Dropbox/NXPWorkspace/lpc_chip_82x/Debug/liblpc_chip_82x.a(swm_8xx.o)
                0x000027fc                Chip_SWM_MovablePinAssign
 .text.Chip_SWM_FixedPinEnable
                0x0000285c       0x38 /storage_b/Dropbox/NXPWorkspace/lpc_chip_82x/Debug/liblpc_chip_82x.a(swm_8xx.o)
                0x0000285c                Chip_SWM_FixedPinEnable
 .text.Chip_SYSCTL_PowerDown
                0x00002894       0x40 /storage_b/Dropbox/NXPWorkspace/lpc_chip_82x/Debug/liblpc_chip_82x.a(syscon_8xx.o)
                0x00002894                Chip_SYSCTL_PowerDown
 .text.Chip_SYSCTL_PowerUp
                0x000028d4       0x44 /storage_b/Dropbox/NXPWorkspace/lpc_chip_82x/Debug/liblpc_chip_82x.a(syscon_8xx.o)
                0x000028d4                Chip_SYSCTL_PowerUp
 .text.Chip_Clock_SetupSystemPLL
                0x00002918       0x34 /storage_b/Dropbox/NXPWorkspace/lpc_chip_82x/Debug/liblpc_chip_82x.a(sysinit_8xx.o)
 .text.Chip_Clock_IsSystemPLLLocked
                0x0000294c       0x1c /storage_b/Dropbox/NXPWorkspace/lpc_chip_82x/Debug/liblpc_chip_82x.a(sysinit_8xx.o)
 .text.Chip_Clock_SetSysClockDiv
                0x00002968       0x18 /storage_b/Dropbox/NXPWorkspace/lpc_chip_82x/Debug/liblpc_chip_82x.a(sysinit_8xx.o)
 .text.Chip_FMC_SetFLASHAccess
                0x00002980       0x2c /storage_b/Dropbox/NXPWorkspace/lpc_chip_82x/Debug/liblpc_chip_82x.a(sysinit_8xx.o)
 .text.Chip_SetupXtalClocking
                0x000029ac       0x58 /storage_b/Dropbox/NXPWorkspace/lpc_chip_82x/Debug/liblpc_chip_82x.a(sysinit_8xx.o)
                0x000029ac                Chip_SetupXtalClocking
 .text.__main   0x00002a04       0x12 /usr/local/lpcxpresso_8.0.0_526/lpcxpresso/tools/bin/../lib/gcc/arm-none-eabi/4.9.3/../../../../arm-none-eabi/lib/armv6-m/libcr_nohost.a(_cr__main.o)
                0x00002a04                __main
 .text.memcpy   0x00002a16        0x8 /usr/local/lpcxpresso_8.0.0_526/lpcxpresso/tools/bin/../lib/gcc/arm-none-eabi/4.9.3/../../../../arm-none-eabi/lib/armv6-m/libcr_c.a(memcpy.o)
                0x00002a16                memcpy
 *fill*         0x00002a1e        0x2 
 .text.atan2    0x00002a20      0x118 /usr/local/lpcxpresso_8.0.0_526/lpcxpresso/tools/bin/../lib/gcc/arm-none-eabi/4.9.3/../../../../arm-none-eabi/lib/armv6-m/libcr_c.a(atan2.o)
                0x00002a20                atan2
 .text.fabs     0x00002b38       0x24 /usr/local/lpcxpresso_8.0.0_526/lpcxpresso/tools/bin/../lib/gcc/arm-none-eabi/4.9.3/../../../../arm-none-eabi/lib/armv6-m/libcr_c.a(fabs.o)
                0x00002b38                fabs
 .text.fp_round
                0x00002b5c       0x48 /usr/local/lpcxpresso_8.0.0_526/lpcxpresso/tools/bin/../lib/gcc/arm-none-eabi/4.9.3/../../../../arm-none-eabi/lib/armv6-m/libcr_c.a(fpprintf.o)
 .text.pr_dec.constprop.1
                0x00002ba4       0x28 /usr/local/lpcxpresso_8.0.0_526/lpcxpresso/tools/bin/../lib/gcc/arm-none-eabi/4.9.3/../../../../arm-none-eabi/lib/armv6-m/libcr_c.a(fpprintf.o)
 .text.sprintf  0x00002bcc       0x6c /usr/local/lpcxpresso_8.0.0_526/lpcxpresso/tools/bin/../lib/gcc/arm-none-eabi/4.9.3/../../../../arm-none-eabi/lib/armv6-m/libcr_c.a(fpprintf.o)
                0x00002bcc                sprintf
 .text.fp_display
                0x00002c38      0x958 /usr/local/lpcxpresso_8.0.0_526/lpcxpresso/tools/bin/../lib/gcc/arm-none-eabi/4.9.3/../../../../arm-none-eabi/lib/armv6-m/libcr_c.a(fpprintf.o)
 .text._initio  0x00003590       0xa8 /usr/local/lpcxpresso_8.0.0_526/lpcxpresso/tools/bin/../lib/gcc/arm-none-eabi/4.9.3/../../../../arm-none-eabi/lib/armv6-m/libcr_c.a(initio.o)
                0x00003590                _initio
 .text.pow      0x00003638      0x560 /usr/local/lpcxpresso_8.0.0_526/lpcxpresso/tools/bin/../lib/gcc/arm-none-eabi/4.9.3/../../../../arm-none-eabi/lib/armv6-m/libcr_c.a(pow.o)
                0x00003638                pow
 .text.__vfprintf
                0x00003b98      0xd6c /usr/local/lpcxpresso_8.0.0_526/lpcxpresso/tools/bin/../lib/gcc/arm-none-eabi/4.9.3/../../../../arm-none-eabi/lib/armv6-m/libcr_c.a(printf.o)
                0x00003b98                __vfprintf
 .text.setvbuf  0x00004904       0x48 /usr/local/lpcxpresso_8.0.0_526/lpcxpresso/tools/bin/../lib/gcc/arm-none-eabi/4.9.3/../../../../arm-none-eabi/lib/armv6-m/libcr_c.a(setvbuf.o)
                0x00004904                setvbuf
 .text.strlen   0x0000494c       0x54 /usr/local/lpcxpresso_8.0.0_526/lpcxpresso/tools/bin/../lib/gcc/arm-none-eabi/4.9.3/../../../../arm-none-eabi/lib/armv6-m/libcr_c.a(strlen.o)
                0x0000494c                strlen
 .text.strncpy  0x000049a0       0x58 /usr/local/lpcxpresso_8.0.0_526/lpcxpresso/tools/bin/../lib/gcc/arm-none-eabi/4.9.3/../../../../arm-none-eabi/lib/armv6-m/libcr_c.a(strncpy.o)
                0x000049a0                strncpy
 .text.memset   0x000049f8        0x8 /usr/local/lpcxpresso_8.0.0_526/lpcxpresso/tools/bin/../lib/gcc/arm-none-eabi/4.9.3/../../../../arm-none-eabi/lib/armv6-m/libcr_c.a(memset.o)
                0x000049f8                memset
 .text._deferredlazyseek
                0x00004a00       0x44 /usr/local/lpcxpresso_8.0.0_526/lpcxpresso/tools/bin/../lib/gcc/arm-none-eabi/4.9.3/../../../../arm-none-eabi/lib/armv6-m/libcr_c.a(_deferredlazyseek.o)
                0x00004a00                _deferredlazyseek
 .text.__flsbuf
                0x00004a44      0x150 /usr/local/lpcxpresso_8.0.0_526/lpcxpresso/tools/bin/../lib/gcc/arm-none-eabi/4.9.3/../../../../arm-none-eabi/lib/armv6-m/libcr_c.a(_deferredlazyseek.o)
                0x00004a44                __flsbuf
 .text._fdopen  0x00004b94       0x68 /usr/local/lpcxpresso_8.0.0_526/lpcxpresso/tools/bin/../lib/gcc/arm-none-eabi/4.9.3/../../../../arm-none-eabi/lib/armv6-m/libcr_c.a(_fdopen.o)
                0x00004b94                _fdopen
 .text._fflush  0x00004bfc       0x64 /usr/local/lpcxpresso_8.0.0_526/lpcxpresso/tools/bin/../lib/gcc/arm-none-eabi/4.9.3/../../../../arm-none-eabi/lib/armv6-m/libcr_c.a(_fflush.o)
                0x00004bfc                _fflush
 .text._frexpl  0x00004c60       0x84 /usr/local/lpcxpresso_8.0.0_526/lpcxpresso/tools/bin/../lib/gcc/arm-none-eabi/4.9.3/../../../../arm-none-eabi/lib/armv6-m/libcr_c.a(_frexpl.o)
                0x00004c60                _frexpl
 .text._ldexpl  0x00004ce4       0x58 /usr/local/lpcxpresso_8.0.0_526/lpcxpresso/tools/bin/../lib/gcc/arm-none-eabi/4.9.3/../../../../arm-none-eabi/lib/armv6-m/libcr_c.a(_ldexpl.o)
                0x00004ce4                _ldexpl
 .text._Cwritebuf
                0x00004d3c       0x6c /usr/local/lpcxpresso_8.0.0_526/lpcxpresso/tools/bin/../lib/gcc/arm-none-eabi/4.9.3/../../../../arm-none-eabi/lib/armv6-m/libcr_c.a(_writebuf.o)
                0x00004d3c                _Cwritebuf
 .text.malloc   0x00004da8       0xcc /usr/local/lpcxpresso_8.0.0_526/lpcxpresso/tools/bin/../lib/gcc/arm-none-eabi/4.9.3/../../../../arm-none-eabi/lib/armv6-m/libcr_c.a(alloc.o)
                0x00004da8                malloc
 .text.free     0x00004e74       0x2e /usr/local/lpcxpresso_8.0.0_526/lpcxpresso/tools/bin/../lib/gcc/arm-none-eabi/4.9.3/../../../../arm-none-eabi/lib/armv6-m/libcr_c.a(alloc.o)
                0x00004e74                free
 *fill*         0x00004ea2        0x2 
 .text._Csys_alloc
                0x00004ea4       0x20 /usr/local/lpcxpresso_8.0.0_526/lpcxpresso/tools/bin/../lib/gcc/arm-none-eabi/4.9.3/../../../../arm-none-eabi/lib/armv6-m/libcr_c.a(alloc.o)
                0x00004ea4                _Csys_alloc
 .text.atan     0x00004ec4      0x208 /usr/local/lpcxpresso_8.0.0_526/lpcxpresso/tools/bin/../lib/gcc/arm-none-eabi/4.9.3/../../../../arm-none-eabi/lib/armv6-m/libcr_c.a(atan.o)
                0x00004ec4                atan
 .text.fclose   0x000050cc       0x70 /usr/local/lpcxpresso_8.0.0_526/lpcxpresso/tools/bin/../lib/gcc/arm-none-eabi/4.9.3/../../../../arm-none-eabi/lib/armv6-m/libcr_c.a(fclose.o)
                0x000050cc                fclose
 .text.fflush   0x0000513c       0x34 /usr/local/lpcxpresso_8.0.0_526/lpcxpresso/tools/bin/../lib/gcc/arm-none-eabi/4.9.3/../../../../arm-none-eabi/lib/armv6-m/libcr_c.a(fflush.o)
                0x0000513c                fflush
 .text.frexp    0x00005170       0x84 /usr/local/lpcxpresso_8.0.0_526/lpcxpresso/tools/bin/../lib/gcc/arm-none-eabi/4.9.3/../../../../arm-none-eabi/lib/armv6-m/libcr_c.a(frexp.o)
                0x00005170                frexp
 .text.fseek    0x000051f4      0x100 /usr/local/lpcxpresso_8.0.0_526/lpcxpresso/tools/bin/../lib/gcc/arm-none-eabi/4.9.3/../../../../arm-none-eabi/lib/armv6-m/libcr_c.a(fseek.o)
                0x000051f4                fseek
 .text.ftell    0x000052f4       0x4c /usr/local/lpcxpresso_8.0.0_526/lpcxpresso/tools/bin/../lib/gcc/arm-none-eabi/4.9.3/../../../../arm-none-eabi/lib/armv6-m/libcr_c.a(ftell.o)
                0x000052f4                ftell
 .text.ldexp    0x00005340       0x58 /usr/local/lpcxpresso_8.0.0_526/lpcxpresso/tools/bin/../lib/gcc/arm-none-eabi/4.9.3/../../../../arm-none-eabi/lib/armv6-m/libcr_c.a(ldexp.o)
                0x00005340                ldexp
 .text.remove   0x00005398       0x12 /usr/local/lpcxpresso_8.0.0_526/lpcxpresso/tools/bin/../lib/gcc/arm-none-eabi/4.9.3/../../../../arm-none-eabi/lib/armv6-m/libcr_c.a(remove.o)
                0x00005398                remove
 *fill*         0x000053aa        0x2 
 .text._sbrk    0x000053ac       0x40 /usr/local/lpcxpresso_8.0.0_526/lpcxpresso/tools/bin/../lib/gcc/arm-none-eabi/4.9.3/../../../../arm-none-eabi/lib/armv6-m/libcr_c.a(_cr_sbrk.o)
                0x000053ac                _sbrk
 .text._do_fflush
                0x000053ec       0x4c /usr/local/lpcxpresso_8.0.0_526/lpcxpresso/tools/bin/../lib/gcc/arm-none-eabi/4.9.3/../../../../arm-none-eabi/lib/armv6-m/libcr_c.a(_do_fflush.o)
                0x000053ec                _do_fflush
 .text.__check_heap_overflow
                0x00005438       0x14 /usr/local/lpcxpresso_8.0.0_526/lpcxpresso/tools/bin/../lib/gcc/arm-none-eabi/4.9.3/../../../../arm-none-eabi/lib/armv6-m/libcr_c.a(_cr_check_heap.o)
                0x00005438                __check_heap_overflow
 .text.__aeabi_division_uldivmod
                0x0000544c       0x5a /usr/local/lpcxpresso_8.0.0_526/lpcxpresso/tools/bin/../lib/gcc/arm-none-eabi/4.9.3/armv6-m/libcr_eabihelpers.a(division_64.o)
                0x0000544c                __aeabi_uldivmod
 .text.__aeabi_division_ldivmod
                0x000054a6       0x32 /usr/local/lpcxpresso_8.0.0_526/lpcxpresso/tools/bin/../lib/gcc/arm-none-eabi/4.9.3/armv6-m/libcr_eabihelpers.a(division_64.o)
                0x000054a6                __aeabi_ldivmod
 .text.__aeabi_division_idiv0
                0x000054d8        0x2 /usr/local/lpcxpresso_8.0.0_526/lpcxpresso/tools/bin/../lib/gcc/arm-none-eabi/4.9.3/armv6-m/libcr_eabihelpers.a(division_idiv0.o)
                0x000054d8                __aeabi_idiv0
 *fill*         0x000054da        0x2 
 .text.__aeabi_dmul
                0x000054dc      0x178 /usr/local/lpcxpresso_8.0.0_526/lpcxpresso/tools/bin/../lib/gcc/arm-none-eabi/4.9.3/armv6-m/libcr_eabihelpers.a(double.o)
                0x000054dc                __aeabi_dmul
 .text.__aeabi_ddiv
                0x00005654      0x150 /usr/local/lpcxpresso_8.0.0_526/lpcxpresso/tools/bin/../lib/gcc/arm-none-eabi/4.9.3/armv6-m/libcr_eabihelpers.a(double.o)
                0x00005654                __aeabi_ddiv
 .text.__aeabi_dsub
                0x000057a4      0x1d8 /usr/local/lpcxpresso_8.0.0_526/lpcxpresso/tools/bin/../lib/gcc/arm-none-eabi/4.9.3/armv6-m/libcr_eabihelpers.a(double.o)
                0x000057a4                __aeabi_dsub
 .text.__aeabi_dadd
                0x0000597c      0x140 /usr/local/lpcxpresso_8.0.0_526/lpcxpresso/tools/bin/../lib/gcc/arm-none-eabi/4.9.3/armv6-m/libcr_eabihelpers.a(double.o)
                0x0000597c                __aeabi_dadd
 .text.__aeabi_d2f
                0x00005abc       0x60 /usr/local/lpcxpresso_8.0.0_526/lpcxpresso/tools/bin/../lib/gcc/arm-none-eabi/4.9.3/armv6-m/libcr_eabihelpers.a(double.o)
                0x00005abc                __aeabi_d2f
 .text.__aeabi_d2iz
                0x00005b1c       0x48 /usr/local/lpcxpresso_8.0.0_526/lpcxpresso/tools/bin/../lib/gcc/arm-none-eabi/4.9.3/armv6-m/libcr_eabihelpers.a(double.o)
                0x00005b1c                __aeabi_d2iz
 .text.__aeabi_d2uiz
                0x00005b64       0x34 /usr/local/lpcxpresso_8.0.0_526/lpcxpresso/tools/bin/../lib/gcc/arm-none-eabi/4.9.3/armv6-m/libcr_eabihelpers.a(double.o)
                0x00005b64                __aeabi_d2uiz
 .text.__bhs_ui2d
                0x00005b98       0x5e /usr/local/lpcxpresso_8.0.0_526/lpcxpresso/tools/bin/../lib/gcc/arm-none-eabi/4.9.3/armv6-m/libcr_eabihelpers.a(double.o)
                0x00005b98                __bhs_ui2d
 .text.__aeabi_i2d
                0x00005bf6       0x16 /usr/local/lpcxpresso_8.0.0_526/lpcxpresso/tools/bin/../lib/gcc/arm-none-eabi/4.9.3/armv6-m/libcr_eabihelpers.a(double.o)
                0x00005bf6                __aeabi_i2d
 .text.__aeabi_ui2d
                0x00005c0c        0xc /usr/local/lpcxpresso_8.0.0_526/lpcxpresso/tools/bin/../lib/gcc/arm-none-eabi/4.9.3/armv6-m/libcr_eabihelpers.a(double.o)
                0x00005c0c                __aeabi_ui2d
 .text.__aeabi_dcmpeq
                0x00005c18       0x30 /usr/local/lpcxpresso_8.0.0_526/lpcxpresso/tools/bin/../lib/gcc/arm-none-eabi/4.9.3/armv6-m/libcr_eabihelpers.a(double.o)
                0x00005c18                __aeabi_dcmpeq
 .text.__aeabi_dcmplt
                0x00005c48       0x5c /usr/local/lpcxpresso_8.0.0_526/lpcxpresso/tools/bin/../lib/gcc/arm-none-eabi/4.9.3/armv6-m/libcr_eabihelpers.a(double.o)
                0x00005c48                __aeabi_dcmplt
 .text.__aeabi_dcmpgt
                0x00005ca4       0x5c /usr/local/lpcxpresso_8.0.0_526/lpcxpresso/tools/bin/../lib/gcc/arm-none-eabi/4.9.3/armv6-m/libcr_eabihelpers.a(double.o)
                0x00005ca4                __aeabi_dcmpgt
 .text.__aeabi_dcmple
                0x00005d00       0x60 /usr/local/lpcxpresso_8.0.0_526/lpcxpresso/tools/bin/../lib/gcc/arm-none-eabi/4.9.3/armv6-m/libcr_eabihelpers.a(double.o)
                0x00005d00                __aeabi_dcmple
 .text.__aeabi_dcmpge
                0x00005d60       0x64 /usr/local/lpcxpresso_8.0.0_526/lpcxpresso/tools/bin/../lib/gcc/arm-none-eabi/4.9.3/armv6-m/libcr_eabihelpers.a(double.o)
                0x00005d60                __aeabi_dcmpge
 .text.__aeabi_fmul
                0x00005dc4       0xc0 /usr/local/lpcxpresso_8.0.0_526/lpcxpresso/tools/bin/../lib/gcc/arm-none-eabi/4.9.3/armv6-m/libcr_eabihelpers.a(float.o)
                0x00005dc4                __aeabi_fmul
 .text.__aeabi_fsub
                0x00005e84      0x128 /usr/local/lpcxpresso_8.0.0_526/lpcxpresso/tools/bin/../lib/gcc/arm-none-eabi/4.9.3/armv6-m/libcr_eabihelpers.a(float.o)
                0x00005e84                __aeabi_fsub
 .text.__aeabi_fadd
                0x00005fac       0xbc /usr/local/lpcxpresso_8.0.0_526/lpcxpresso/tools/bin/../lib/gcc/arm-none-eabi/4.9.3/armv6-m/libcr_eabihelpers.a(float.o)
                0x00005fac                __aeabi_fadd
 .text.__aeabi_f2uiz
                0x00006068       0x28 /usr/local/lpcxpresso_8.0.0_526/lpcxpresso/tools/bin/../lib/gcc/arm-none-eabi/4.9.3/armv6-m/libcr_eabihelpers.a(float.o)
                0x00006068                __aeabi_f2uiz
 .text.__bhs_ui2f
                0x00006090       0x60 /usr/local/lpcxpresso_8.0.0_526/lpcxpresso/tools/bin/../lib/gcc/arm-none-eabi/4.9.3/armv6-m/libcr_eabihelpers.a(float.o)
                0x00006090                __bhs_ui2f
 .text.__aeabi_i2f
                0x000060f0       0x16 /usr/local/lpcxpresso_8.0.0_526/lpcxpresso/tools/bin/../lib/gcc/arm-none-eabi/4.9.3/armv6-m/libcr_eabihelpers.a(float.o)
                0x000060f0                __aeabi_i2f
 *fill*         0x00006106        0x2 
 .text.__aeabi_f2d
                0x00006108       0x40 /usr/local/lpcxpresso_8.0.0_526/lpcxpresso/tools/bin/../lib/gcc/arm-none-eabi/4.9.3/armv6-m/libcr_eabihelpers.a(float.o)
                0x00006108                __aeabi_f2d
 .text.__aeabi_llong_lmul
                0x00006148       0x2e /usr/local/lpcxpresso_8.0.0_526/lpcxpresso/tools/bin/../lib/gcc/arm-none-eabi/4.9.3/armv6-m/libcr_eabihelpers.a(llong.o)
                0x00006148                __aeabi_lmul
 .text.__aeabi_memcpy
                0x00006176       0x2c /usr/local/lpcxpresso_8.0.0_526/lpcxpresso/tools/bin/../lib/gcc/arm-none-eabi/4.9.3/armv6-m/libcr_eabihelpers.a(memcpy.o)
                0x00006176                __aeabi_memcpy
                0x00006176                __aeabi_memcpy4
                0x00006176                __aeabi_memcpy8
 .text.__aeabi_memset_lowlevel
                0x000061a2       0x2a /usr/local/lpcxpresso_8.0.0_526/lpcxpresso/tools/bin/../lib/gcc/arm-none-eabi/4.9.3/armv6-m/libcr_eabihelpers.a(memcpy.o)
                0x000061a2                __aeabi_lowlevel_memset
 .text.__gnu_thumb1_case_uqi
                0x000061cc       0x10 /usr/local/lpcxpresso_8.0.0_526/lpcxpresso/tools/bin/../lib/gcc/arm-none-eabi/4.9.3/armv6-m/libcr_eabihelpers.a(thumb1_switch_helpers.o)
                0x000061cc                __gnu_thumb1_case_uqi
 .text.__sys_appexit
                0x000061dc        0x2 /usr/local/lpcxpresso_8.0.0_526/lpcxpresso/tools/bin/../lib/gcc/arm-none-eabi/4.9.3/../../../../arm-none-eabi/lib/armv6-m/libcr_nohost.a(__sys_appexit.o)
                0x000061dc                __exit
                0x000061dc                __sys_appexit
 .text.__sys_close
                0x000061de        0x6 /usr/local/lpcxpresso_8.0.0_526/lpcxpresso/tools/bin/../lib/gcc/arm-none-eabi/4.9.3/../../../../arm-none-eabi/lib/armv6-m/libcr_nohost.a(__sys_close.o)
                0x000061de                __sys_close
 .text.__sys_flen
                0x000061e4        0x6 /usr/local/lpcxpresso_8.0.0_526/lpcxpresso/tools/bin/../lib/gcc/arm-none-eabi/4.9.3/../../../../arm-none-eabi/lib/armv6-m/libcr_nohost.a(__sys_flen.o)
                0x000061e4                __sys_flen
 .text.__sys_istty
                0x000061ea        0x6 /usr/local/lpcxpresso_8.0.0_526/lpcxpresso/tools/bin/../lib/gcc/arm-none-eabi/4.9.3/../../../../arm-none-eabi/lib/armv6-m/libcr_nohost.a(__sys_istty.o)
                0x000061ea                __sys_istty
 .text.__sys_remove
                0x000061f0        0x6 /usr/local/lpcxpresso_8.0.0_526/lpcxpresso/tools/bin/../lib/gcc/arm-none-eabi/4.9.3/../../../../arm-none-eabi/lib/armv6-m/libcr_nohost.a(__sys_remove.o)
                0x000061f0                __sys_remove
 .text.__sys_seek
                0x000061f6        0x6 /usr/local/lpcxpresso_8.0.0_526/lpcxpresso/tools/bin/../lib/gcc/arm-none-eabi/4.9.3/../../../../arm-none-eabi/lib/armv6-m/libcr_nohost.a(__sys_seek.o)
                0x000061f6                __sys_seek
 .text.__sys_tmpnam
                0x000061fc        0x6 /usr/local/lpcxpresso_8.0.0_526/lpcxpresso/tools/bin/../lib/gcc/arm-none-eabi/4.9.3/../../../../arm-none-eabi/lib/armv6-m/libcr_nohost.a(__sys_tmpnam.o)
                0x000061fc                __sys_tmpnam
 .text.__sys_write
                0x00006202        0x4 /usr/local/lpcxpresso_8.0.0_526/lpcxpresso/tools/bin/../lib/gcc/arm-none-eabi/4.9.3/../../../../arm-none-eabi/lib/armv6-m/libcr_nohost.a(__sys_write.o)
                0x00006202                __write
                0x00006202                __sys_write
 *(.rodata .rodata.* .constdata .constdata.*)
 *fill*         0x00006206        0x2 
 .rodata.OscRateIn
                0x00006208        0x4 ./src/sysinit.o
                0x00006208                OscRateIn
 .rodata.ExtRateIn
                0x0000620c        0x4 ./src/sysinit.o
                0x0000620c                ExtRateIn
 .rodata.str1.1
                0x00006210        0x8 ./src/uCorder-compass.o
 .rodata.str1.1
                0x00000000        0x8 ./src/uCorder-plotter.o
                                  0x3 (size before relaxing)
 .rodata.str1.1
                0x00006218       0x25 ./src/uCorder.o
 *fill*         0x0000623d        0x3 
 .rodata.wdtOSCRate
                0x00006240       0x40 /storage_b/Dropbox/NXPWorkspace/lpc_chip_82x/Debug/liblpc_chip_82x.a(clock_8xx.o)
 .rodata.Chip_I2CM_XferHandler
                0x00006280       0x14 /storage_b/Dropbox/NXPWorkspace/lpc_chip_82x/Debug/liblpc_chip_82x.a(i2cm_8xx.o)
 .rodata.str1.1
                0x00006294       0x34 /usr/local/lpcxpresso_8.0.0_526/lpcxpresso/tools/bin/../lib/gcc/arm-none-eabi/4.9.3/../../../../arm-none-eabi/lib/armv6-m/libcr_c.a(fpprintf.o)
                                 0x35 (size before relaxing)
 .rodata.str1.1
                0x000062c8        0x4 /usr/local/lpcxpresso_8.0.0_526/lpcxpresso/tools/bin/../lib/gcc/arm-none-eabi/4.9.3/../../../../arm-none-eabi/lib/armv6-m/libcr_c.a(initio.o)
 *fill*         0x000062cc        0x4 
 .rodata.a2.3938
                0x000062d0       0x40 /usr/local/lpcxpresso_8.0.0_526/lpcxpresso/tools/bin/../lib/gcc/arm-none-eabi/4.9.3/../../../../arm-none-eabi/lib/armv6-m/libcr_c.a(pow.o)
 .rodata.a1.3937
                0x00006310       0x88 /usr/local/lpcxpresso_8.0.0_526/lpcxpresso/tools/bin/../lib/gcc/arm-none-eabi/4.9.3/../../../../arm-none-eabi/lib/armv6-m/libcr_c.a(pow.o)
 .rodata.str1.1
                0x00006398       0x31 /usr/local/lpcxpresso_8.0.0_526/lpcxpresso/tools/bin/../lib/gcc/arm-none-eabi/4.9.3/../../../../arm-none-eabi/lib/armv6-m/libcr_c.a(printf.o)
                                 0x38 (size before relaxing)
 *fill*         0x000063c9        0x7 
 .rodata.__huge_val
                0x000063d0        0x8 /usr/local/lpcxpresso_8.0.0_526/lpcxpresso/tools/bin/../lib/gcc/arm-none-eabi/4.9.3/../../../../arm-none-eabi/lib/armv6-m/libcr_c.a(_hugeval.o)
                0x000063d0                __huge_val
 .rodata.__huge_vall
                0x000063d8        0x8 /usr/local/lpcxpresso_8.0.0_526/lpcxpresso/tools/bin/../lib/gcc/arm-none-eabi/4.9.3/../../../../arm-none-eabi/lib/armv6-m/libcr_c.a(_hugeval.o)
                0x000063d8                __huge_vall
 .rodata.str1.1
                0x000063e0       0x18 /usr/local/lpcxpresso_8.0.0_526/lpcxpresso/tools/bin/../lib/gcc/arm-none-eabi/4.9.3/../../../../arm-none-eabi/lib/armv6-m/libcr_c.a(alloc.o)
 .rodata.a.3927
                0x000063f8       0x20 /usr/local/lpcxpresso_8.0.0_526/lpcxpresso/tools/bin/../lib/gcc/arm-none-eabi/4.9.3/../../../../arm-none-eabi/lib/armv6-m/libcr_c.a(atan.o)
                0x00006418                . = ALIGN (0x4)

.glue_7         0x00006418        0x0
 .glue_7        0x00000000        0x0 linker stubs

.glue_7t        0x00006418        0x0
 .glue_7t       0x00000000        0x0 linker stubs

.vfp11_veneer   0x00006418        0x0
 .vfp11_veneer  0x00000000        0x0 linker stubs

.v4_bx          0x00006418        0x0
 .v4_bx         0x00000000        0x0 linker stubs

.iplt           0x00006418        0x0
 .iplt          0x00000000        0x0 ./src/MoonLander-i2c.o

.rel.dyn        0x00006418        0x0
 .rel.iplt      0x00000000        0x0 ./src/MoonLander-i2c.o

.ARM.extab
 *(.ARM.extab* .gnu.linkonce.armextab.*)
                0x00006418                __exidx_start = .

.ARM.exidx
 *(.ARM.exidx* .gnu.linkonce.armexidx.*)
                0x00006418                __exidx_end = .
                0x00006418                _etext = .

.mtb_buffer_default
                0x10000000      0x100
 *(.mtb*)
 .mtb.$RAM1     0x10000000      0x100 ./src/mtb.o
                0x10000000                __mtb_buffer__

.uninit_RESERVED
                0x10000100        0x0
 *(.bss.$RESERVED*)
                0x10000100                . = ALIGN (0x4)
                0x10000100                _end_uninit_RESERVED = .

.data           0x10000100      0x890 load address 0x00006418
 FILL mask 0xff
                0x10000100                _data = .
 *(vtable)
 *(.ramfunc*)
 *(.data*)
 .data.south_offset_y
                0x10000100       0x10 ./src/uCorder-compass.o
                0x10000100                south_offset_y
 .data.north_offset_x
                0x10000110       0x10 ./src/uCorder-compass.o
                0x10000110                north_offset_x
 .data.north_offset_y
                0x10000120       0x10 ./src/uCorder-compass.o
                0x10000120                north_offset_y
 .data.base_offset_x
                0x10000130       0x10 ./src/uCorder-compass.o
                0x10000130                base_offset_x
 .data.south_offset_x
                0x10000140       0x10 ./src/uCorder-compass.o
                0x10000140                south_offset_x
 .data.base_offset_y
                0x10000150       0x10 ./src/uCorder-compass.o
                0x10000150                base_offset_y
 .data.g_right_display
                0x10000160        0x1 ./src/uCorder.o
 *fill*         0x10000161        0x3 
 .data.sample_counter_rh.7898
                0x10000164        0x4 ./src/uCorder.o
 .data.sample_counter_mag.7899
                0x10000168        0x4 ./src/uCorder.o
 .data.sample_counter_range.7903
                0x1000016c        0x4 ./src/uCorder.o
 .data.FONT_3_5_1BPP_FontElement_uc_Y_Data
                0x10000170        0x5 ./eGFX/SRC/Fonts/FONT_3_5_1BPP.o
                0x10000170                FONT_3_5_1BPP_FontElement_uc_Y_Data
 *fill*         0x10000175        0x3 
 .data.FONT_3_5_1BPP_FontElement_delete
                0x10000178        0xc ./eGFX/SRC/Fonts/FONT_3_5_1BPP.o
                0x10000178                FONT_3_5_1BPP_FontElement_delete
 .data.FONT_3_5_1BPP_FontElement_lc_v_Data
                0x10000184        0x5 ./eGFX/SRC/Fonts/FONT_3_5_1BPP.o
                0x10000184                FONT_3_5_1BPP_FontElement_lc_v_Data
 *fill*         0x10000189        0x3 
 .data.FONT_3_5_1BPP_FontElement_exclamation_point
                0x1000018c        0xc ./eGFX/SRC/Fonts/FONT_3_5_1BPP.o
                0x1000018c                FONT_3_5_1BPP_FontElement_exclamation_point
 .data.FONT_3_5_1BPP
                0x10000198      0x190 ./eGFX/SRC/Fonts/FONT_3_5_1BPP.o
                0x10000198                FONT_3_5_1BPP
 .data.FONT_3_5_1BPP_FontElement_right_bracket_Data
                0x10000328        0x5 ./eGFX/SRC/Fonts/FONT_3_5_1BPP.o
                0x10000328                FONT_3_5_1BPP_FontElement_right_bracket_Data
 .data.FONT_3_5_1BPP_FontElement_8_Data
                0x1000032d        0x5 ./eGFX/SRC/Fonts/FONT_3_5_1BPP.o
                0x1000032d                FONT_3_5_1BPP_FontElement_8_Data
 .data.FONT_3_5_1BPP_FontElement_uc_A_Data
                0x10000332        0x5 ./eGFX/SRC/Fonts/FONT_3_5_1BPP.o
                0x10000332                FONT_3_5_1BPP_FontElement_uc_A_Data
 .data.FONT_3_5_1BPP_FontElement_uc_J_Data
                0x10000337        0x5 ./eGFX/SRC/Fonts/FONT_3_5_1BPP.o
                0x10000337                FONT_3_5_1BPP_FontElement_uc_J_Data
 .data.FONT_3_5_1BPP_FontElement_lc_h_Data
                0x1000033c        0x5 ./eGFX/SRC/Fonts/FONT_3_5_1BPP.o
                0x1000033c                FONT_3_5_1BPP_FontElement_lc_h_Data
 *fill*         0x10000341        0x3 
 .data.FONT_3_5_1BPP_FontElement_double_quotes
                0x10000344        0xc ./eGFX/SRC/Fonts/FONT_3_5_1BPP.o
                0x10000344                FONT_3_5_1BPP_FontElement_double_quotes
 .data.FONT_3_5_1BPP_FontElement_lc_q_Data
                0x10000350        0x5 ./eGFX/SRC/Fonts/FONT_3_5_1BPP.o
                0x10000350                FONT_3_5_1BPP_FontElement_lc_q_Data
 .data.FONT_3_5_1BPP_FontElement_dash_Data
                0x10000355        0x5 ./eGFX/SRC/Fonts/FONT_3_5_1BPP.o
                0x10000355                FONT_3_5_1BPP_FontElement_dash_Data
 .data.FONT_3_5_1BPP_FontElement_dollar_sign_Data
                0x1000035a        0x5 ./eGFX/SRC/Fonts/FONT_3_5_1BPP.o
                0x1000035a                FONT_3_5_1BPP_FontElement_dollar_sign_Data
 .data.FONT_3_5_1BPP_FontElement_lc_z_Data
                0x1000035f        0x5 ./eGFX/SRC/Fonts/FONT_3_5_1BPP.o
                0x1000035f                FONT_3_5_1BPP_FontElement_lc_z_Data
 .data.FONT_3_5_1BPP_FontElement_semicolon_Data
                0x10000364        0x5 ./eGFX/SRC/Fonts/FONT_3_5_1BPP.o
                0x10000364                FONT_3_5_1BPP_FontElement_semicolon_Data
 .data.FONT_3_5_1BPP_FontElement_lc_p_Data
                0x10000369        0x5 ./eGFX/SRC/Fonts/FONT_3_5_1BPP.o
                0x10000369                FONT_3_5_1BPP_FontElement_lc_p_Data
 *fill*         0x1000036e        0x2 
 .data.FONT_3_5_1BPP_FontElement_star
                0x10000370        0xc ./eGFX/SRC/Fonts/FONT_3_5_1BPP.o
                0x10000370                FONT_3_5_1BPP_FontElement_star
 .data.FONT_3_5_1BPP_FontElement_0
                0x1000037c        0xc ./eGFX/SRC/Fonts/FONT_3_5_1BPP.o
                0x1000037c                FONT_3_5_1BPP_FontElement_0
 .data.FONT_3_5_1BPP_FontElement_1
                0x10000388        0xc ./eGFX/SRC/Fonts/FONT_3_5_1BPP.o
                0x10000388                FONT_3_5_1BPP_FontElement_1
 .data.FONT_3_5_1BPP_FontElement_2
                0x10000394        0xc ./eGFX/SRC/Fonts/FONT_3_5_1BPP.o
                0x10000394                FONT_3_5_1BPP_FontElement_2
 .data.FONT_3_5_1BPP_FontElement_3
                0x100003a0        0xc ./eGFX/SRC/Fonts/FONT_3_5_1BPP.o
                0x100003a0                FONT_3_5_1BPP_FontElement_3
 .data.FONT_3_5_1BPP_FontElement_4
                0x100003ac        0xc ./eGFX/SRC/Fonts/FONT_3_5_1BPP.o
                0x100003ac                FONT_3_5_1BPP_FontElement_4
 .data.FONT_3_5_1BPP_FontElement_5
                0x100003b8        0xc ./eGFX/SRC/Fonts/FONT_3_5_1BPP.o
                0x100003b8                FONT_3_5_1BPP_FontElement_5
 .data.FONT_3_5_1BPP_FontElement_6
                0x100003c4        0xc ./eGFX/SRC/Fonts/FONT_3_5_1BPP.o
                0x100003c4                FONT_3_5_1BPP_FontElement_6
 .data.FONT_3_5_1BPP_FontElement_7
                0x100003d0        0xc ./eGFX/SRC/Fonts/FONT_3_5_1BPP.o
                0x100003d0                FONT_3_5_1BPP_FontElement_7
 .data.FONT_3_5_1BPP_FontElement_8
                0x100003dc        0xc ./eGFX/SRC/Fonts/FONT_3_5_1BPP.o
                0x100003dc                FONT_3_5_1BPP_FontElement_8
 .data.FONT_3_5_1BPP_FontElement_9
                0x100003e8        0xc ./eGFX/SRC/Fonts/FONT_3_5_1BPP.o
                0x100003e8                FONT_3_5_1BPP_FontElement_9
 .data.FONT_3_5_1BPP_FontElement_0_Data
                0x100003f4        0x5 ./eGFX/SRC/Fonts/FONT_3_5_1BPP.o
                0x100003f4                FONT_3_5_1BPP_FontElement_0_Data
 .data.FONT_3_5_1BPP_FontElement_9_Data
                0x100003f9        0x5 ./eGFX/SRC/Fonts/FONT_3_5_1BPP.o
                0x100003f9                FONT_3_5_1BPP_FontElement_9_Data
 .data.FONT_3_5_1BPP_FontElement_lc_d_Data
                0x100003fe        0x5 ./eGFX/SRC/Fonts/FONT_3_5_1BPP.o
                0x100003fe                FONT_3_5_1BPP_FontElement_lc_d_Data
 .data.FONT_3_5_1BPP_FontElement_uc_B_Data
                0x10000403        0x5 ./eGFX/SRC/Fonts/FONT_3_5_1BPP.o
                0x10000403                FONT_3_5_1BPP_FontElement_uc_B_Data
 .data.FONT_3_5_1BPP_FontElement_uc_K_Data
                0x10000408        0x5 ./eGFX/SRC/Fonts/FONT_3_5_1BPP.o
                0x10000408                FONT_3_5_1BPP_FontElement_uc_K_Data
 .data.FONT_3_5_1BPP_FontElement_uc_T_Data
                0x1000040d        0x5 ./eGFX/SRC/Fonts/FONT_3_5_1BPP.o
                0x1000040d                FONT_3_5_1BPP_FontElement_uc_T_Data
 .data.FONT_3_5_1BPP_FontElement_carret_Data
                0x10000412        0x5 ./eGFX/SRC/Fonts/FONT_3_5_1BPP.o
                0x10000412                FONT_3_5_1BPP_FontElement_carret_Data
 *fill*         0x10000417        0x1 
 .data.FONT_3_5_1BPP_FontElement_vertical_bar
                0x10000418        0xc ./eGFX/SRC/Fonts/FONT_3_5_1BPP.o
                0x10000418                FONT_3_5_1BPP_FontElement_vertical_bar
 .data.FONT_3_5_1BPP_FontElement_precent_sign
                0x10000424        0xc ./eGFX/SRC/Fonts/FONT_3_5_1BPP.o
                0x10000424                FONT_3_5_1BPP_FontElement_precent_sign
 .data.FONT_3_5_1BPP_FontElement_tilde_Data
                0x10000430        0x5 ./eGFX/SRC/Fonts/FONT_3_5_1BPP.o
                0x10000430                FONT_3_5_1BPP_FontElement_tilde_Data
 .data.FONT_3_5_1BPP_FontElement_less_than_Data
                0x10000435        0x5 ./eGFX/SRC/Fonts/FONT_3_5_1BPP.o
                0x10000435                FONT_3_5_1BPP_FontElement_less_than_Data
 .data.FONT_3_5_1BPP_FontElement_exclamation_point_Data
                0x1000043a        0x5 ./eGFX/SRC/Fonts/FONT_3_5_1BPP.o
                0x1000043a                FONT_3_5_1BPP_FontElement_exclamation_point_Data
 .data.FONT_3_5_1BPP_FontElement_lc_i_Data
                0x1000043f        0x5 ./eGFX/SRC/Fonts/FONT_3_5_1BPP.o
                0x1000043f                FONT_3_5_1BPP_FontElement_lc_i_Data
 .data.FONT_3_5_1BPP_FontElement_lc_r_Data
                0x10000444        0x5 ./eGFX/SRC/Fonts/FONT_3_5_1BPP.o
                0x10000444                FONT_3_5_1BPP_FontElement_lc_r_Data
 *fill*         0x10000449        0x3 
 .data.FONT_3_5_1BPP_FontElement_tilde
                0x1000044c        0xc ./eGFX/SRC/Fonts/FONT_3_5_1BPP.o
                0x1000044c                FONT_3_5_1BPP_FontElement_tilde
 .data.FONT_3_5_1BPP_FontElement_backslash_Data
                0x10000458        0x5 ./eGFX/SRC/Fonts/FONT_3_5_1BPP.o
                0x10000458                FONT_3_5_1BPP_FontElement_backslash_Data
 .data.FONT_3_5_1BPP_FontElement_uc_V_Data
                0x1000045d        0x5 ./eGFX/SRC/Fonts/FONT_3_5_1BPP.o
                0x1000045d                FONT_3_5_1BPP_FontElement_uc_V_Data
 *fill*         0x10000462        0x2 
 .data.FONT_3_5_1BPP_FontElement_single_quote
                0x10000464        0xc ./eGFX/SRC/Fonts/FONT_3_5_1BPP.o
                0x10000464                FONT_3_5_1BPP_FontElement_single_quote
 .data.FONT_3_5_1BPP_FontElement_double_quotes_Data
                0x10000470        0x5 ./eGFX/SRC/Fonts/FONT_3_5_1BPP.o
                0x10000470                FONT_3_5_1BPP_FontElement_double_quotes_Data
 *fill*         0x10000475        0x3 
 .data.FONT_3_5_1BPP_FontElement_right_parenthesis
                0x10000478        0xc ./eGFX/SRC/Fonts/FONT_3_5_1BPP.o
                0x10000478                FONT_3_5_1BPP_FontElement_right_parenthesis
 .data.FONT_3_5_1BPP_FontElement_1_Data
                0x10000484        0x5 ./eGFX/SRC/Fonts/FONT_3_5_1BPP.o
                0x10000484                FONT_3_5_1BPP_FontElement_1_Data
 .data.FONT_3_5_1BPP_FontElement_colon_Data
                0x10000489        0x5 ./eGFX/SRC/Fonts/FONT_3_5_1BPP.o
                0x10000489                FONT_3_5_1BPP_FontElement_colon_Data
 .data.FONT_3_5_1BPP_FontElement_uc_C_Data
                0x1000048e        0x5 ./eGFX/SRC/Fonts/FONT_3_5_1BPP.o
                0x1000048e                FONT_3_5_1BPP_FontElement_uc_C_Data
 .data.FONT_3_5_1BPP_FontElement_uc_L_Data
                0x10000493        0x5 ./eGFX/SRC/Fonts/FONT_3_5_1BPP.o
                0x10000493                FONT_3_5_1BPP_FontElement_uc_L_Data
 .data.FONT_3_5_1BPP_FontElement_uc_U_Data
                0x10000498        0x5 ./eGFX/SRC/Fonts/FONT_3_5_1BPP.o
                0x10000498                FONT_3_5_1BPP_FontElement_uc_U_Data
 .data.FONT_3_5_1BPP_FontElement_underscore_Data
                0x1000049d        0x5 ./eGFX/SRC/Fonts/FONT_3_5_1BPP.o
                0x1000049d                FONT_3_5_1BPP_FontElement_underscore_Data
 .data.FONT_3_5_1BPP_FontElement_comma_Data
                0x100004a2        0x5 ./eGFX/SRC/Fonts/FONT_3_5_1BPP.o
                0x100004a2                FONT_3_5_1BPP_FontElement_comma_Data
 *fill*         0x100004a7        0x1 
 .data.FONT_3_5_1BPP_FontElement_semicolon
                0x100004a8        0xc ./eGFX/SRC/Fonts/FONT_3_5_1BPP.o
                0x100004a8                FONT_3_5_1BPP_FontElement_semicolon
 .data.FONT_3_5_1BPP_FontElement_lc_s_Data
                0x100004b4        0x5 ./eGFX/SRC/Fonts/FONT_3_5_1BPP.o
                0x100004b4                FONT_3_5_1BPP_FontElement_lc_s_Data
 *fill*         0x100004b9        0x3 
 .data.FONT_3_5_1BPP_FontElement_colon
                0x100004bc        0xc ./eGFX/SRC/Fonts/FONT_3_5_1BPP.o
                0x100004bc                FONT_3_5_1BPP_FontElement_colon
 .data.FONT_3_5_1BPP_FontElement_dollar_sign
                0x100004c8        0xc ./eGFX/SRC/Fonts/FONT_3_5_1BPP.o
                0x100004c8                FONT_3_5_1BPP_FontElement_dollar_sign
 .data.FONT_3_5_1BPP_FontElement_question_mark_Data
                0x100004d4        0x5 ./eGFX/SRC/Fonts/FONT_3_5_1BPP.o
                0x100004d4                FONT_3_5_1BPP_FontElement_question_mark_Data
 .data.FONT_3_5_1BPP_FontElement_5_Data
                0x100004d9        0x5 ./eGFX/SRC/Fonts/FONT_3_5_1BPP.o
                0x100004d9                FONT_3_5_1BPP_FontElement_5_Data
 .data.FONT_3_5_1BPP_FontElement_lc_m_Data
                0x100004de        0x5 ./eGFX/SRC/Fonts/FONT_3_5_1BPP.o
                0x100004de                FONT_3_5_1BPP_FontElement_lc_m_Data
 .data.FONT_3_5_1BPP_FontElement_uc_G_Data
                0x100004e3        0x5 ./eGFX/SRC/Fonts/FONT_3_5_1BPP.o
                0x100004e3                FONT_3_5_1BPP_FontElement_uc_G_Data
 .data.FONT_3_5_1BPP_FontElement_carret
                0x100004e8        0xc ./eGFX/SRC/Fonts/FONT_3_5_1BPP.o
                0x100004e8                FONT_3_5_1BPP_FontElement_carret
 .data.FONT_3_5_1BPP_FontElement_right_curly_brace
                0x100004f4        0xc ./eGFX/SRC/Fonts/FONT_3_5_1BPP.o
                0x100004f4                FONT_3_5_1BPP_FontElement_right_curly_brace
 .data.FONT_3_5_1BPP_FontElement_lc_k_Data
                0x10000500        0x5 ./eGFX/SRC/Fonts/FONT_3_5_1BPP.o
                0x10000500                FONT_3_5_1BPP_FontElement_lc_k_Data
 .data.FONT_3_5_1BPP_FontElement_lc_n_Data
                0x10000505        0x5 ./eGFX/SRC/Fonts/FONT_3_5_1BPP.o
                0x10000505                FONT_3_5_1BPP_FontElement_lc_n_Data
 .data.FONT_3_5_1BPP_FontElement_lc_w_Data
                0x1000050a        0x5 ./eGFX/SRC/Fonts/FONT_3_5_1BPP.o
                0x1000050a                FONT_3_5_1BPP_FontElement_lc_w_Data
 .data.FONT_3_5_1BPP_FontElement_lc_a_Data
                0x1000050f        0x5 ./eGFX/SRC/Fonts/FONT_3_5_1BPP.o
                0x1000050f                FONT_3_5_1BPP_FontElement_lc_a_Data
 .data.FONT_3_5_1BPP_FontElement_slanted_single_quote
                0x10000514        0xc ./eGFX/SRC/Fonts/FONT_3_5_1BPP.o
                0x10000514                FONT_3_5_1BPP_FontElement_slanted_single_quote
 .data.FONT_3_5_1BPP_FontElement_left_parenthesis
                0x10000520        0xc ./eGFX/SRC/Fonts/FONT_3_5_1BPP.o
                0x10000520                FONT_3_5_1BPP_FontElement_left_parenthesis
 .data.FONT_3_5_1BPP_FontElement_right_bracket
                0x1000052c        0xc ./eGFX/SRC/Fonts/FONT_3_5_1BPP.o
                0x1000052c                FONT_3_5_1BPP_FontElement_right_bracket
 .data.FONT_3_5_1BPP_FontElement_6_Data
                0x10000538        0x5 ./eGFX/SRC/Fonts/FONT_3_5_1BPP.o
                0x10000538                FONT_3_5_1BPP_FontElement_6_Data
 .data.FONT_3_5_1BPP_FontElement_uc_H_Data
                0x1000053d        0x5 ./eGFX/SRC/Fonts/FONT_3_5_1BPP.o
                0x1000053d                FONT_3_5_1BPP_FontElement_uc_H_Data
 .data.FONT_3_5_1BPP_FontElement_uc_Q_Data
                0x10000542        0x5 ./eGFX/SRC/Fonts/FONT_3_5_1BPP.o
                0x10000542                FONT_3_5_1BPP_FontElement_uc_Q_Data
 *fill*         0x10000547        0x1 
 .data.FONT_3_5_1BPP_FontElement_ampersand
                0x10000548        0xc ./eGFX/SRC/Fonts/FONT_3_5_1BPP.o
                0x10000548                FONT_3_5_1BPP_FontElement_ampersand
 .data.FONT_3_5_1BPP_FontElement_uc_Z_Data
                0x10000554        0x5 ./eGFX/SRC/Fonts/FONT_3_5_1BPP.o
                0x10000554                FONT_3_5_1BPP_FontElement_uc_Z_Data
 .data.FONT_3_5_1BPP_FontElement_single_quote_Data
                0x10000559        0x5 ./eGFX/SRC/Fonts/FONT_3_5_1BPP.o
                0x10000559                FONT_3_5_1BPP_FontElement_single_quote_Data
 .data.FONT_3_5_1BPP_FontElement_slanted_single_quote_Data
                0x1000055e        0x5 ./eGFX/SRC/Fonts/FONT_3_5_1BPP.o
                0x1000055e                FONT_3_5_1BPP_FontElement_slanted_single_quote_Data
 .data.FONT_3_5_1BPP_FontElement_lc_f_Data
                0x10000563        0x5 ./eGFX/SRC/Fonts/FONT_3_5_1BPP.o
                0x10000563                FONT_3_5_1BPP_FontElement_lc_f_Data
 .data.FONT_3_5_1BPP_FontElement_at
                0x10000568        0xc ./eGFX/SRC/Fonts/FONT_3_5_1BPP.o
                0x10000568                FONT_3_5_1BPP_FontElement_at
 .data.FONT_3_5_1BPP_FontElement_plus
                0x10000574        0xc ./eGFX/SRC/Fonts/FONT_3_5_1BPP.o
                0x10000574                FONT_3_5_1BPP_FontElement_plus
 .data.FONT_3_5_1BPP_FontElement_lc_x_Data
                0x10000580        0x5 ./eGFX/SRC/Fonts/FONT_3_5_1BPP.o
                0x10000580                FONT_3_5_1BPP_FontElement_lc_x_Data
 *fill*         0x10000585        0x3 
 .data.FONT_3_5_1BPP_FontElement_dash
                0x10000588        0xc ./eGFX/SRC/Fonts/FONT_3_5_1BPP.o
                0x10000588                FONT_3_5_1BPP_FontElement_dash
 .data.FONT_3_5_1BPP_FontElement_left_curly_brace_Data
                0x10000594        0x5 ./eGFX/SRC/Fonts/FONT_3_5_1BPP.o
                0x10000594                FONT_3_5_1BPP_FontElement_left_curly_brace_Data
 *fill*         0x10000599        0x3 
 .data.FONT_3_5_1BPP_FontElement_space
                0x1000059c        0xc ./eGFX/SRC/Fonts/FONT_3_5_1BPP.o
                0x1000059c                FONT_3_5_1BPP_FontElement_space
 .data.FONT_3_5_1BPP_FontElement_left_curly_brace
                0x100005a8        0xc ./eGFX/SRC/Fonts/FONT_3_5_1BPP.o
                0x100005a8                FONT_3_5_1BPP_FontElement_left_curly_brace
 .data.FONT_3_5_1BPP_FontElement_period_Data
                0x100005b4        0x5 ./eGFX/SRC/Fonts/FONT_3_5_1BPP.o
                0x100005b4                FONT_3_5_1BPP_FontElement_period_Data
 *fill*         0x100005b9        0x3 
 .data.FONT_3_5_1BPP_FontElement_less_than
                0x100005bc        0xc ./eGFX/SRC/Fonts/FONT_3_5_1BPP.o
                0x100005bc                FONT_3_5_1BPP_FontElement_less_than
 .data.FONT_3_5_1BPP_FontElement_7_Data
                0x100005c8        0x5 ./eGFX/SRC/Fonts/FONT_3_5_1BPP.o
                0x100005c8                FONT_3_5_1BPP_FontElement_7_Data
 *fill*         0x100005cd        0x3 
 .data.FONT_3_5_1BPP_FontElement_period
                0x100005d0        0xc ./eGFX/SRC/Fonts/FONT_3_5_1BPP.o
                0x100005d0                FONT_3_5_1BPP_FontElement_period
 .data.FONT_3_5_1BPP_FontElement_uc_A
                0x100005dc        0xc ./eGFX/SRC/Fonts/FONT_3_5_1BPP.o
                0x100005dc                FONT_3_5_1BPP_FontElement_uc_A
 .data.FONT_3_5_1BPP_FontElement_uc_I_Data
                0x100005e8        0x5 ./eGFX/SRC/Fonts/FONT_3_5_1BPP.o
                0x100005e8                FONT_3_5_1BPP_FontElement_uc_I_Data
 *fill*         0x100005ed        0x3 
 .data.FONT_3_5_1BPP_FontElement_uc_C
                0x100005f0        0xc ./eGFX/SRC/Fonts/FONT_3_5_1BPP.o
                0x100005f0                FONT_3_5_1BPP_FontElement_uc_C
 .data.FONT_3_5_1BPP_FontElement_uc_R_Data
                0x100005fc        0x5 ./eGFX/SRC/Fonts/FONT_3_5_1BPP.o
                0x100005fc                FONT_3_5_1BPP_FontElement_uc_R_Data
 *fill*         0x10000601        0x3 
 .data.FONT_3_5_1BPP_FontElement_uc_E
                0x10000604        0xc ./eGFX/SRC/Fonts/FONT_3_5_1BPP.o
                0x10000604                FONT_3_5_1BPP_FontElement_uc_E
 .data.FONT_3_5_1BPP_FontElement_uc_F
                0x10000610        0xc ./eGFX/SRC/Fonts/FONT_3_5_1BPP.o
                0x10000610                FONT_3_5_1BPP_FontElement_uc_F
 .data.FONT_3_5_1BPP_FontElement_uc_G
                0x1000061c        0xc ./eGFX/SRC/Fonts/FONT_3_5_1BPP.o
                0x1000061c                FONT_3_5_1BPP_FontElement_uc_G
 .data.FONT_3_5_1BPP_FontElement_forward_slash
                0x10000628        0xc ./eGFX/SRC/Fonts/FONT_3_5_1BPP.o
                0x10000628                FONT_3_5_1BPP_FontElement_forward_slash
 .data.FONT_3_5_1BPP_FontElement_uc_I
                0x10000634        0xc ./eGFX/SRC/Fonts/FONT_3_5_1BPP.o
                0x10000634                FONT_3_5_1BPP_FontElement_uc_I
 .data.FONT_3_5_1BPP_FontElement_uc_J
                0x10000640        0xc ./eGFX/SRC/Fonts/FONT_3_5_1BPP.o
                0x10000640                FONT_3_5_1BPP_FontElement_uc_J
 .data.FONT_3_5_1BPP_FontElement_lc_j_Data
                0x1000064c        0x5 ./eGFX/SRC/Fonts/FONT_3_5_1BPP.o
                0x1000064c                FONT_3_5_1BPP_FontElement_lc_j_Data
 *fill*         0x10000651        0x3 
 .data.FONT_3_5_1BPP_FontElement_uc_L
                0x10000654        0xc ./eGFX/SRC/Fonts/FONT_3_5_1BPP.o
                0x10000654                FONT_3_5_1BPP_FontElement_uc_L
 .data.FONT_3_5_1BPP_FontElement_uc_M
                0x10000660        0xc ./eGFX/SRC/Fonts/FONT_3_5_1BPP.o
                0x10000660                FONT_3_5_1BPP_FontElement_uc_M
 .data.FONT_3_5_1BPP_FontElement_uc_N
                0x1000066c        0xc ./eGFX/SRC/Fonts/FONT_3_5_1BPP.o
                0x1000066c                FONT_3_5_1BPP_FontElement_uc_N
 .data.FONT_3_5_1BPP_FontElement_uc_O
                0x10000678        0xc ./eGFX/SRC/Fonts/FONT_3_5_1BPP.o
                0x10000678                FONT_3_5_1BPP_FontElement_uc_O
 .data.FONT_3_5_1BPP_FontElement_uc_P
                0x10000684        0xc ./eGFX/SRC/Fonts/FONT_3_5_1BPP.o
                0x10000684                FONT_3_5_1BPP_FontElement_uc_P
 .data.FONT_3_5_1BPP_FontElement_uc_Q
                0x10000690        0xc ./eGFX/SRC/Fonts/FONT_3_5_1BPP.o
                0x10000690                FONT_3_5_1BPP_FontElement_uc_Q
 .data.FONT_3_5_1BPP_FontElement_uc_R
                0x1000069c        0xc ./eGFX/SRC/Fonts/FONT_3_5_1BPP.o
                0x1000069c                FONT_3_5_1BPP_FontElement_uc_R
 .data.FONT_3_5_1BPP_FontElement_uc_B
                0x100006a8        0xc ./eGFX/SRC/Fonts/FONT_3_5_1BPP.o
                0x100006a8                FONT_3_5_1BPP_FontElement_uc_B
 .data.FONT_3_5_1BPP_FontElement_uc_T
                0x100006b4        0xc ./eGFX/SRC/Fonts/FONT_3_5_1BPP.o
                0x100006b4                FONT_3_5_1BPP_FontElement_uc_T
 .data.FONT_3_5_1BPP_FontElement_uc_U
                0x100006c0        0xc ./eGFX/SRC/Fonts/FONT_3_5_1BPP.o
                0x100006c0                FONT_3_5_1BPP_FontElement_uc_U
 .data.FONT_3_5_1BPP_FontElement_uc_V
                0x100006cc        0xc ./eGFX/SRC/Fonts/FONT_3_5_1BPP.o
                0x100006cc                FONT_3_5_1BPP_FontElement_uc_V
 .data.FONT_3_5_1BPP_FontElement_lc_y_Data
                0x100006d8        0x5 ./eGFX/SRC/Fonts/FONT_3_5_1BPP.o
                0x100006d8                FONT_3_5_1BPP_FontElement_lc_y_Data
 *fill*         0x100006dd        0x3 
 .data.FONT_3_5_1BPP_FontElement_uc_X
                0x100006e0        0xc ./eGFX/SRC/Fonts/FONT_3_5_1BPP.o
                0x100006e0                FONT_3_5_1BPP_FontElement_uc_X
 .data.FONT_3_5_1BPP_FontElement_uc_Y
                0x100006ec        0xc ./eGFX/SRC/Fonts/FONT_3_5_1BPP.o
                0x100006ec                FONT_3_5_1BPP_FontElement_uc_Y
 .data.FONT_3_5_1BPP_FontElement_uc_Z
                0x100006f8        0xc ./eGFX/SRC/Fonts/FONT_3_5_1BPP.o
                0x100006f8                FONT_3_5_1BPP_FontElement_uc_Z
 .data.FONT_3_5_1BPP_FontElement_lc_a
                0x10000704        0xc ./eGFX/SRC/Fonts/FONT_3_5_1BPP.o
                0x10000704                FONT_3_5_1BPP_FontElement_lc_a
 .data.FONT_3_5_1BPP_FontElement_lc_b
                0x10000710        0xc ./eGFX/SRC/Fonts/FONT_3_5_1BPP.o
                0x10000710                FONT_3_5_1BPP_FontElement_lc_b
 .data.FONT_3_5_1BPP_FontElement_lc_c
                0x1000071c        0xc ./eGFX/SRC/Fonts/FONT_3_5_1BPP.o
                0x1000071c                FONT_3_5_1BPP_FontElement_lc_c
 .data.FONT_3_5_1BPP_FontElement_uc_H
                0x10000728        0xc ./eGFX/SRC/Fonts/FONT_3_5_1BPP.o
                0x10000728                FONT_3_5_1BPP_FontElement_uc_H
 .data.FONT_3_5_1BPP_FontElement_lc_e
                0x10000734        0xc ./eGFX/SRC/Fonts/FONT_3_5_1BPP.o
                0x10000734                FONT_3_5_1BPP_FontElement_lc_e
 .data.FONT_3_5_1BPP_FontElement_lc_f
                0x10000740        0xc ./eGFX/SRC/Fonts/FONT_3_5_1BPP.o
                0x10000740                FONT_3_5_1BPP_FontElement_lc_f
 .data.FONT_3_5_1BPP_FontElement_lc_g
                0x1000074c        0xc ./eGFX/SRC/Fonts/FONT_3_5_1BPP.o
                0x1000074c                FONT_3_5_1BPP_FontElement_lc_g
 .data.FONT_3_5_1BPP_FontElement_lc_h
                0x10000758        0xc ./eGFX/SRC/Fonts/FONT_3_5_1BPP.o
                0x10000758                FONT_3_5_1BPP_FontElement_lc_h
 .data.FONT_3_5_1BPP_FontElement_lc_i
                0x10000764        0xc ./eGFX/SRC/Fonts/FONT_3_5_1BPP.o
                0x10000764                FONT_3_5_1BPP_FontElement_lc_i
 .data.FONT_3_5_1BPP_FontElement_lc_j
                0x10000770        0xc ./eGFX/SRC/Fonts/FONT_3_5_1BPP.o
                0x10000770                FONT_3_5_1BPP_FontElement_lc_j
 .data.FONT_3_5_1BPP_FontElement_lc_k
                0x1000077c        0xc ./eGFX/SRC/Fonts/FONT_3_5_1BPP.o
                0x1000077c                FONT_3_5_1BPP_FontElement_lc_k
 .data.FONT_3_5_1BPP_FontElement_lc_l
                0x10000788        0xc ./eGFX/SRC/Fonts/FONT_3_5_1BPP.o
                0x10000788                FONT_3_5_1BPP_FontElement_lc_l
 .data.FONT_3_5_1BPP_FontElement_lc_m
                0x10000794        0xc ./eGFX/SRC/Fonts/FONT_3_5_1BPP.o
                0x10000794                FONT_3_5_1BPP_FontElement_lc_m
 .data.FONT_3_5_1BPP_FontElement_lc_n
                0x100007a0        0xc ./eGFX/SRC/Fonts/FONT_3_5_1BPP.o
                0x100007a0                FONT_3_5_1BPP_FontElement_lc_n
 .data.FONT_3_5_1BPP_FontElement_2_Data
                0x100007ac        0x5 ./eGFX/SRC/Fonts/FONT_3_5_1BPP.o
                0x100007ac                FONT_3_5_1BPP_FontElement_2_Data
 *fill*         0x100007b1        0x3 
 .data.FONT_3_5_1BPP_FontElement_lc_p
                0x100007b4        0xc ./eGFX/SRC/Fonts/FONT_3_5_1BPP.o
                0x100007b4                FONT_3_5_1BPP_FontElement_lc_p
 .data.FONT_3_5_1BPP_FontElement_lc_q
                0x100007c0        0xc ./eGFX/SRC/Fonts/FONT_3_5_1BPP.o
                0x100007c0                FONT_3_5_1BPP_FontElement_lc_q
 .data.FONT_3_5_1BPP_FontElement_lc_r
                0x100007cc        0xc ./eGFX/SRC/Fonts/FONT_3_5_1BPP.o
                0x100007cc                FONT_3_5_1BPP_FontElement_lc_r
 .data.FONT_3_5_1BPP_FontElement_lc_s
                0x100007d8        0xc ./eGFX/SRC/Fonts/FONT_3_5_1BPP.o
                0x100007d8                FONT_3_5_1BPP_FontElement_lc_s
 .data.FONT_3_5_1BPP_FontElement_uc_D_Data
                0x100007e4        0x5 ./eGFX/SRC/Fonts/FONT_3_5_1BPP.o
                0x100007e4                FONT_3_5_1BPP_FontElement_uc_D_Data
 *fill*         0x100007e9        0x3 
 .data.FONT_3_5_1BPP_FontElement_lc_u
                0x100007ec        0xc ./eGFX/SRC/Fonts/FONT_3_5_1BPP.o
                0x100007ec                FONT_3_5_1BPP_FontElement_lc_u
 .data.FONT_3_5_1BPP_FontElement_uc_M_Data
                0x100007f8        0x5 ./eGFX/SRC/Fonts/FONT_3_5_1BPP.o
                0x100007f8                FONT_3_5_1BPP_FontElement_uc_M_Data
 *fill*         0x100007fd        0x3 
 .data.FONT_3_5_1BPP_FontElement_lc_w
                0x10000800        0xc ./eGFX/SRC/Fonts/FONT_3_5_1BPP.o
                0x10000800                FONT_3_5_1BPP_FontElement_lc_w
 .data.FONT_3_5_1BPP_FontElement_lc_x
                0x1000080c        0xc ./eGFX/SRC/Fonts/FONT_3_5_1BPP.o
                0x1000080c                FONT_3_5_1BPP_FontElement_lc_x
 .data.FONT_3_5_1BPP_FontElement_lc_y
                0x10000818        0xc ./eGFX/SRC/Fonts/FONT_3_5_1BPP.o
                0x10000818                FONT_3_5_1BPP_FontElement_lc_y
 .data.FONT_3_5_1BPP_FontElement_lc_z
                0x10000824        0xc ./eGFX/SRC/Fonts/FONT_3_5_1BPP.o
                0x10000824                FONT_3_5_1BPP_FontElement_lc_z
 .data.FONT_3_5_1BPP_FontElement_left_bracket
                0x10000830        0xc ./eGFX/SRC/Fonts/FONT_3_5_1BPP.o
                0x10000830                FONT_3_5_1BPP_FontElement_left_bracket
 .data.FONT_3_5_1BPP_FontElement_great_than_Data
                0x1000083c        0x5 ./eGFX/SRC/Fonts/FONT_3_5_1BPP.o
                0x1000083c                FONT_3_5_1BPP_FontElement_great_than_Data
 *fill*         0x10000841        0x3 
 .data.FONT_3_5_1BPP_FontElement_great_than
                0x10000844        0xc ./eGFX/SRC/Fonts/FONT_3_5_1BPP.o
                0x10000844                FONT_3_5_1BPP_FontElement_great_than
 .data.FONT_3_5_1BPP_FontElement_equals
                0x10000850        0xc ./eGFX/SRC/Fonts/FONT_3_5_1BPP.o
                0x10000850                FONT_3_5_1BPP_FontElement_equals
 .data.FONT_3_5_1BPP_FontElement_pound
                0x1000085c        0xc ./eGFX/SRC/Fonts/FONT_3_5_1BPP.o
                0x1000085c                FONT_3_5_1BPP_FontElement_pound
 .data.FONT_3_5_1BPP_FontElement_uc_W
                0x10000868        0xc ./eGFX/SRC/Fonts/FONT_3_5_1BPP.o
                0x10000868                FONT_3_5_1BPP_FontElement_uc_W
 .data.FONT_3_5_1BPP_FontElement_star_Data
                0x10000874        0x5 ./eGFX/SRC/Fonts/FONT_3_5_1BPP.o
                0x10000874                FONT_3_5_1BPP_FontElement_star_Data
 .data.FONT_3_5_1BPP_FontElement_lc_b_Data
                0x10000879        0x5 ./eGFX/SRC/Fonts/FONT_3_5_1BPP.o
                0x10000879                FONT_3_5_1BPP_FontElement_lc_b_Data
 .data.FONT_3_5_1BPP_FontElement_uc_S_Data
                0x1000087e        0x5 ./eGFX/SRC/Fonts/FONT_3_5_1BPP.o
                0x1000087e                FONT_3_5_1BPP_FontElement_uc_S_Data
 .data.FONT_3_5_1BPP_FontElement_lc_t_Data
                0x10000883        0x5 ./eGFX/SRC/Fonts/FONT_3_5_1BPP.o
                0x10000883                FONT_3_5_1BPP_FontElement_lc_t_Data
 .data.FONT_3_5_1BPP_FontElement_uc_P_Data
                0x10000888        0x5 ./eGFX/SRC/Fonts/FONT_3_5_1BPP.o
                0x10000888                FONT_3_5_1BPP_FontElement_uc_P_Data
 *fill*         0x1000088d        0x3 
 .data.FONT_3_5_1BPP_FontElement_uc_D
                0x10000890        0xc ./eGFX/SRC/Fonts/FONT_3_5_1BPP.o
                0x10000890                FONT_3_5_1BPP_FontElement_uc_D
 .data.FONT_3_5_1BPP_FontElement_uc_S
                0x1000089c        0xc ./eGFX/SRC/Fonts/FONT_3_5_1BPP.o
                0x1000089c                FONT_3_5_1BPP_FontElement_uc_S
 .data.FONT_3_5_1BPP_FontElement_lc_d
                0x100008a8        0xc ./eGFX/SRC/Fonts/FONT_3_5_1BPP.o
                0x100008a8                FONT_3_5_1BPP_FontElement_lc_d
 .data.FONT_3_5_1BPP_FontElement_uc_K
                0x100008b4        0xc ./eGFX/SRC/Fonts/FONT_3_5_1BPP.o
                0x100008b4                FONT_3_5_1BPP_FontElement_uc_K
 .data.FONT_3_5_1BPP_FontElement_forward_slash_Data
                0x100008c0        0x5 ./eGFX/SRC/Fonts/FONT_3_5_1BPP.o
                0x100008c0                FONT_3_5_1BPP_FontElement_forward_slash_Data
 .data.FONT_3_5_1BPP_FontElement_at_Data
                0x100008c5        0x5 ./eGFX/SRC/Fonts/FONT_3_5_1BPP.o
                0x100008c5                FONT_3_5_1BPP_FontElement_at_Data
 .data.FONT_3_5_1BPP_FontElement_right_parenthesis_Data
                0x100008ca        0x5 ./eGFX/SRC/Fonts/FONT_3_5_1BPP.o
                0x100008ca                FONT_3_5_1BPP_FontElement_right_parenthesis_Data
 .data.FONT_3_5_1BPP_FontElement_3_Data
                0x100008cf        0x5 ./eGFX/SRC/Fonts/FONT_3_5_1BPP.o
                0x100008cf                FONT_3_5_1BPP_FontElement_3_Data
 .data.FONT_3_5_1BPP_FontElement_uc_E_Data
                0x100008d4        0x5 ./eGFX/SRC/Fonts/FONT_3_5_1BPP.o
                0x100008d4                FONT_3_5_1BPP_FontElement_uc_E_Data
 *fill*         0x100008d9        0x3 
 .data.FONT_3_5_1BPP_FontElement_lc_o
                0x100008dc        0xc ./eGFX/SRC/Fonts/FONT_3_5_1BPP.o
                0x100008dc                FONT_3_5_1BPP_FontElement_lc_o
 .data.FONT_3_5_1BPP_FontElement_uc_N_Data
                0x100008e8        0x5 ./eGFX/SRC/Fonts/FONT_3_5_1BPP.o
                0x100008e8                FONT_3_5_1BPP_FontElement_uc_N_Data
 .data.FONT_3_5_1BPP_FontElement_uc_W_Data
                0x100008ed        0x5 ./eGFX/SRC/Fonts/FONT_3_5_1BPP.o
                0x100008ed                FONT_3_5_1BPP_FontElement_uc_W_Data
 *fill*         0x100008f2        0x2 
 .data.FONT_3_5_1BPP_FontElement_lc_t
                0x100008f4        0xc ./eGFX/SRC/Fonts/FONT_3_5_1BPP.o
                0x100008f4                FONT_3_5_1BPP_FontElement_lc_t
 .data.FONT_3_5_1BPP_FontElement_question_mark
                0x10000900        0xc ./eGFX/SRC/Fonts/FONT_3_5_1BPP.o
                0x10000900                FONT_3_5_1BPP_FontElement_question_mark
 .data.FONT_3_5_1BPP_FontElement_lc_v
                0x1000090c        0xc ./eGFX/SRC/Fonts/FONT_3_5_1BPP.o
                0x1000090c                FONT_3_5_1BPP_FontElement_lc_v
 .data.FONT_3_5_1BPP_FontElement_left_parenthesis_Data
                0x10000918        0x5 ./eGFX/SRC/Fonts/FONT_3_5_1BPP.o
                0x10000918                FONT_3_5_1BPP_FontElement_left_parenthesis_Data
 .data.FONT_3_5_1BPP_FontElement_lc_c_Data
                0x1000091d        0x5 ./eGFX/SRC/Fonts/FONT_3_5_1BPP.o
                0x1000091d                FONT_3_5_1BPP_FontElement_lc_c_Data
 .data.FONT_3_5_1BPP_FontElement_lc_l_Data
                0x10000922        0x5 ./eGFX/SRC/Fonts/FONT_3_5_1BPP.o
                0x10000922                FONT_3_5_1BPP_FontElement_lc_l_Data
 *fill*         0x10000927        0x1 
 .data.FONT_3_5_1BPP_FontElement_comma
                0x10000928        0xc ./eGFX/SRC/Fonts/FONT_3_5_1BPP.o
                0x10000928                FONT_3_5_1BPP_FontElement_comma
 .data.FONT_3_5_1BPP_FontElement_lc_u_Data
                0x10000934        0x5 ./eGFX/SRC/Fonts/FONT_3_5_1BPP.o
                0x10000934                FONT_3_5_1BPP_FontElement_lc_u_Data
 .data.FONT_3_5_1BPP_FontElement_right_curly_brace_Data
                0x10000939        0x5 ./eGFX/SRC/Fonts/FONT_3_5_1BPP.o
                0x10000939                FONT_3_5_1BPP_FontElement_right_curly_brace_Data
 .data.FONT_3_5_1BPP_FontElement_lc_g_Data
                0x1000093e        0x5 ./eGFX/SRC/Fonts/FONT_3_5_1BPP.o
                0x1000093e                FONT_3_5_1BPP_FontElement_lc_g_Data
 *fill*         0x10000943        0x1 
 .data.FONT_3_5_1BPP_FontElement_underscore
                0x10000944        0xc ./eGFX/SRC/Fonts/FONT_3_5_1BPP.o
                0x10000944                FONT_3_5_1BPP_FontElement_underscore
 .data.FONT_3_5_1BPP_FontElement_plus_Data
                0x10000950        0x5 ./eGFX/SRC/Fonts/FONT_3_5_1BPP.o
                0x10000950                FONT_3_5_1BPP_FontElement_plus_Data
 .data.FONT_3_5_1BPP_FontElement_lc_o_Data
                0x10000955        0x5 ./eGFX/SRC/Fonts/FONT_3_5_1BPP.o
                0x10000955                FONT_3_5_1BPP_FontElement_lc_o_Data
 .data.FONT_3_5_1BPP_FontElement_vertical_bar_Data
                0x1000095a        0x5 ./eGFX/SRC/Fonts/FONT_3_5_1BPP.o
                0x1000095a                FONT_3_5_1BPP_FontElement_vertical_bar_Data
 .data.FONT_3_5_1BPP_FontElement_left_bracket_Data
                0x1000095f        0x5 ./eGFX/SRC/Fonts/FONT_3_5_1BPP.o
                0x1000095f                FONT_3_5_1BPP_FontElement_left_bracket_Data
 .data.FONT_3_5_1BPP_FontElement_lc_e_Data
                0x10000964        0x5 ./eGFX/SRC/Fonts/FONT_3_5_1BPP.o
                0x10000964                FONT_3_5_1BPP_FontElement_lc_e_Data
 .data.FONT_3_5_1BPP_FontElement_4_Data
                0x10000969        0x5 ./eGFX/SRC/Fonts/FONT_3_5_1BPP.o
                0x10000969                FONT_3_5_1BPP_FontElement_4_Data
 .data.FONT_3_5_1BPP_FontElement_uc_F_Data
                0x1000096e        0x5 ./eGFX/SRC/Fonts/FONT_3_5_1BPP.o
                0x1000096e                FONT_3_5_1BPP_FontElement_uc_F_Data
 .data.FONT_3_5_1BPP_FontElement_uc_O_Data
                0x10000973        0x5 ./eGFX/SRC/Fonts/FONT_3_5_1BPP.o
                0x10000973                FONT_3_5_1BPP_FontElement_uc_O_Data
 .data.FONT_3_5_1BPP_FontElement_uc_X_Data
                0x10000978        0x5 ./eGFX/SRC/Fonts/FONT_3_5_1BPP.o
                0x10000978                FONT_3_5_1BPP_FontElement_uc_X_Data
 .data.FONT_3_5_1BPP_FontElement_pound_Data
                0x1000097d        0x5 ./eGFX/SRC/Fonts/FONT_3_5_1BPP.o
                0x1000097d                FONT_3_5_1BPP_FontElement_pound_Data
 *fill*         0x10000982        0x2 
 .data.FONT_3_5_1BPP_FontElement_backslash
                0x10000984        0xc ./eGFX/SRC/Fonts/FONT_3_5_1BPP.o
                0x10000984                FONT_3_5_1BPP_FontElement_backslash
                0x10000990                . = ALIGN (0x4)
                0x10000990                _edata = .

.igot.plt       0x10000990        0x0 load address 0x00006ca8
 .igot.plt      0x00000000        0x0 ./src/MoonLander-i2c.o

.bss            0x10000990      0x630 load address 0x00006ca8
                0x10000990                _bss = .
 *(.bss*)
 .bss.i2cmXferRec
                0x10000990       0x10 ./src/MoonLander-i2c.o
 .bss.g_millis_counter
                0x100009a0        0x4 ./src/uCorder.o
 .bss.g_left_display
                0x100009a4        0x1 ./src/uCorder.o
 *fill*         0x100009a5        0x3 
 .bss.g_compass
                0x100009a8        0x8 ./src/uCorder.o
 .bss.g_delayms_counter
                0x100009b0        0x4 ./src/uCorder.o
 .bss.g_HTU21D  0x100009b4        0x8 ./src/uCorder.o
 .bss.g_sw_right_debouncing
                0x100009bc        0x1 ./src/uCorder.o
 *fill*         0x100009bd        0x3 
 .bss.g_plot_mag
                0x100009c0       0xc4 ./src/uCorder.o
 .bss.g_range_raw
                0x10000a84        0x4 ./src/uCorder.o
 .bss.g_sw_right_debounce_counter
                0x10000a88        0x2 ./src/uCorder.o
 *fill*         0x10000a8a        0x2 
 .bss.g_HMC5883L
                0x10000a8c        0x8 ./src/uCorder.o
 .bss.g_go_to_sleep
                0x10000a94        0x1 ./src/uCorder.o
 *fill*         0x10000a95        0x3 
 .bss.g_plot_temp
                0x10000a98       0xc4 ./src/uCorder.o
 .bss.mag_z.7902
                0x10000b5c        0x4 ./src/uCorder.o
 .bss.mag_y.7901
                0x10000b60        0x4 ./src/uCorder.o
 .bss.g_C12832A
                0x10000b64        0x8 ./src/uCorder.o
 .bss.mag_x.7900
                0x10000b6c        0x4 ./src/uCorder.o
 .bss.g_plot_rh
                0x10000b70       0xc4 ./src/uCorder.o
 .bss.g_sw_left_debouncing
                0x10000c34        0x1 ./src/uCorder.o
 .bss.g_adc_sample_ready
                0x10000c35        0x1 ./src/uCorder.o
 .bss.g_sw_left_debounce_counter
                0x10000c36        0x2 ./src/uCorder.o
 .bss.sample_counter_temp.7897
                0x10000c38        0x4 ./src/uCorder.o
 .bss.FONT_3_5_1BPP_FontElement_precent_sign_Data
                0x10000c3c        0x5 ./eGFX/SRC/Fonts/FONT_3_5_1BPP.o
                0x10000c3c                FONT_3_5_1BPP_FontElement_precent_sign_Data
 .bss.FONT_3_5_1BPP_FontElement_equals_Data
                0x10000c41        0x5 ./eGFX/SRC/Fonts/FONT_3_5_1BPP.o
                0x10000c41                FONT_3_5_1BPP_FontElement_equals_Data
 .bss.FONT_3_5_1BPP_FontElement_space_Data
                0x10000c46        0x5 ./eGFX/SRC/Fonts/FONT_3_5_1BPP.o
                0x10000c46                FONT_3_5_1BPP_FontElement_space_Data
 .bss.FONT_3_5_1BPP_FontElement_ampersand_Data
                0x10000c4b        0x5 ./eGFX/SRC/Fonts/FONT_3_5_1BPP.o
                0x10000c4b                FONT_3_5_1BPP_FontElement_ampersand_Data
 .bss.FONT_3_5_1BPP_FontElement_delete_Data
                0x10000c50        0x5 ./eGFX/SRC/Fonts/FONT_3_5_1BPP.o
                0x10000c50                FONT_3_5_1BPP_FontElement_delete_Data
 *fill*         0x10000c55        0x3 
 .bss.errno     0x10000c58        0x4 /usr/local/lpcxpresso_8.0.0_526/lpcxpresso/tools/bin/../lib/gcc/arm-none-eabi/4.9.3/../../../../arm-none-eabi/lib/armv6-m/libcr_c.a(errno.o)
                0x10000c58                errno
 *(COMMON)
 COMMON         0x10000c5c        0x8 ./src/cr_startup_lpc82x.o
                0x10000c5c                pDivRom_uidiv
                0x10000c60                pDivRom_idiv
 COMMON         0x10000c64      0x20c ./src/eGFX_Driver_C12832A_LPC824.o
                0x10000c64                BackBufferStore
                0x10000e64                eGFX_BackBuffer
 COMMON         0x10000e70        0x4 /storage_b/Dropbox/NXPWorkspace/lpc_chip_82x/Debug/liblpc_chip_82x.a(chip_8xx.o)
                0x10000e70                SystemCoreClock
 COMMON         0x10000e74        0x4 /usr/local/lpcxpresso_8.0.0_526/lpcxpresso/tools/bin/../lib/gcc/arm-none-eabi/4.9.3/../../../../arm-none-eabi/lib/armv6-m/libcr_c.a(initio.o)
                0x10000e74                _extra
 COMMON         0x10000e78      0x140 /usr/local/lpcxpresso_8.0.0_526/lpcxpresso/tools/bin/../lib/gcc/arm-none-eabi/4.9.3/../../../../arm-none-eabi/lib/armv6-m/libcr_c.a(stdio.o)
                0x10000e78                __Ciob
 COMMON         0x10000fb8        0x8 /usr/local/lpcxpresso_8.0.0_526/lpcxpresso/tools/bin/../lib/gcc/arm-none-eabi/4.9.3/../../../../arm-none-eabi/lib/armv6-m/libcr_c.a(__init_alloc.o)
                0x10000fb8                __heaps
                0x10000fbc                __end_of_heap
                0x10000fc0                . = ALIGN (0x4)
                0x10000fc0                _ebss = .
                0x10000fc0                PROVIDE (end, .)

.noinit         0x10000fc0        0x0 load address 0x00006ca8
                0x10000fc0                _noinit = .
 *(.noinit*)
                0x10000fc0                . = ALIGN (0x4)
                0x10000fc0                _end_noinit = .
                0x10000fc0                PROVIDE (_pvHeapStart, DEFINED (__user_heap_base)?__user_heap_base:.)
                0x10002000                PROVIDE (_vStackTop, DEFINED (__user_stack_top)?__user_stack_top:(__top_RamLoc8 - 0x0))
                0xefffdd51                PROVIDE (__valid_user_code_checksum, (0x0 - (((_vStackTop + (ResetISR + 0x1)) + (DEFINED (NMI_Handler)?NMI_Handler:M0_NMI_Handler + 0x1)) + (DEFINED (HardFault_Handler)?HardFault_Handler:M0_HardFault_Handler + 0x1))))
OUTPUT(uCorder.axf elf32-littlearm)

.debug_info     0x00000000    0x119c9
 .debug_info    0x00000000      0x641 ./src/MoonLander-i2c.o
 .debug_info    0x00000641       0x6e ./src/aeabi_romdiv_patch.o
 .debug_info    0x000006af      0x26b ./src/cr_startup_lpc82x.o
 .debug_info    0x0000091a       0x3f ./src/crp.o
 .debug_info    0x00000959     0x100e ./src/eGFX_Driver_C12832A_LPC824.o
 .debug_info    0x00001967      0x754 ./src/hmc5883l.o
 .debug_info    0x000020bb      0x3c7 ./src/htu21d.o
 .debug_info    0x00002482       0x51 ./src/mtb.o
 .debug_info    0x000024d3      0xecc ./src/sysinit.o
 .debug_info    0x0000339f      0x71d ./src/uCorder-compass.o
 .debug_info    0x00003abc      0x8f5 ./src/uCorder-plotter.o
 .debug_info    0x000043b1     0x2bcf ./src/uCorder.o
 .debug_info    0x00006f80      0xee8 ./eGFX/SRC/Fonts/FONT_3_5_1BPP.o
 .debug_info    0x00007e68     0x4f59 ./eGFX/SRC/eGFX.o
 .debug_info    0x0000cdc1      0x6b7 /storage_b/Dropbox/NXPWorkspace/lpc_chip_82x/Debug/liblpc_chip_82x.a(adc_8xx.o)
 .debug_info    0x0000d478      0x1c3 /storage_b/Dropbox/NXPWorkspace/lpc_chip_82x/Debug/liblpc_chip_82x.a(chip_8xx.o)
 .debug_info    0x0000d63b      0xb5f /storage_b/Dropbox/NXPWorkspace/lpc_chip_82x/Debug/liblpc_chip_82x.a(clock_8xx.o)
 .debug_info    0x0000e19a      0x65c /storage_b/Dropbox/NXPWorkspace/lpc_chip_82x/Debug/liblpc_chip_82x.a(gpio_8xx.o)
 .debug_info    0x0000e7f6      0x7a4 /storage_b/Dropbox/NXPWorkspace/lpc_chip_82x/Debug/liblpc_chip_82x.a(i2c_common_8xx.o)
 .debug_info    0x0000ef9a      0x525 /storage_b/Dropbox/NXPWorkspace/lpc_chip_82x/Debug/liblpc_chip_82x.a(i2cm_8xx.o)
 .debug_info    0x0000f4bf      0x68c /storage_b/Dropbox/NXPWorkspace/lpc_chip_82x/Debug/liblpc_chip_82x.a(iocon_8xx.o)
 .debug_info    0x0000fb4b      0x2df /storage_b/Dropbox/NXPWorkspace/lpc_chip_82x/Debug/liblpc_chip_82x.a(pmu_8xx.o)
 .debug_info    0x0000fe2a      0x662 /storage_b/Dropbox/NXPWorkspace/lpc_chip_82x/Debug/liblpc_chip_82x.a(spi_8xx.o)
 .debug_info    0x0001048c      0x6fc /storage_b/Dropbox/NXPWorkspace/lpc_chip_82x/Debug/liblpc_chip_82x.a(spim_8xx.o)
 .debug_info    0x00010b88      0x404 /storage_b/Dropbox/NXPWorkspace/lpc_chip_82x/Debug/liblpc_chip_82x.a(swm_8xx.o)
 .debug_info    0x00010f8c      0x48f /storage_b/Dropbox/NXPWorkspace/lpc_chip_82x/Debug/liblpc_chip_82x.a(syscon_8xx.o)
 .debug_info    0x0001141b      0x5ae /storage_b/Dropbox/NXPWorkspace/lpc_chip_82x/Debug/liblpc_chip_82x.a(sysinit_8xx.o)

.debug_abbrev   0x00000000     0x2a83
 .debug_abbrev  0x00000000      0x1bf ./src/MoonLander-i2c.o
 .debug_abbrev  0x000001bf       0x12 ./src/aeabi_romdiv_patch.o
 .debug_abbrev  0x000001d1      0x111 ./src/cr_startup_lpc82x.o
 .debug_abbrev  0x000002e2       0x36 ./src/crp.o
 .debug_abbrev  0x00000318      0x2c2 ./src/eGFX_Driver_C12832A_LPC824.o
 .debug_abbrev  0x000005da      0x1f7 ./src/hmc5883l.o
 .debug_abbrev  0x000007d1      0x16f ./src/htu21d.o
 .debug_abbrev  0x00000940       0x41 ./src/mtb.o
 .debug_abbrev  0x00000981      0x202 ./src/sysinit.o
 .debug_abbrev  0x00000b83      0x1e7 ./src/uCorder-compass.o
 .debug_abbrev  0x00000d6a      0x1ce ./src/uCorder-plotter.o
 .debug_abbrev  0x00000f38      0x497 ./src/uCorder.o